1********************DWUCK4 AT YOUR SERVICE********************

 installed         Mon May 21 11:05:50 1990                
 today is          Wed Jan 21 22:35:18 2026




















                    *******************************************************
                    *                                                     *
                    * User     : calemhoffman                             *
                    * Directory: <- /Users/calemhoffman/Documents/GitHub/ *
                    * Input    : Standard Input                           *
                    * Output   : Standard Output                          *
                    *                                                     *
                    *******************************************************
1
0DWUCK4-DISTORTED WAVES U.COLORADO- PC-VERSION  12/Jan /1995
 Elapsed time in seconds =   0.00
 Elapsed time in seconds =   0.00
0CONTROL INTEGERS
  1 2 3 4 5 6 7 8 9 A B C D E F G H I J K    RUN IDENTIFICATION                                             0/00/00   0.00.00
  1 0 0 1 0 0 0 0 0 0 2 0 0 0 0 0 0 0 0 0    36S(d,p)@ 16MeV    0 keV  0f7/2 bound AK                    
 36S(d,p)@ 16MeV    0 keV  0f7/2 bound AK                    
 Adwck4 entered
0ANGLE DATA          THETN=  90.0000   THET1=   0.0000   DTHET=   1.0000   A-ANG=   0.0000   B-ANG=   0.0000
0CARD SET 3 DATA     LMAX =  30          LTR=   3
                     NLTR =   1        2*JTR=   7
0CARD SET 4 DATA     DRF  =   0.1000   RZ   =   0.0000   RMAX =  50.0000   VCE  =   0.0000   FNRNG=   0.0000
 PARTICLE DATA 
0PARTICLE 1*******************************************************************************************************************
 INPUT DATA          ELAB =  16.0000   RC0  =   1.3030   AC   =   0.0000   2*STR=   2.0000
                     MASSP=   2.0000   MASST=  36.0000   Q    =   0.0000
                     ZP   =   1.0000   ZT   =  16.0000   PNLOC=   0.0000
 
 DERIVED DATA        ECM  =  15.1579   RC   =   4.3024   RHO  =   5.0434
                     K    =   1.1722   ETA  =   0.8909   DR   =   0.1000
0POTENTIAL PARAMETERS
 NX=1 VOLUME  W-S    V RL = -91.0070   R0RL =   1.1500   A RL =   0.7610   R RL =   3.7972   VSOR =   0.0000
                     V IM =  -2.0990   R0IM =   1.3350   A IM =   0.5250   R IM =   4.4081   VSOI =   0.0000   POWR =   0.0000
 NX=2 SURFACE W-S    V RL =   0.0000   R0RL =   0.0000   A RL =   0.0000   R RL =   0.0000   VSOR =   0.0000
                     V IM =  30.4410   R0IM =   1.3800   A IM =   0.7360   R IM =   4.5567   VSOI =   0.0000   POWR =   0.0000
 NX=4 L*S VOLUME     V RL = -14.2280   R0RL =   0.9720   A RL =   1.0110   R RL =   3.2095   VSOR =   0.0000
                     V IM =   0.0000   R0IM =   0.0000   A IM =   0.0000   R IM =   0.0000   VSOI =   0.0000   POWR =   0.0000
0PARTICLE 2*******************************************************************************************************************
 INPUT DATA          ELAB =  17.7028   RC0  =   1.2920   AC   =   0.0000   2*STR=   1.0000
                     MASSP=   1.0000   MASST=  37.0000   Q    =   2.0790
                     ZP   =   1.0000   ZT   =  16.0000   PNLOC=   0.0000
 
 DERIVED DATA        ECM  =  17.2369   RC   =   4.3052   RHO  =   3.8579
                     K    =   0.8961   ETA  =   0.5989   DR   =   0.0973
0POTENTIAL PARAMETERS
 NX=1 VOLUME  W-S    V RL = -52.9680   R0RL =   1.1820   A RL =   0.6720   R RL =   3.9387   VSOR =   0.0000
                     V IM =  -1.5530   R0IM =   1.1820   A IM =   0.6720   R IM =   3.9387   VSOI =   0.0000   POWR =   0.0000
 NX=2 SURFACE W-S    V RL =   0.0000   R0RL =   0.0000   A RL =   0.0000   R RL =   0.0000   VSOR =   0.0000
                     V IM =  18.5480   R0IM =   1.2900   A IM =   0.5380   R IM =   4.2986   VSOI =   0.0000   POWR =   0.0000
 NX=4 L*S VOLUME     V RL = -21.7520   R0RL =   0.9910   A RL =   0.5900   R RL =   3.3022   VSOR =   0.0000
                     V IM =   0.3200   R0IM =   0.9910   A IM =   0.5900   R IM =   3.3022   VSOI =   0.0000   POWR =   0.0000
136S(d,p)@ 16MeV    0 keV  0f7/2 bound AK                       0/ 0/ 0
0FORM FACTOR DATA 
0PARTICLE 3*******************************************************************************************************************
 INPUT DATA          ELAB =  -4.3040   RC0  =   1.3000   AC   =   0.0000   2*STR=   1.0000
                     MASSP=   1.0000   MASST=  36.0000   Q    =  -4.3040
                     ZP   =   0.0000   ZT   =  16.0000   PNLOC=   0.0000
 
 DERIVED DATA        ECM  =  -4.3040   RC   =   4.2925   RHO  =   1.9214
                     K    =   0.4476   ETA  =   0.0000   DR   =   0.1000
0POTENTIAL PARAMETERS
 NX=1 VOLUME  W-S    V RL =  -1.0000   R0RL =   1.2500   A RL =   0.6500   R RL =   4.1274   VSOR =  36.4390
                     V IM =   1.1000   R0IM =   0.6500   A IM =   0.0000   R IM =   2.1463   VSOI =   0.0000   POWR =   0.0000
 
                     NODES=   0.0000   L    =   3.0000   2*J  =   7.0000   2*S  =   1.0000   FISW =   0.0000
 
                     V    =  47.7006   DET  =   0.0000   NODES=   0.0000   RM   =   4.8500   E    =  -4.3040   ITER.=   4
0                    LMAX =  30        NSTEP= 400        NLTR =   1
 Bdwck4 entered
   Subroutine INTEG  entered
0REACSIG 1   1.39763E+02                                             REACSIG 2   8.43728E+01
   Subroutine RADINT entered
136S(d,p)@ 16MeV    0 keV  0f7/2 bound AK                       0/00/00
0BASIC DATA          DR   =   0.1000   RMIN =   0.0000   RMAX =  40.0000   COUEX=   0.0000     IS1=   1.0000
                     FNRNG=   0.0000   PNLC1=   0.0000   PNLC2=   0.0000   PNLC3=   0.0000     IS2=   0.5000
 ANG MOM TRANSFER    LTR  =   3.       2*JTR=   7.       2*STR=   1.       Q    =   2.0790
   Subroutine INSIG  entered
0 Theta Inelsig,fm**2      Polz       Asy       Ayy       A22       A21       A20       T22       T21       T20  Theta
   0.00    2.2506E-01    0.0000    0.0000    0.0565    0.0000    0.0000   -0.0792    0.0000    0.0000    0.0000   0.00
   1.00    2.2868E-01    0.0207    0.0527    0.0533    0.0010   -0.0014   -0.0772    0.0000    0.0000    0.0000   1.00
   2.00    2.3952E-01    0.0386    0.0994    0.0443    0.0039   -0.0026   -0.0716    0.0000    0.0000    0.0000   2.00
   3.00    2.5749E-01    0.0519    0.1357    0.0313    0.0080   -0.0035   -0.0633    0.0000    0.0000    0.0000   3.00
   4.00    2.8244E-01    0.0599    0.1602    0.0164    0.0127   -0.0041   -0.0537    0.0000    0.0000    0.0000   4.00
   5.00    3.1415E-01    0.0628    0.1734    0.0016    0.0173   -0.0043   -0.0439    0.0000    0.0000    0.0000   5.00
   6.00    3.5238E-01    0.0616    0.1773   -0.0120    0.0213   -0.0043   -0.0347    0.0000    0.0000    0.0000   6.00
   7.00    3.9682E-01    0.0575    0.1743   -0.0234    0.0246   -0.0041   -0.0264    0.0000    0.0000    0.0000   7.00
   8.00    4.4709E-01    0.0514    0.1667   -0.0325    0.0269   -0.0037   -0.0195    0.0000    0.0000    0.0000   8.00
   9.00    5.0277E-01    0.0442    0.1565   -0.0392    0.0285   -0.0032   -0.0137    0.0000    0.0000    0.0000   9.00
  10.00    5.6339E-01    0.0367    0.1449   -0.0436    0.0292   -0.0027   -0.0091    0.0000    0.0000    0.0000  10.00
  11.00    6.2838E-01    0.0292    0.1331   -0.0462    0.0292   -0.0022   -0.0056    0.0000    0.0000    0.0000  11.00
  12.00    6.9711E-01    0.0221    0.1217   -0.0470    0.0286   -0.0016   -0.0029    0.0000    0.0000    0.0000  12.00
  13.00    7.6886E-01    0.0157    0.1113   -0.0465    0.0275   -0.0010   -0.0011    0.0000    0.0000    0.0000  13.00
  14.00    8.4283E-01    0.0100    0.1021   -0.0448    0.0260   -0.0005    0.0001    0.0000    0.0000    0.0000  14.00
  15.00    9.1810E-01    0.0052    0.0943   -0.0422    0.0243    0.0001    0.0008    0.0000    0.0000    0.0000  15.00
  16.00    9.9369E-01    0.0012    0.0879   -0.0388    0.0222    0.0006    0.0011    0.0000    0.0000    0.0000  16.00
  17.00    1.0685E+00   -0.0020    0.0830   -0.0349    0.0200    0.0011    0.0009    0.0000    0.0000    0.0000  17.00
  18.00    1.1416E+00   -0.0044    0.0794   -0.0305    0.0176    0.0016    0.0005    0.0000    0.0000    0.0000  18.00
  19.00    1.2116E+00   -0.0060    0.0771   -0.0258    0.0152    0.0020   -0.0002    0.0000    0.0000    0.0000  19.00
  20.00    1.2774E+00   -0.0070    0.0760   -0.0208    0.0127    0.0025   -0.0010    0.0000    0.0000    0.0000  20.00
  21.00    1.3380E+00   -0.0073    0.0759   -0.0157    0.0102    0.0029   -0.0021    0.0000    0.0000    0.0000  21.00
  22.00    1.3923E+00   -0.0071    0.0769   -0.0105    0.0076    0.0033   -0.0032    0.0000    0.0000    0.0000  22.00
  23.00    1.4393E+00   -0.0064    0.0787   -0.0052    0.0051    0.0037   -0.0045    0.0000    0.0000    0.0000  23.00
  24.00    1.4781E+00   -0.0052    0.0813    0.0001    0.0026    0.0041   -0.0058    0.0000    0.0000    0.0000  24.00
  25.00    1.5082E+00   -0.0036    0.0846    0.0054    0.0001    0.0044   -0.0073    0.0000    0.0000    0.0000  25.00
  26.00    1.5289E+00   -0.0017    0.0885    0.0107   -0.0024    0.0048   -0.0088    0.0000    0.0000    0.0000  26.00
  27.00    1.5399E+00    0.0005    0.0929    0.0161   -0.0048    0.0052   -0.0104    0.0000    0.0000    0.0000  27.00
  28.00    1.5411E+00    0.0030    0.0978    0.0214   -0.0072    0.0055   -0.0120    0.0000    0.0000    0.0000  28.00
  29.00    1.5327E+00    0.0058    0.1032    0.0267   -0.0096    0.0059   -0.0137    0.0000    0.0000    0.0000  29.00
  30.00    1.5148E+00    0.0087    0.1089    0.0320   -0.0119    0.0062   -0.0155    0.0000    0.0000    0.0000  30.00
  31.00    1.4879E+00    0.0119    0.1149    0.0374   -0.0142    0.0065   -0.0173    0.0000    0.0000    0.0000  31.00
  32.00    1.4528E+00    0.0153    0.1213    0.0427   -0.0166    0.0068   -0.0192    0.0000    0.0000    0.0000  32.00
  33.00    1.4100E+00    0.0188    0.1279    0.0481   -0.0189    0.0072   -0.0212    0.0000    0.0000    0.0000  33.00
  34.00    1.3607E+00    0.0226    0.1348    0.0535   -0.0212    0.0075   -0.0232    0.0000    0.0000    0.0000  34.00
  35.00    1.3057E+00    0.0265    0.1420    0.0589   -0.0234    0.0078   -0.0253    0.0000    0.0000    0.0000  35.00
  36.00    1.2461E+00    0.0306    0.1494    0.0644   -0.0257    0.0081   -0.0275    0.0000    0.0000    0.0000  36.00
  37.00    1.1830E+00    0.0348    0.1570    0.0699   -0.0279    0.0084   -0.0298    0.0000    0.0000    0.0000  37.00
  38.00    1.1175E+00    0.0393    0.1649    0.0754   -0.0302    0.0086   -0.0321    0.0000    0.0000    0.0000  38.00
  39.00    1.0507E+00    0.0439    0.1730    0.0809   -0.0324    0.0089   -0.0345    0.0000    0.0000    0.0000  39.00
  40.00    9.8354E-01    0.0486    0.1812    0.0864   -0.0345    0.0092   -0.0370    0.0000    0.0000    0.0000  40.00
  41.00    9.1703E-01    0.0535    0.1896    0.0919   -0.0367    0.0094   -0.0395    0.0000    0.0000    0.0000  41.00
  42.00    8.5202E-01    0.0586    0.1982    0.0972   -0.0387    0.0096   -0.0420    0.0000    0.0000    0.0000  42.00
  43.00    7.8926E-01    0.0638    0.2068    0.1024   -0.0407    0.0097   -0.0445    0.0000    0.0000    0.0000  43.00
  44.00    7.2941E-01    0.0691    0.2155    0.1074   -0.0426    0.0098   -0.0470    0.0000    0.0000    0.0000  44.00
  45.00    6.7298E-01    0.0744    0.2241    0.1121   -0.0443    0.0099   -0.0494    0.0000    0.0000    0.0000  45.00
  46.00    6.2039E-01    0.0796    0.2325    0.1165   -0.0459    0.0099   -0.0517    0.0000    0.0000    0.0000  46.00
  47.00    5.7192E-01    0.0847    0.2406    0.1203   -0.0473    0.0098   -0.0537    0.0000    0.0000    0.0000  47.00
  48.00    5.2776E-01    0.0895    0.2482    0.1236   -0.0485    0.0097   -0.0555    0.0000    0.0000    0.0000  48.00
  49.00    4.8798E-01    0.0939    0.2551    0.1263   -0.0494    0.0095   -0.0569    0.0000    0.0000    0.0000  49.00
  50.00    4.5254E-01    0.0978    0.2611    0.1283   -0.0501    0.0092   -0.0579    0.0000    0.0000    0.0000  50.00
  51.00    4.2135E-01    0.1009    0.2661    0.1295   -0.0506    0.0088   -0.0585    0.0000    0.0000    0.0000  51.00
  52.00    3.9422E-01    0.1033    0.2699    0.1301   -0.0509    0.0084   -0.0586    0.0000    0.0000    0.0000  52.00
  53.00    3.7091E-01    0.1046    0.2722    0.1300   -0.0510    0.0079   -0.0582    0.0000    0.0000    0.0000  53.00
  54.00    3.5114E-01    0.1049    0.2731    0.1294   -0.0511    0.0073   -0.0573    0.0000    0.0000    0.0000  54.00
  55.00    3.3459E-01    0.1042    0.2726    0.1285   -0.0511    0.0068   -0.0560    0.0000    0.0000    0.0000  55.00
  56.00    3.2092E-01    0.1024    0.2707    0.1274   -0.0511    0.0062   -0.0543    0.0000    0.0000    0.0000  56.00
  57.00    3.0979E-01    0.0997    0.2677    0.1264   -0.0513    0.0057   -0.0525    0.0000    0.0000    0.0000  57.00
  58.00    3.0085E-01    0.0962    0.2636    0.1257   -0.0517    0.0053   -0.0505    0.0000    0.0000    0.0000  58.00
  59.00    2.9376E-01    0.0920    0.2588    0.1254   -0.0523    0.0049   -0.0485    0.0000    0.0000    0.0000  59.00
  60.00    2.8822E-01    0.0874    0.2535    0.1257   -0.0533    0.0046   -0.0467    0.0000    0.0000    0.0000  60.00
  61.00    2.8391E-01    0.0826    0.2479    0.1267   -0.0545    0.0045   -0.0450    0.0000    0.0000    0.0000  61.00
  62.00    2.8057E-01    0.0776    0.2424    0.1284   -0.0560    0.0044   -0.0436    0.0000    0.0000    0.0000  62.00
  63.00    2.7796E-01    0.0726    0.2370    0.1307   -0.0579    0.0045   -0.0425    0.0000    0.0000    0.0000  63.00
  64.00    2.7588E-01    0.0678    0.2320    0.1337   -0.0599    0.0047   -0.0417    0.0000    0.0000    0.0000  64.00
  65.00    2.7415E-01    0.0633    0.2275    0.1373   -0.0622    0.0050   -0.0412    0.0000    0.0000    0.0000  65.00
  66.00    2.7262E-01    0.0592    0.2236    0.1413   -0.0646    0.0054   -0.0410    0.0000    0.0000    0.0000  66.00
  67.00    2.7118E-01    0.0554    0.2203    0.1455   -0.0670    0.0060   -0.0411    0.0000    0.0000    0.0000  67.00
  68.00    2.6973E-01    0.0521    0.2178    0.1499   -0.0694    0.0066   -0.0413    0.0000    0.0000    0.0000  68.00
  69.00    2.6822E-01    0.0492    0.2161    0.1542   -0.0718    0.0073   -0.0417    0.0000    0.0000    0.0000  69.00
  70.00    2.6659E-01    0.0468    0.2152    0.1583   -0.0740    0.0081   -0.0421    0.0000    0.0000    0.0000  70.00
  71.00    2.6483E-01    0.0450    0.2151    0.1620   -0.0759    0.0090   -0.0426    0.0000    0.0000    0.0000  71.00
  72.00    2.6293E-01    0.0436    0.2158    0.1650   -0.0775    0.0099   -0.0430    0.0000    0.0000    0.0000  72.00
  73.00    2.6087E-01    0.0426    0.2172    0.1672   -0.0786    0.0109   -0.0432    0.0000    0.0000    0.0000  73.00
  74.00    2.5868E-01    0.0422    0.2195    0.1684   -0.0793    0.0119   -0.0432    0.0000    0.0000    0.0000  74.00
  75.00    2.5636E-01    0.0421    0.2225    0.1685   -0.0795    0.0130   -0.0430    0.0000    0.0000    0.0000  75.00
  76.00    2.5394E-01    0.0424    0.2262    0.1672   -0.0790    0.0140   -0.0423    0.0000    0.0000    0.0000  76.00
  77.00    2.5144E-01    0.0430    0.2305    0.1645   -0.0779    0.0150   -0.0413    0.0000    0.0000    0.0000  77.00
  78.00    2.4887E-01    0.0439    0.2354    0.1603   -0.0760    0.0160   -0.0398    0.0000    0.0000    0.0000  78.00
  79.00    2.4624E-01    0.0449    0.2408    0.1544   -0.0734    0.0170   -0.0378    0.0000    0.0000    0.0000  79.00
  80.00    2.4359E-01    0.0461    0.2465    0.1469   -0.0701    0.0179   -0.0353    0.0000    0.0000    0.0000  80.00
  81.00    2.4091E-01    0.0472    0.2526    0.1377   -0.0661    0.0187   -0.0322    0.0000    0.0000    0.0000  81.00
  82.00    2.3823E-01    0.0483    0.2587    0.1268   -0.0613    0.0195   -0.0286    0.0000    0.0000    0.0000  82.00
  83.00    2.3553E-01    0.0493    0.2649    0.1144   -0.0558    0.0201   -0.0244    0.0000    0.0000    0.0000  83.00
  84.00    2.3283E-01    0.0500    0.2711    0.1005   -0.0497    0.0206   -0.0197    0.0000    0.0000    0.0000  84.00
  85.00    2.3013E-01    0.0504    0.2770    0.0852   -0.0431    0.0210   -0.0145    0.0000    0.0000    0.0000  85.00
  86.00    2.2743E-01    0.0503    0.2825    0.0689   -0.0359    0.0213   -0.0088    0.0000    0.0000    0.0000  86.00
  87.00    2.2472E-01    0.0498    0.2877    0.0515   -0.0283    0.0215   -0.0028    0.0000    0.0000    0.0000  87.00
  88.00    2.2199E-01    0.0487    0.2922    0.0334   -0.0205    0.0215    0.0035    0.0000    0.0000    0.0000  88.00
  89.00    2.1926E-01    0.0469    0.2961    0.0148   -0.0124    0.0214    0.0101    0.0000    0.0000    0.0000  89.00
0Tot-sig   4.6177E+00
1DWUCK4-DISTORTED WAVES U.COLORADO- PC-VERSION  12/Jan /1995
 Elapsed time in seconds =   0.00
 Elapsed time in seconds =   0.00
0CONTROL INTEGERS
  1 2 3 4 5 6 7 8 9 A B C D E F G H I J K    RUN IDENTIFICATION                                             0/00/00   0.00.00
  9 0 0 0 0 0 0 0 0 0 0 0 0 0 0 0 0 0 0 0    END OF DATA for DWUCK4                                      
STOP  End of data
