1********************DWUCK4 AT YOUR SERVICE********************

 installed         Mon May 21 11:05:50 1990                
 today is          Thu Feb 26 14:33:14 2026




















                    *******************************************************
                    *                                                     *
                    * User     : calemhoffman                             *
                    * Directory: <- /Users/calemhoffman/Documents/GitHub/ *
                    * Input    : Standard Input                           *
                    * Output   : Standard Output                          *
                    *                                                     *
                    *******************************************************
1
0DWUCK4-DISTORTED WAVES U.COLORADO- PC-VERSION  12/Jan /1995
 Elapsed time in seconds =   0.00
 Elapsed time in seconds =   0.00
0CONTROL INTEGERS
  1 2 3 4 5 6 7 8 9 A B C D E F G H I J K    RUN IDENTIFICATION                                             0/00/00   0.00.00
  1 0 0 1 0 0 0 0 0 0 2 0 0 0 0 0 0 0 0 0    10Be(d,p)11Be  17.4MeV  0 keV  0d5/2 bound QG               
 10Be(d,p)11Be  17.4MeV  0 keV  0d5/2 bound QG               
 Adwck4 entered
0ANGLE DATA          THETN=  61.0000   THET1=   0.0000   DTHET=   1.0000   A-ANG=   0.0000   B-ANG=   0.0000
0CARD SET 3 DATA     LMAX =  30          LTR=   2
                     NLTR =   1        2*JTR=   5
0CARD SET 4 DATA     DRF  =   0.1000   RZ   =   0.0000   RMAX =  50.0000   VCE  =   0.0000   FNRNG=   0.0000
 PARTICLE DATA 
0PARTICLE 1*******************************************************************************************************************
 INPUT DATA          ELAB =  17.4000   RC0  =   1.1500   AC   =   0.0000   2*STR=   0.0000
                     MASSP=   2.0000   MASST=  10.0000   Q    =   0.0000
                     ZP   =   1.0000   ZT   =   4.0000   PNLOC=   2.0000
 
 DERIVED DATA        ECM  =  14.5000   RC   =   2.4776   RHO  =   2.6641
                     K    =   1.0753   ETA  =   0.2136   DR   =   0.1000
0POTENTIAL PARAMETERS
 NX=1 VOLUME  W-S    V RL = -80.8850   R0RL =   1.1500   A RL =   0.8100   R RL =   2.4776   VSOR =   0.0000
                     V IM =   0.0000   R0IM =   0.0000   A IM =   0.0000   R IM =   0.0000   VSOI =   0.0000   POWR =   0.0000
 NX=2 SURFACE W-S    V RL =   0.0000   R0RL =   0.0000   A RL =   0.0000   R RL =   0.0000   VSOR =   0.0000
                     V IM =  50.5270   R0IM =   1.3400   A IM =   0.6800   R IM =   2.8869   VSOI =   0.0000   POWR =   0.0000
 NX=4 L*S VOLUME     V RL =   0.0000   R0RL =   0.0000   A RL =   0.0000   R RL =   0.0000   VSOR =   0.0000
                     V IM =   0.0000   R0IM =   0.0000   A IM =   0.0000   R IM =   0.0000   VSOI =   0.0000   POWR =   0.0000
0PARTICLE 2*******************************************************************************************************************
 INPUT DATA          ELAB =  13.9407   RC0  =   1.3000   AC   =   0.0000   2*STR=   0.0000
                     MASSP=   1.0000   MASST=  11.0000   Q    =  -1.7210
                     ZP   =   1.0000   ZT   =   4.0000   PNLOC=   1.0000
 
 DERIVED DATA        ECM  =  12.7790   RC   =   2.8912   RHO  =   2.1644
                     K    =   0.7486   ETA  =   0.1687   DR   =   0.0909
0POTENTIAL PARAMETERS
 NX=1 VOLUME  W-S    V RL = -56.8180   R0RL =   1.1700   A RL =   0.7500   R RL =   2.6021   VSOR =   0.0000
                     V IM =  -0.3570   R0IM =   1.3200   A IM =   0.7010   R IM =   2.9357   VSOI =   0.0000   POWR =   0.0000
 NX=2 SURFACE W-S    V RL =   0.0000   R0RL =   0.0000   A RL =   0.0000   R RL =   0.0000   VSOR =   0.0000
                     V IM =  32.2100   R0IM =   1.3200   A IM =   0.7010   R IM =   2.9357   VSOI =   0.0000   POWR =   0.0000
 NX=4 L*S VOLUME     V RL = -24.8000   R0RL =   1.1000   A RL =   0.7500   R RL =   2.4464   VSOR =   0.0000
                     V IM =   0.0000   R0IM =   0.0000   A IM =   0.0000   R IM =   0.0000   VSOI =   0.0000   POWR =   0.0000
110Be(d,p)11Be  17.4MeV  0 keV  0d5/2 bound QG                  0/ 0/ 0
0FORM FACTOR DATA 
0PARTICLE 3*******************************************************************************************************************
 INPUT DATA          ELAB =  -0.5040   RC0  =   1.3000   AC   =   0.0000   2*STR=   0.0000
                     MASSP=   1.0000   MASST=  10.0000   Q    =  -0.5040
                     ZP   =   0.0000   ZT   =   4.0000   PNLOC=   1.0000
 
 DERIVED DATA        ECM  =  -0.5040   RC   =   2.8008   RHO  =   0.4147
                     K    =   0.1481   ETA  =   0.0000   DR   =   0.1000
0POTENTIAL PARAMETERS
 NX=1 VOLUME  W-S    V RL =  -1.0000   R0RL =   1.2500   A RL =   0.6500   R RL =   2.6930   VSOR =   0.0000
                     V IM =   0.0000   R0IM =   0.0000   A IM =   0.0000   R IM =   0.0000   VSOI =   0.0000   POWR =   0.0000
 NX=4 L*S VOLUME     V RL =  -6.0000   R0RL =   1.1000   A RL =   0.6500   R RL =   2.3699   VSOR =   0.0000
                     V IM =   0.0000   R0IM =   0.0000   A IM =   0.0000   R IM =   0.0000   VSOI =   0.0000   POWR =   0.0000
 
                     NODES=   0.0000   L    =   2.0000   2*J  =   5.0000   2*S  =   1.0000   FISW =   0.0000
 
                     V    =  27.6972   DET  =  -0.0002   NODES=   0.0000   RM   =   3.8500   E    =  -0.5040   ITER.=   5
0Non-locality correction is applied, parameter =   2.000
0Non-locality correction is applied, parameter =   1.000
0                    LMAX =  30        NSTEP= 400        NLTR =   1
 Bdwck4 entered
   Subroutine INTEG  entered
0REACSIG 1   1.01878E+02                                             REACSIG 2   8.63327E+01
   Subroutine RADINT entered
110Be(d,p)11Be  17.4MeV  0 keV  0d5/2 bound QG                  0/00/00
0BASIC DATA          DR   =   0.1000   RMIN =   0.0000   RMAX =  40.0000   COUEX=   0.0000     IS1=   0.0000
                     FNRNG=   0.0000   PNLC1=   2.0000   PNLC2=   1.0000   PNLC3=   1.0000     IS2=   0.0000
 ANG MOM TRANSFER    LTR  =   2.       2*JTR=   4.       2*STR=   0.       Q    =  -1.7210
   Subroutine INSIG  entered
0 Theta Inelsig,fm**2      Polz       Asy       Ayy       A22       A21       A20       T22       T21       T20  Theta
   0.00    1.1333E+01    0.0000    0.0000    0.0000    0.0000    0.0000    0.0000    0.0000    0.0000    0.0000   0.00
   1.00    1.1320E+01    0.0000    0.0000    0.0000    0.0000    0.0000    0.0000    0.0000    0.0000    0.0000   1.00
   2.00    1.1283E+01    0.0000    0.0000    0.0000    0.0000    0.0000    0.0000    0.0000    0.0000    0.0000   2.00
   3.00    1.1222E+01    0.0000    0.0000    0.0000    0.0000    0.0000    0.0000    0.0000    0.0000    0.0000   3.00
   4.00    1.1136E+01    0.0000    0.0000    0.0000    0.0000    0.0000    0.0000    0.0000    0.0000    0.0000   4.00
   5.00    1.1026E+01    0.0000    0.0000    0.0000    0.0000    0.0000    0.0000    0.0000    0.0000    0.0000   5.00
   6.00    1.0893E+01    0.0000    0.0000    0.0000    0.0000    0.0000    0.0000    0.0000    0.0000    0.0000   6.00
   7.00    1.0736E+01    0.0000    0.0000    0.0000    0.0000    0.0000    0.0000    0.0000    0.0000    0.0000   7.00
   8.00    1.0557E+01    0.0000    0.0000    0.0000    0.0000    0.0000    0.0000    0.0000    0.0000    0.0000   8.00
   9.00    1.0357E+01    0.0000    0.0000    0.0000    0.0000    0.0000    0.0000    0.0000    0.0000    0.0000   9.00
  10.00    1.0135E+01    0.0000    0.0000    0.0000    0.0000    0.0000    0.0000    0.0000    0.0000    0.0000  10.00
  11.00    9.8934E+00    0.0000    0.0000    0.0000    0.0000    0.0000    0.0000    0.0000    0.0000    0.0000  11.00
  12.00    9.6319E+00    0.0000    0.0000    0.0000    0.0000    0.0000    0.0000    0.0000    0.0000    0.0000  12.00
  13.00    9.3516E+00    0.0000    0.0000    0.0000    0.0000    0.0000    0.0000    0.0000    0.0000    0.0000  13.00
  14.00    9.0535E+00    0.0000    0.0000    0.0000    0.0000    0.0000    0.0000    0.0000    0.0000    0.0000  14.00
  15.00    8.7385E+00    0.0000    0.0000    0.0000    0.0000    0.0000    0.0000    0.0000    0.0000    0.0000  15.00
  16.00    8.4078E+00    0.0000    0.0000    0.0000    0.0000    0.0000    0.0000    0.0000    0.0000    0.0000  16.00
  17.00    8.0630E+00    0.0000    0.0000    0.0000    0.0000    0.0000    0.0000    0.0000    0.0000    0.0000  17.00
  18.00    7.7058E+00    0.0000    0.0000    0.0000    0.0000    0.0000    0.0000    0.0000    0.0000    0.0000  18.00
  19.00    7.3388E+00    0.0000    0.0000    0.0000    0.0000    0.0000    0.0000    0.0000    0.0000    0.0000  19.00
  20.00    6.9644E+00    0.0000    0.0000    0.0000    0.0000    0.0000    0.0000    0.0000    0.0000    0.0000  20.00
  21.00    6.5857E+00    0.0000    0.0000    0.0000    0.0000    0.0000    0.0000    0.0000    0.0000    0.0000  21.00
  22.00    6.2060E+00    0.0000    0.0000    0.0000    0.0000    0.0000    0.0000    0.0000    0.0000    0.0000  22.00
  23.00    5.8282E+00    0.0000    0.0000    0.0000    0.0000    0.0000    0.0000    0.0000    0.0000    0.0000  23.00
  24.00    5.4555E+00    0.0000    0.0000    0.0000    0.0000    0.0000    0.0000    0.0000    0.0000    0.0000  24.00
  25.00    5.0904E+00    0.0000    0.0000    0.0000    0.0000    0.0000    0.0000    0.0000    0.0000    0.0000  25.00
  26.00    4.7350E+00    0.0000    0.0000    0.0000    0.0000    0.0000    0.0000    0.0000    0.0000    0.0000  26.00
  27.00    4.3909E+00    0.0000    0.0000    0.0000    0.0000    0.0000    0.0000    0.0000    0.0000    0.0000  27.00
  28.00    4.0593E+00    0.0000    0.0000    0.0000    0.0000    0.0000    0.0000    0.0000    0.0000    0.0000  28.00
  29.00    3.7409E+00    0.0000    0.0000    0.0000    0.0000    0.0000    0.0000    0.0000    0.0000    0.0000  29.00
  30.00    3.4362E+00    0.0000    0.0000    0.0000    0.0000    0.0000    0.0000    0.0000    0.0000    0.0000  30.00
  31.00    3.1455E+00    0.0000    0.0000    0.0000    0.0000    0.0000    0.0000    0.0000    0.0000    0.0000  31.00
  32.00    2.8694E+00    0.0000    0.0000    0.0000    0.0000    0.0000    0.0000    0.0000    0.0000    0.0000  32.00
  33.00    2.6082E+00    0.0000    0.0000    0.0000    0.0000    0.0000    0.0000    0.0000    0.0000    0.0000  33.00
  34.00    2.3624E+00    0.0000    0.0000    0.0000    0.0000    0.0000    0.0000    0.0000    0.0000    0.0000  34.00
  35.00    2.1329E+00    0.0000    0.0000    0.0000    0.0000    0.0000    0.0000    0.0000    0.0000    0.0000  35.00
  36.00    1.9200E+00    0.0000    0.0000    0.0000    0.0000    0.0000    0.0000    0.0000    0.0000    0.0000  36.00
  37.00    1.7243E+00    0.0000    0.0000    0.0000    0.0000    0.0000    0.0000    0.0000    0.0000    0.0000  37.00
  38.00    1.5459E+00    0.0000    0.0000    0.0000    0.0000    0.0000    0.0000    0.0000    0.0000    0.0000  38.00
  39.00    1.3847E+00    0.0000    0.0000    0.0000    0.0000    0.0000    0.0000    0.0000    0.0000    0.0000  39.00
  40.00    1.2404E+00    0.0000    0.0000    0.0000    0.0000    0.0000    0.0000    0.0000    0.0000    0.0000  40.00
  41.00    1.1124E+00    0.0000    0.0000    0.0000    0.0000    0.0000    0.0000    0.0000    0.0000    0.0000  41.00
  42.00    9.9970E-01    0.0000    0.0000    0.0000    0.0000    0.0000    0.0000    0.0000    0.0000    0.0000  42.00
  43.00    9.0146E-01    0.0000    0.0000    0.0000    0.0000    0.0000    0.0000    0.0000    0.0000    0.0000  43.00
  44.00    8.1669E-01    0.0000    0.0000    0.0000    0.0000    0.0000    0.0000    0.0000    0.0000    0.0000  44.00
  45.00    7.4444E-01    0.0000    0.0000    0.0000    0.0000    0.0000    0.0000    0.0000    0.0000    0.0000  45.00
  46.00    6.8384E-01    0.0000    0.0000    0.0000    0.0000    0.0000    0.0000    0.0000    0.0000    0.0000  46.00
  47.00    6.3405E-01    0.0000    0.0000    0.0000    0.0000    0.0000    0.0000    0.0000    0.0000    0.0000  47.00
  48.00    5.9426E-01    0.0000    0.0000    0.0000    0.0000    0.0000    0.0000    0.0000    0.0000    0.0000  48.00
  49.00    5.6367E-01    0.0000    0.0000    0.0000    0.0000    0.0000    0.0000    0.0000    0.0000    0.0000  49.00
  50.00    5.4141E-01    0.0000    0.0000    0.0000    0.0000    0.0000    0.0000    0.0000    0.0000    0.0000  50.00
  51.00    5.2659E-01    0.0000    0.0000    0.0000    0.0000    0.0000    0.0000    0.0000    0.0000    0.0000  51.00
  52.00    5.1825E-01    0.0000    0.0000    0.0000    0.0000    0.0000    0.0000    0.0000    0.0000    0.0000  52.00
  53.00    5.1540E-01    0.0000    0.0000    0.0000    0.0000    0.0000    0.0000    0.0000    0.0000    0.0000  53.00
  54.00    5.1710E-01    0.0000    0.0000    0.0000    0.0000    0.0000    0.0000    0.0000    0.0000    0.0000  54.00
  55.00    5.2244E-01    0.0000    0.0000    0.0000    0.0000    0.0000    0.0000    0.0000    0.0000    0.0000  55.00
  56.00    5.3062E-01    0.0000    0.0000    0.0000    0.0000    0.0000    0.0000    0.0000    0.0000    0.0000  56.00
  57.00    5.4095E-01    0.0000    0.0000    0.0000    0.0000    0.0000    0.0000    0.0000    0.0000    0.0000  57.00
  58.00    5.5287E-01    0.0000    0.0000    0.0000    0.0000    0.0000    0.0000    0.0000    0.0000    0.0000  58.00
  59.00    5.6588E-01    0.0000    0.0000    0.0000    0.0000    0.0000    0.0000    0.0000    0.0000    0.0000  59.00
  60.00    5.7956E-01    0.0000    0.0000    0.0000    0.0000    0.0000    0.0000    0.0000    0.0000    0.0000  60.00
0Tot-sig   1.1491E+01
1DWUCK4-DISTORTED WAVES U.COLORADO- PC-VERSION  12/Jan /1995
 Elapsed time in seconds =   0.00
 Elapsed time in seconds =   0.00
0CONTROL INTEGERS
  1 2 3 4 5 6 7 8 9 A B C D E F G H I J K    RUN IDENTIFICATION                                             0/00/00   0.00.00
  1 0 0 1 0 0 0 0 0 0 2 0 0 0 0 0 0 0 0 0    10Be(d,p)11Be  17.4MeV  100 keV  0d5/2 bound QG             
 10Be(d,p)11Be  17.4MeV  100 keV  0d5/2 bound QG             
 Adwck4 entered
0ANGLE DATA          THETN=  61.0000   THET1=   0.0000   DTHET=   1.0000   A-ANG=   0.0000   B-ANG=   0.0000
0CARD SET 3 DATA     LMAX =  30          LTR=   2
                     NLTR =   1        2*JTR=   5
0CARD SET 4 DATA     DRF  =   0.1000   RZ   =   0.0000   RMAX =  50.0000   VCE  =   0.0000   FNRNG=   0.0000
 PARTICLE DATA 
0PARTICLE 1*******************************************************************************************************************
 INPUT DATA          ELAB =  17.4000   RC0  =   1.1500   AC   =   0.0000   2*STR=   0.0000
                     MASSP=   2.0000   MASST=  10.0000   Q    =   0.0000
                     ZP   =   1.0000   ZT   =   4.0000   PNLOC=   2.0000
 
 DERIVED DATA        ECM  =  14.5000   RC   =   2.4776   RHO  =   2.6641
                     K    =   1.0753   ETA  =   0.2136   DR   =   0.1000
0POTENTIAL PARAMETERS
 NX=1 VOLUME  W-S    V RL = -80.8850   R0RL =   1.1500   A RL =   0.8100   R RL =   2.4776   VSOR =   0.0000
                     V IM =   0.0000   R0IM =   0.0000   A IM =   0.0000   R IM =   0.0000   VSOI =   0.0000   POWR =   0.0000
 NX=2 SURFACE W-S    V RL =   0.0000   R0RL =   0.0000   A RL =   0.0000   R RL =   0.0000   VSOR =   0.0000
                     V IM =  50.5270   R0IM =   1.3400   A IM =   0.6800   R IM =   2.8869   VSOI =   0.0000   POWR =   0.0000
 NX=4 L*S VOLUME     V RL =   0.0000   R0RL =   0.0000   A RL =   0.0000   R RL =   0.0000   VSOR =   0.0000
                     V IM =   0.0000   R0IM =   0.0000   A IM =   0.0000   R IM =   0.0000   VSOI =   0.0000   POWR =   0.0000
0PARTICLE 2*******************************************************************************************************************
 INPUT DATA          ELAB =  13.8316   RC0  =   1.3000   AC   =   0.0000   2*STR=   0.0000
                     MASSP=   1.0000   MASST=  11.0000   Q    =  -1.8210
                     ZP   =   1.0000   ZT   =   4.0000   PNLOC=   1.0000
 
 DERIVED DATA        ECM  =  12.6790   RC   =   2.8912   RHO  =   2.1560
                     K    =   0.7457   ETA  =   0.1694   DR   =   0.0909
0POTENTIAL PARAMETERS
 NX=1 VOLUME  W-S    V RL = -56.8180   R0RL =   1.1700   A RL =   0.7500   R RL =   2.6021   VSOR =   0.0000
                     V IM =  -0.3570   R0IM =   1.3200   A IM =   0.7010   R IM =   2.9357   VSOI =   0.0000   POWR =   0.0000
 NX=2 SURFACE W-S    V RL =   0.0000   R0RL =   0.0000   A RL =   0.0000   R RL =   0.0000   VSOR =   0.0000
                     V IM =  32.2100   R0IM =   1.3200   A IM =   0.7010   R IM =   2.9357   VSOI =   0.0000   POWR =   0.0000
 NX=4 L*S VOLUME     V RL = -24.8000   R0RL =   1.1000   A RL =   0.7500   R RL =   2.4464   VSOR =   0.0000
                     V IM =   0.0000   R0IM =   0.0000   A IM =   0.0000   R IM =   0.0000   VSOI =   0.0000   POWR =   0.0000
110Be(d,p)11Be  17.4MeV  100 keV  0d5/2 bound QG                0/ 0/ 0
0FORM FACTOR DATA 
0PARTICLE 3*******************************************************************************************************************
 INPUT DATA          ELAB =  -0.4040   RC0  =   1.3000   AC   =   0.0000   2*STR=   0.0000
                     MASSP=   1.0000   MASST=  10.0000   Q    =  -0.4040
                     ZP   =   0.0000   ZT   =   4.0000   PNLOC=   1.0000
 
 DERIVED DATA        ECM  =  -0.4040   RC   =   2.8008   RHO  =   0.3713
                     K    =   0.1326   ETA  =   0.0000   DR   =   0.1000
0POTENTIAL PARAMETERS
 NX=1 VOLUME  W-S    V RL =  -1.0000   R0RL =   1.2500   A RL =   0.6500   R RL =   2.6930   VSOR =   0.0000
                     V IM =   0.0000   R0IM =   0.0000   A IM =   0.0000   R IM =   0.0000   VSOI =   0.0000   POWR =   0.0000
 NX=4 L*S VOLUME     V RL =  -6.0000   R0RL =   1.1000   A RL =   0.6500   R RL =   2.3699   VSOR =   0.0000
                     V IM =   0.0000   R0IM =   0.0000   A IM =   0.0000   R IM =   0.0000   VSOI =   0.0000   POWR =   0.0000
 
                     NODES=   0.0000   L    =   2.0000   2*J  =   5.0000   2*S  =   1.0000   FISW =   0.0000
 
                     V    =  27.5806   DET  =  -0.0001   NODES=   0.0000   RM   =   3.8500   E    =  -0.4040   ITER.=   5
0Non-locality correction is applied, parameter =   2.000
0Non-locality correction is applied, parameter =   1.000
0                    LMAX =  30        NSTEP= 400        NLTR =   1
 Bdwck4 entered
   Subroutine INTEG  entered
0REACSIG 1   1.01878E+02                                             REACSIG 2   8.64737E+01
   Subroutine RADINT entered
110Be(d,p)11Be  17.4MeV  100 keV  0d5/2 bound QG                0/00/00
0BASIC DATA          DR   =   0.1000   RMIN =   0.0000   RMAX =  40.0000   COUEX=   0.0000     IS1=   0.0000
                     FNRNG=   0.0000   PNLC1=   2.0000   PNLC2=   1.0000   PNLC3=   1.0000     IS2=   0.0000
 ANG MOM TRANSFER    LTR  =   2.       2*JTR=   4.       2*STR=   0.       Q    =  -1.8210
   Subroutine INSIG  entered
0 Theta Inelsig,fm**2      Polz       Asy       Ayy       A22       A21       A20       T22       T21       T20  Theta
   0.00    1.1606E+01    0.0000    0.0000    0.0000    0.0000    0.0000    0.0000    0.0000    0.0000    0.0000   0.00
   1.00    1.1592E+01    0.0000    0.0000    0.0000    0.0000    0.0000    0.0000    0.0000    0.0000    0.0000   1.00
   2.00    1.1552E+01    0.0000    0.0000    0.0000    0.0000    0.0000    0.0000    0.0000    0.0000    0.0000   2.00
   3.00    1.1486E+01    0.0000    0.0000    0.0000    0.0000    0.0000    0.0000    0.0000    0.0000    0.0000   3.00
   4.00    1.1393E+01    0.0000    0.0000    0.0000    0.0000    0.0000    0.0000    0.0000    0.0000    0.0000   4.00
   5.00    1.1276E+01    0.0000    0.0000    0.0000    0.0000    0.0000    0.0000    0.0000    0.0000    0.0000   5.00
   6.00    1.1133E+01    0.0000    0.0000    0.0000    0.0000    0.0000    0.0000    0.0000    0.0000    0.0000   6.00
   7.00    1.0967E+01    0.0000    0.0000    0.0000    0.0000    0.0000    0.0000    0.0000    0.0000    0.0000   7.00
   8.00    1.0778E+01    0.0000    0.0000    0.0000    0.0000    0.0000    0.0000    0.0000    0.0000    0.0000   8.00
   9.00    1.0567E+01    0.0000    0.0000    0.0000    0.0000    0.0000    0.0000    0.0000    0.0000    0.0000   9.00
  10.00    1.0335E+01    0.0000    0.0000    0.0000    0.0000    0.0000    0.0000    0.0000    0.0000    0.0000  10.00
  11.00    1.0082E+01    0.0000    0.0000    0.0000    0.0000    0.0000    0.0000    0.0000    0.0000    0.0000  11.00
  12.00    9.8097E+00    0.0000    0.0000    0.0000    0.0000    0.0000    0.0000    0.0000    0.0000    0.0000  12.00
  13.00    9.5183E+00    0.0000    0.0000    0.0000    0.0000    0.0000    0.0000    0.0000    0.0000    0.0000  13.00
  14.00    9.2086E+00    0.0000    0.0000    0.0000    0.0000    0.0000    0.0000    0.0000    0.0000    0.0000  14.00
  15.00    8.8815E+00    0.0000    0.0000    0.0000    0.0000    0.0000    0.0000    0.0000    0.0000    0.0000  15.00
  16.00    8.5379E+00    0.0000    0.0000    0.0000    0.0000    0.0000    0.0000    0.0000    0.0000    0.0000  16.00
  17.00    8.1795E+00    0.0000    0.0000    0.0000    0.0000    0.0000    0.0000    0.0000    0.0000    0.0000  17.00
  18.00    7.8082E+00    0.0000    0.0000    0.0000    0.0000    0.0000    0.0000    0.0000    0.0000    0.0000  18.00
  19.00    7.4265E+00    0.0000    0.0000    0.0000    0.0000    0.0000    0.0000    0.0000    0.0000    0.0000  19.00
  20.00    7.0376E+00    0.0000    0.0000    0.0000    0.0000    0.0000    0.0000    0.0000    0.0000    0.0000  20.00
  21.00    6.6450E+00    0.0000    0.0000    0.0000    0.0000    0.0000    0.0000    0.0000    0.0000    0.0000  21.00
  22.00    6.2523E+00    0.0000    0.0000    0.0000    0.0000    0.0000    0.0000    0.0000    0.0000    0.0000  22.00
  23.00    5.8632E+00    0.0000    0.0000    0.0000    0.0000    0.0000    0.0000    0.0000    0.0000    0.0000  23.00
  24.00    5.4811E+00    0.0000    0.0000    0.0000    0.0000    0.0000    0.0000    0.0000    0.0000    0.0000  24.00
  25.00    5.1086E+00    0.0000    0.0000    0.0000    0.0000    0.0000    0.0000    0.0000    0.0000    0.0000  25.00
  26.00    4.7480E+00    0.0000    0.0000    0.0000    0.0000    0.0000    0.0000    0.0000    0.0000    0.0000  26.00
  27.00    4.4005E+00    0.0000    0.0000    0.0000    0.0000    0.0000    0.0000    0.0000    0.0000    0.0000  27.00
  28.00    4.0670E+00    0.0000    0.0000    0.0000    0.0000    0.0000    0.0000    0.0000    0.0000    0.0000  28.00
  29.00    3.7476E+00    0.0000    0.0000    0.0000    0.0000    0.0000    0.0000    0.0000    0.0000    0.0000  29.00
  30.00    3.4424E+00    0.0000    0.0000    0.0000    0.0000    0.0000    0.0000    0.0000    0.0000    0.0000  30.00
  31.00    3.1514E+00    0.0000    0.0000    0.0000    0.0000    0.0000    0.0000    0.0000    0.0000    0.0000  31.00
  32.00    2.8746E+00    0.0000    0.0000    0.0000    0.0000    0.0000    0.0000    0.0000    0.0000    0.0000  32.00
  33.00    2.6126E+00    0.0000    0.0000    0.0000    0.0000    0.0000    0.0000    0.0000    0.0000    0.0000  33.00
  34.00    2.3658E+00    0.0000    0.0000    0.0000    0.0000    0.0000    0.0000    0.0000    0.0000    0.0000  34.00
  35.00    2.1351E+00    0.0000    0.0000    0.0000    0.0000    0.0000    0.0000    0.0000    0.0000    0.0000  35.00
  36.00    1.9211E+00    0.0000    0.0000    0.0000    0.0000    0.0000    0.0000    0.0000    0.0000    0.0000  36.00
  37.00    1.7245E+00    0.0000    0.0000    0.0000    0.0000    0.0000    0.0000    0.0000    0.0000    0.0000  37.00
  38.00    1.5457E+00    0.0000    0.0000    0.0000    0.0000    0.0000    0.0000    0.0000    0.0000    0.0000  38.00
  39.00    1.3846E+00    0.0000    0.0000    0.0000    0.0000    0.0000    0.0000    0.0000    0.0000    0.0000  39.00
  40.00    1.2407E+00    0.0000    0.0000    0.0000    0.0000    0.0000    0.0000    0.0000    0.0000    0.0000  40.00
  41.00    1.1133E+00    0.0000    0.0000    0.0000    0.0000    0.0000    0.0000    0.0000    0.0000    0.0000  41.00
  42.00    1.0015E+00    0.0000    0.0000    0.0000    0.0000    0.0000    0.0000    0.0000    0.0000    0.0000  42.00
  43.00    9.0399E-01    0.0000    0.0000    0.0000    0.0000    0.0000    0.0000    0.0000    0.0000    0.0000  43.00
  44.00    8.1985E-01    0.0000    0.0000    0.0000    0.0000    0.0000    0.0000    0.0000    0.0000    0.0000  44.00
  45.00    7.4802E-01    0.0000    0.0000    0.0000    0.0000    0.0000    0.0000    0.0000    0.0000    0.0000  45.00
  46.00    6.8764E-01    0.0000    0.0000    0.0000    0.0000    0.0000    0.0000    0.0000    0.0000    0.0000  46.00
  47.00    6.3789E-01    0.0000    0.0000    0.0000    0.0000    0.0000    0.0000    0.0000    0.0000    0.0000  47.00
  48.00    5.9806E-01    0.0000    0.0000    0.0000    0.0000    0.0000    0.0000    0.0000    0.0000    0.0000  48.00
  49.00    5.6739E-01    0.0000    0.0000    0.0000    0.0000    0.0000    0.0000    0.0000    0.0000    0.0000  49.00
  50.00    5.4508E-01    0.0000    0.0000    0.0000    0.0000    0.0000    0.0000    0.0000    0.0000    0.0000  50.00
  51.00    5.3023E-01    0.0000    0.0000    0.0000    0.0000    0.0000    0.0000    0.0000    0.0000    0.0000  51.00
  52.00    5.2185E-01    0.0000    0.0000    0.0000    0.0000    0.0000    0.0000    0.0000    0.0000    0.0000  52.00
  53.00    5.1893E-01    0.0000    0.0000    0.0000    0.0000    0.0000    0.0000    0.0000    0.0000    0.0000  53.00
  54.00    5.2044E-01    0.0000    0.0000    0.0000    0.0000    0.0000    0.0000    0.0000    0.0000    0.0000  54.00
  55.00    5.2545E-01    0.0000    0.0000    0.0000    0.0000    0.0000    0.0000    0.0000    0.0000    0.0000  55.00
  56.00    5.3314E-01    0.0000    0.0000    0.0000    0.0000    0.0000    0.0000    0.0000    0.0000    0.0000  56.00
  57.00    5.4286E-01    0.0000    0.0000    0.0000    0.0000    0.0000    0.0000    0.0000    0.0000    0.0000  57.00
  58.00    5.5408E-01    0.0000    0.0000    0.0000    0.0000    0.0000    0.0000    0.0000    0.0000    0.0000  58.00
  59.00    5.6640E-01    0.0000    0.0000    0.0000    0.0000    0.0000    0.0000    0.0000    0.0000    0.0000  59.00
  60.00    5.7945E-01    0.0000    0.0000    0.0000    0.0000    0.0000    0.0000    0.0000    0.0000    0.0000  60.00
0Tot-sig   1.1561E+01
1DWUCK4-DISTORTED WAVES U.COLORADO- PC-VERSION  12/Jan /1995
 Elapsed time in seconds =   0.00
 Elapsed time in seconds =   0.00
0CONTROL INTEGERS
  1 2 3 4 5 6 7 8 9 A B C D E F G H I J K    RUN IDENTIFICATION                                             0/00/00   0.00.00
  1 0 0 1 0 0 0 0 0 0 2 0 0 0 0 0 0 0 0 0    10Be(d,p)11Be  17.4MeV  200 keV  0d5/2 bound QG             
 10Be(d,p)11Be  17.4MeV  200 keV  0d5/2 bound QG             
 Adwck4 entered
0ANGLE DATA          THETN=  61.0000   THET1=   0.0000   DTHET=   1.0000   A-ANG=   0.0000   B-ANG=   0.0000
0CARD SET 3 DATA     LMAX =  30          LTR=   2
                     NLTR =   1        2*JTR=   5
0CARD SET 4 DATA     DRF  =   0.1000   RZ   =   0.0000   RMAX =  50.0000   VCE  =   0.0000   FNRNG=   0.0000
 PARTICLE DATA 
0PARTICLE 1*******************************************************************************************************************
 INPUT DATA          ELAB =  17.4000   RC0  =   1.1500   AC   =   0.0000   2*STR=   0.0000
                     MASSP=   2.0000   MASST=  10.0000   Q    =   0.0000
                     ZP   =   1.0000   ZT   =   4.0000   PNLOC=   2.0000
 
 DERIVED DATA        ECM  =  14.5000   RC   =   2.4776   RHO  =   2.6641
                     K    =   1.0753   ETA  =   0.2136   DR   =   0.1000
0POTENTIAL PARAMETERS
 NX=1 VOLUME  W-S    V RL = -80.8850   R0RL =   1.1500   A RL =   0.8100   R RL =   2.4776   VSOR =   0.0000
                     V IM =   0.0000   R0IM =   0.0000   A IM =   0.0000   R IM =   0.0000   VSOI =   0.0000   POWR =   0.0000
 NX=2 SURFACE W-S    V RL =   0.0000   R0RL =   0.0000   A RL =   0.0000   R RL =   0.0000   VSOR =   0.0000
                     V IM =  50.5270   R0IM =   1.3400   A IM =   0.6800   R IM =   2.8869   VSOI =   0.0000   POWR =   0.0000
 NX=4 L*S VOLUME     V RL =   0.0000   R0RL =   0.0000   A RL =   0.0000   R RL =   0.0000   VSOR =   0.0000
                     V IM =   0.0000   R0IM =   0.0000   A IM =   0.0000   R IM =   0.0000   VSOI =   0.0000   POWR =   0.0000
0PARTICLE 2*******************************************************************************************************************
 INPUT DATA          ELAB =  13.7225   RC0  =   1.3000   AC   =   0.0000   2*STR=   0.0000
                     MASSP=   1.0000   MASST=  11.0000   Q    =  -1.9210
                     ZP   =   1.0000   ZT   =   4.0000   PNLOC=   1.0000
 
 DERIVED DATA        ECM  =  12.5790   RC   =   2.8912   RHO  =   2.1474
                     K    =   0.7428   ETA  =   0.1701   DR   =   0.0909
0POTENTIAL PARAMETERS
 NX=1 VOLUME  W-S    V RL = -56.8180   R0RL =   1.1700   A RL =   0.7500   R RL =   2.6021   VSOR =   0.0000
                     V IM =  -0.3570   R0IM =   1.3200   A IM =   0.7010   R IM =   2.9357   VSOI =   0.0000   POWR =   0.0000
 NX=2 SURFACE W-S    V RL =   0.0000   R0RL =   0.0000   A RL =   0.0000   R RL =   0.0000   VSOR =   0.0000
                     V IM =  32.2100   R0IM =   1.3200   A IM =   0.7010   R IM =   2.9357   VSOI =   0.0000   POWR =   0.0000
 NX=4 L*S VOLUME     V RL = -24.8000   R0RL =   1.1000   A RL =   0.7500   R RL =   2.4464   VSOR =   0.0000
                     V IM =   0.0000   R0IM =   0.0000   A IM =   0.0000   R IM =   0.0000   VSOI =   0.0000   POWR =   0.0000
110Be(d,p)11Be  17.4MeV  200 keV  0d5/2 bound QG                0/ 0/ 0
0FORM FACTOR DATA 
0PARTICLE 3*******************************************************************************************************************
 INPUT DATA          ELAB =  -0.3040   RC0  =   1.3000   AC   =   0.0000   2*STR=   0.0000
                     MASSP=   1.0000   MASST=  10.0000   Q    =  -0.3040
                     ZP   =   0.0000   ZT   =   4.0000   PNLOC=   1.0000
 
 DERIVED DATA        ECM  =  -0.3040   RC   =   2.8008   RHO  =   0.3221
                     K    =   0.1150   ETA  =   0.0000   DR   =   0.1000
0POTENTIAL PARAMETERS
 NX=1 VOLUME  W-S    V RL =  -1.0000   R0RL =   1.2500   A RL =   0.6500   R RL =   2.6930   VSOR =   0.0000
                     V IM =   0.0000   R0IM =   0.0000   A IM =   0.0000   R IM =   0.0000   VSOI =   0.0000   POWR =   0.0000
 NX=4 L*S VOLUME     V RL =  -6.0000   R0RL =   1.1000   A RL =   0.6500   R RL =   2.3699   VSOR =   0.0000
                     V IM =   0.0000   R0IM =   0.0000   A IM =   0.0000   R IM =   0.0000   VSOI =   0.0000   POWR =   0.0000
 
                     NODES=   0.0000   L    =   2.0000   2*J  =   5.0000   2*S  =   1.0000   FISW =   0.0000
 
                     V    =  27.4625   DET  =   0.0000   NODES=   0.0000   RM   =   3.8500   E    =  -0.3040   ITER.=   5
0Non-locality correction is applied, parameter =   2.000
0Non-locality correction is applied, parameter =   1.000
0                    LMAX =  30        NSTEP= 400        NLTR =   1
 Bdwck4 entered
   Subroutine INTEG  entered
0REACSIG 1   1.01878E+02                                             REACSIG 2   8.66143E+01
   Subroutine RADINT entered
110Be(d,p)11Be  17.4MeV  200 keV  0d5/2 bound QG                0/00/00
0BASIC DATA          DR   =   0.1000   RMIN =   0.0000   RMAX =  40.0000   COUEX=   0.0000     IS1=   0.0000
                     FNRNG=   0.0000   PNLC1=   2.0000   PNLC2=   1.0000   PNLC3=   1.0000     IS2=   0.0000
 ANG MOM TRANSFER    LTR  =   2.       2*JTR=   4.       2*STR=   0.       Q    =  -1.9210
   Subroutine INSIG  entered
0 Theta Inelsig,fm**2      Polz       Asy       Ayy       A22       A21       A20       T22       T21       T20  Theta
   0.00    1.1862E+01    0.0000    0.0000    0.0000    0.0000    0.0000    0.0000    0.0000    0.0000    0.0000   0.00
   1.00    1.1847E+01    0.0000    0.0000    0.0000    0.0000    0.0000    0.0000    0.0000    0.0000    0.0000   1.00
   2.00    1.1804E+01    0.0000    0.0000    0.0000    0.0000    0.0000    0.0000    0.0000    0.0000    0.0000   2.00
   3.00    1.1733E+01    0.0000    0.0000    0.0000    0.0000    0.0000    0.0000    0.0000    0.0000    0.0000   3.00
   4.00    1.1635E+01    0.0000    0.0000    0.0000    0.0000    0.0000    0.0000    0.0000    0.0000    0.0000   4.00
   5.00    1.1510E+01    0.0000    0.0000    0.0000    0.0000    0.0000    0.0000    0.0000    0.0000    0.0000   5.00
   6.00    1.1359E+01    0.0000    0.0000    0.0000    0.0000    0.0000    0.0000    0.0000    0.0000    0.0000   6.00
   7.00    1.1184E+01    0.0000    0.0000    0.0000    0.0000    0.0000    0.0000    0.0000    0.0000    0.0000   7.00
   8.00    1.0987E+01    0.0000    0.0000    0.0000    0.0000    0.0000    0.0000    0.0000    0.0000    0.0000   8.00
   9.00    1.0767E+01    0.0000    0.0000    0.0000    0.0000    0.0000    0.0000    0.0000    0.0000    0.0000   9.00
  10.00    1.0527E+01    0.0000    0.0000    0.0000    0.0000    0.0000    0.0000    0.0000    0.0000    0.0000  10.00
  11.00    1.0266E+01    0.0000    0.0000    0.0000    0.0000    0.0000    0.0000    0.0000    0.0000    0.0000  11.00
  12.00    9.9853E+00    0.0000    0.0000    0.0000    0.0000    0.0000    0.0000    0.0000    0.0000    0.0000  12.00
  13.00    9.6852E+00    0.0000    0.0000    0.0000    0.0000    0.0000    0.0000    0.0000    0.0000    0.0000  13.00
  14.00    9.3659E+00    0.0000    0.0000    0.0000    0.0000    0.0000    0.0000    0.0000    0.0000    0.0000  14.00
  15.00    9.0278E+00    0.0000    0.0000    0.0000    0.0000    0.0000    0.0000    0.0000    0.0000    0.0000  15.00
  16.00    8.6717E+00    0.0000    0.0000    0.0000    0.0000    0.0000    0.0000    0.0000    0.0000    0.0000  16.00
  17.00    8.2991E+00    0.0000    0.0000    0.0000    0.0000    0.0000    0.0000    0.0000    0.0000    0.0000  17.00
  18.00    7.9120E+00    0.0000    0.0000    0.0000    0.0000    0.0000    0.0000    0.0000    0.0000    0.0000  18.00
  19.00    7.5135E+00    0.0000    0.0000    0.0000    0.0000    0.0000    0.0000    0.0000    0.0000    0.0000  19.00
  20.00    7.1075E+00    0.0000    0.0000    0.0000    0.0000    0.0000    0.0000    0.0000    0.0000    0.0000  20.00
  21.00    6.6982E+00    0.0000    0.0000    0.0000    0.0000    0.0000    0.0000    0.0000    0.0000    0.0000  21.00
  22.00    6.2903E+00    0.0000    0.0000    0.0000    0.0000    0.0000    0.0000    0.0000    0.0000    0.0000  22.00
  23.00    5.8883E+00    0.0000    0.0000    0.0000    0.0000    0.0000    0.0000    0.0000    0.0000    0.0000  23.00
  24.00    5.4959E+00    0.0000    0.0000    0.0000    0.0000    0.0000    0.0000    0.0000    0.0000    0.0000  24.00
  25.00    5.1163E+00    0.0000    0.0000    0.0000    0.0000    0.0000    0.0000    0.0000    0.0000    0.0000  25.00
  26.00    4.7513E+00    0.0000    0.0000    0.0000    0.0000    0.0000    0.0000    0.0000    0.0000    0.0000  26.00
  27.00    4.4020E+00    0.0000    0.0000    0.0000    0.0000    0.0000    0.0000    0.0000    0.0000    0.0000  27.00
  28.00    4.0685E+00    0.0000    0.0000    0.0000    0.0000    0.0000    0.0000    0.0000    0.0000    0.0000  28.00
  29.00    3.7501E+00    0.0000    0.0000    0.0000    0.0000    0.0000    0.0000    0.0000    0.0000    0.0000  29.00
  30.00    3.4462E+00    0.0000    0.0000    0.0000    0.0000    0.0000    0.0000    0.0000    0.0000    0.0000  30.00
  31.00    3.1562E+00    0.0000    0.0000    0.0000    0.0000    0.0000    0.0000    0.0000    0.0000    0.0000  31.00
  32.00    2.8798E+00    0.0000    0.0000    0.0000    0.0000    0.0000    0.0000    0.0000    0.0000    0.0000  32.00
  33.00    2.6172E+00    0.0000    0.0000    0.0000    0.0000    0.0000    0.0000    0.0000    0.0000    0.0000  33.00
  34.00    2.3691E+00    0.0000    0.0000    0.0000    0.0000    0.0000    0.0000    0.0000    0.0000    0.0000  34.00
  35.00    2.1367E+00    0.0000    0.0000    0.0000    0.0000    0.0000    0.0000    0.0000    0.0000    0.0000  35.00
  36.00    1.9211E+00    0.0000    0.0000    0.0000    0.0000    0.0000    0.0000    0.0000    0.0000    0.0000  36.00
  37.00    1.7233E+00    0.0000    0.0000    0.0000    0.0000    0.0000    0.0000    0.0000    0.0000    0.0000  37.00
  38.00    1.5438E+00    0.0000    0.0000    0.0000    0.0000    0.0000    0.0000    0.0000    0.0000    0.0000  38.00
  39.00    1.3826E+00    0.0000    0.0000    0.0000    0.0000    0.0000    0.0000    0.0000    0.0000    0.0000  39.00
  40.00    1.2393E+00    0.0000    0.0000    0.0000    0.0000    0.0000    0.0000    0.0000    0.0000    0.0000  40.00
  41.00    1.1130E+00    0.0000    0.0000    0.0000    0.0000    0.0000    0.0000    0.0000    0.0000    0.0000  41.00
  42.00    1.0023E+00    0.0000    0.0000    0.0000    0.0000    0.0000    0.0000    0.0000    0.0000    0.0000  42.00
  43.00    9.0595E-01    0.0000    0.0000    0.0000    0.0000    0.0000    0.0000    0.0000    0.0000    0.0000  43.00
  44.00    8.2269E-01    0.0000    0.0000    0.0000    0.0000    0.0000    0.0000    0.0000    0.0000    0.0000  44.00
  45.00    7.5141E-01    0.0000    0.0000    0.0000    0.0000    0.0000    0.0000    0.0000    0.0000    0.0000  45.00
  46.00    6.9125E-01    0.0000    0.0000    0.0000    0.0000    0.0000    0.0000    0.0000    0.0000    0.0000  46.00
  47.00    6.4150E-01    0.0000    0.0000    0.0000    0.0000    0.0000    0.0000    0.0000    0.0000    0.0000  47.00
  48.00    6.0155E-01    0.0000    0.0000    0.0000    0.0000    0.0000    0.0000    0.0000    0.0000    0.0000  48.00
  49.00    5.7076E-01    0.0000    0.0000    0.0000    0.0000    0.0000    0.0000    0.0000    0.0000    0.0000  49.00
  50.00    5.4841E-01    0.0000    0.0000    0.0000    0.0000    0.0000    0.0000    0.0000    0.0000    0.0000  50.00
  51.00    5.3361E-01    0.0000    0.0000    0.0000    0.0000    0.0000    0.0000    0.0000    0.0000    0.0000  51.00
  52.00    5.2532E-01    0.0000    0.0000    0.0000    0.0000    0.0000    0.0000    0.0000    0.0000    0.0000  52.00
  53.00    5.2243E-01    0.0000    0.0000    0.0000    0.0000    0.0000    0.0000    0.0000    0.0000    0.0000  53.00
  54.00    5.2382E-01    0.0000    0.0000    0.0000    0.0000    0.0000    0.0000    0.0000    0.0000    0.0000  54.00
  55.00    5.2848E-01    0.0000    0.0000    0.0000    0.0000    0.0000    0.0000    0.0000    0.0000    0.0000  55.00
  56.00    5.3557E-01    0.0000    0.0000    0.0000    0.0000    0.0000    0.0000    0.0000    0.0000    0.0000  56.00
  57.00    5.4448E-01    0.0000    0.0000    0.0000    0.0000    0.0000    0.0000    0.0000    0.0000    0.0000  57.00
  58.00    5.5477E-01    0.0000    0.0000    0.0000    0.0000    0.0000    0.0000    0.0000    0.0000    0.0000  58.00
  59.00    5.6617E-01    0.0000    0.0000    0.0000    0.0000    0.0000    0.0000    0.0000    0.0000    0.0000  59.00
  60.00    5.7843E-01    0.0000    0.0000    0.0000    0.0000    0.0000    0.0000    0.0000    0.0000    0.0000  60.00
0Tot-sig   1.1621E+01
1DWUCK4-DISTORTED WAVES U.COLORADO- PC-VERSION  12/Jan /1995
 Elapsed time in seconds =   0.00
 Elapsed time in seconds =   0.00
0CONTROL INTEGERS
  1 2 3 4 5 6 7 8 9 A B C D E F G H I J K    RUN IDENTIFICATION                                             0/00/00   0.00.00
  1 0 0 1 0 0 0 0 0 0 2 0 0 0 0 0 0 0 0 0    10Be(d,p)11Be  17.4MeV  300 keV  0d5/2 bound QG             
 10Be(d,p)11Be  17.4MeV  300 keV  0d5/2 bound QG             
 Adwck4 entered
0ANGLE DATA          THETN=  61.0000   THET1=   0.0000   DTHET=   1.0000   A-ANG=   0.0000   B-ANG=   0.0000
0CARD SET 3 DATA     LMAX =  30          LTR=   2
                     NLTR =   1        2*JTR=   5
0CARD SET 4 DATA     DRF  =   0.1000   RZ   =   0.0000   RMAX =  50.0000   VCE  =   0.0000   FNRNG=   0.0000
 PARTICLE DATA 
0PARTICLE 1*******************************************************************************************************************
 INPUT DATA          ELAB =  17.4000   RC0  =   1.1500   AC   =   0.0000   2*STR=   0.0000
                     MASSP=   2.0000   MASST=  10.0000   Q    =   0.0000
                     ZP   =   1.0000   ZT   =   4.0000   PNLOC=   2.0000
 
 DERIVED DATA        ECM  =  14.5000   RC   =   2.4776   RHO  =   2.6641
                     K    =   1.0753   ETA  =   0.2136   DR   =   0.1000
0POTENTIAL PARAMETERS
 NX=1 VOLUME  W-S    V RL = -80.8850   R0RL =   1.1500   A RL =   0.8100   R RL =   2.4776   VSOR =   0.0000
                     V IM =   0.0000   R0IM =   0.0000   A IM =   0.0000   R IM =   0.0000   VSOI =   0.0000   POWR =   0.0000
 NX=2 SURFACE W-S    V RL =   0.0000   R0RL =   0.0000   A RL =   0.0000   R RL =   0.0000   VSOR =   0.0000
                     V IM =  50.5270   R0IM =   1.3400   A IM =   0.6800   R IM =   2.8869   VSOI =   0.0000   POWR =   0.0000
 NX=4 L*S VOLUME     V RL =   0.0000   R0RL =   0.0000   A RL =   0.0000   R RL =   0.0000   VSOR =   0.0000
                     V IM =   0.0000   R0IM =   0.0000   A IM =   0.0000   R IM =   0.0000   VSOI =   0.0000   POWR =   0.0000
0PARTICLE 2*******************************************************************************************************************
 INPUT DATA          ELAB =  13.6135   RC0  =   1.3000   AC   =   0.0000   2*STR=   0.0000
                     MASSP=   1.0000   MASST=  11.0000   Q    =  -2.0210
                     ZP   =   1.0000   ZT   =   4.0000   PNLOC=   1.0000
 
 DERIVED DATA        ECM  =  12.4790   RC   =   2.8912   RHO  =   2.1389
                     K    =   0.7398   ETA  =   0.1707   DR   =   0.0909
0POTENTIAL PARAMETERS
 NX=1 VOLUME  W-S    V RL = -56.8180   R0RL =   1.1700   A RL =   0.7500   R RL =   2.6021   VSOR =   0.0000
                     V IM =  -0.3570   R0IM =   1.3200   A IM =   0.7010   R IM =   2.9357   VSOI =   0.0000   POWR =   0.0000
 NX=2 SURFACE W-S    V RL =   0.0000   R0RL =   0.0000   A RL =   0.0000   R RL =   0.0000   VSOR =   0.0000
                     V IM =  32.2100   R0IM =   1.3200   A IM =   0.7010   R IM =   2.9357   VSOI =   0.0000   POWR =   0.0000
 NX=4 L*S VOLUME     V RL = -24.8000   R0RL =   1.1000   A RL =   0.7500   R RL =   2.4464   VSOR =   0.0000
                     V IM =   0.0000   R0IM =   0.0000   A IM =   0.0000   R IM =   0.0000   VSOI =   0.0000   POWR =   0.0000
110Be(d,p)11Be  17.4MeV  300 keV  0d5/2 bound QG                0/ 0/ 0
0FORM FACTOR DATA 
0PARTICLE 3*******************************************************************************************************************
 INPUT DATA          ELAB =  -0.2040   RC0  =   1.3000   AC   =   0.0000   2*STR=   0.0000
                     MASSP=   1.0000   MASST=  10.0000   Q    =  -0.2040
                     ZP   =   0.0000   ZT   =   4.0000   PNLOC=   1.0000
 
 DERIVED DATA        ECM  =  -0.2040   RC   =   2.8008   RHO  =   0.2638
                     K    =   0.0942   ETA  =   0.0000   DR   =   0.1000
0POTENTIAL PARAMETERS
 NX=1 VOLUME  W-S    V RL =  -1.0000   R0RL =   1.2500   A RL =   0.6500   R RL =   2.6930   VSOR =   0.0000
                     V IM =   0.0000   R0IM =   0.0000   A IM =   0.0000   R IM =   0.0000   VSOI =   0.0000   POWR =   0.0000
 NX=4 L*S VOLUME     V RL =  -6.0000   R0RL =   1.1000   A RL =   0.6500   R RL =   2.3699   VSOR =   0.0000
                     V IM =   0.0000   R0IM =   0.0000   A IM =   0.0000   R IM =   0.0000   VSOI =   0.0000   POWR =   0.0000
 
                     NODES=   0.0000   L    =   2.0000   2*J  =   5.0000   2*S  =   1.0000   FISW =   0.0000
 
                     V    =  27.3429   DET  =   0.0001   NODES=   0.0000   RM   =   3.8500   E    =  -0.2040   ITER.=   5
0Non-locality correction is applied, parameter =   2.000
0Non-locality correction is applied, parameter =   1.000
0                    LMAX =  30        NSTEP= 400        NLTR =   1
 Bdwck4 entered
   Subroutine INTEG  entered
0REACSIG 1   1.01878E+02                                             REACSIG 2   8.67545E+01
   Subroutine RADINT entered
110Be(d,p)11Be  17.4MeV  300 keV  0d5/2 bound QG                0/00/00
0BASIC DATA          DR   =   0.1000   RMIN =   0.0000   RMAX =  40.0000   COUEX=   0.0000     IS1=   0.0000
                     FNRNG=   0.0000   PNLC1=   2.0000   PNLC2=   1.0000   PNLC3=   1.0000     IS2=   0.0000
 ANG MOM TRANSFER    LTR  =   2.       2*JTR=   4.       2*STR=   0.       Q    =  -2.0210
   Subroutine INSIG  entered
0 Theta Inelsig,fm**2      Polz       Asy       Ayy       A22       A21       A20       T22       T21       T20  Theta
   0.00    1.2082E+01    0.0000    0.0000    0.0000    0.0000    0.0000    0.0000    0.0000    0.0000    0.0000   0.00
   1.00    1.2067E+01    0.0000    0.0000    0.0000    0.0000    0.0000    0.0000    0.0000    0.0000    0.0000   1.00
   2.00    1.2021E+01    0.0000    0.0000    0.0000    0.0000    0.0000    0.0000    0.0000    0.0000    0.0000   2.00
   3.00    1.1946E+01    0.0000    0.0000    0.0000    0.0000    0.0000    0.0000    0.0000    0.0000    0.0000   3.00
   4.00    1.1843E+01    0.0000    0.0000    0.0000    0.0000    0.0000    0.0000    0.0000    0.0000    0.0000   4.00
   5.00    1.1712E+01    0.0000    0.0000    0.0000    0.0000    0.0000    0.0000    0.0000    0.0000    0.0000   5.00
   6.00    1.1556E+01    0.0000    0.0000    0.0000    0.0000    0.0000    0.0000    0.0000    0.0000    0.0000   6.00
   7.00    1.1377E+01    0.0000    0.0000    0.0000    0.0000    0.0000    0.0000    0.0000    0.0000    0.0000   7.00
   8.00    1.1175E+01    0.0000    0.0000    0.0000    0.0000    0.0000    0.0000    0.0000    0.0000    0.0000   8.00
   9.00    1.0952E+01    0.0000    0.0000    0.0000    0.0000    0.0000    0.0000    0.0000    0.0000    0.0000   9.00
  10.00    1.0709E+01    0.0000    0.0000    0.0000    0.0000    0.0000    0.0000    0.0000    0.0000    0.0000  10.00
  11.00    1.0446E+01    0.0000    0.0000    0.0000    0.0000    0.0000    0.0000    0.0000    0.0000    0.0000  11.00
  12.00    1.0163E+01    0.0000    0.0000    0.0000    0.0000    0.0000    0.0000    0.0000    0.0000    0.0000  12.00
  13.00    9.8588E+00    0.0000    0.0000    0.0000    0.0000    0.0000    0.0000    0.0000    0.0000    0.0000  13.00
  14.00    9.5336E+00    0.0000    0.0000    0.0000    0.0000    0.0000    0.0000    0.0000    0.0000    0.0000  14.00
  15.00    9.1867E+00    0.0000    0.0000    0.0000    0.0000    0.0000    0.0000    0.0000    0.0000    0.0000  15.00
  16.00    8.8182E+00    0.0000    0.0000    0.0000    0.0000    0.0000    0.0000    0.0000    0.0000    0.0000  16.00
  17.00    8.4295E+00    0.0000    0.0000    0.0000    0.0000    0.0000    0.0000    0.0000    0.0000    0.0000  17.00
  18.00    8.0231E+00    0.0000    0.0000    0.0000    0.0000    0.0000    0.0000    0.0000    0.0000    0.0000  18.00
  19.00    7.6029E+00    0.0000    0.0000    0.0000    0.0000    0.0000    0.0000    0.0000    0.0000    0.0000  19.00
  20.00    7.1740E+00    0.0000    0.0000    0.0000    0.0000    0.0000    0.0000    0.0000    0.0000    0.0000  20.00
  21.00    6.7425E+00    0.0000    0.0000    0.0000    0.0000    0.0000    0.0000    0.0000    0.0000    0.0000  21.00
  22.00    6.3146E+00    0.0000    0.0000    0.0000    0.0000    0.0000    0.0000    0.0000    0.0000    0.0000  22.00
  23.00    5.8962E+00    0.0000    0.0000    0.0000    0.0000    0.0000    0.0000    0.0000    0.0000    0.0000  23.00
  24.00    5.4920E+00    0.0000    0.0000    0.0000    0.0000    0.0000    0.0000    0.0000    0.0000    0.0000  24.00
  25.00    5.1054E+00    0.0000    0.0000    0.0000    0.0000    0.0000    0.0000    0.0000    0.0000    0.0000  25.00
  26.00    4.7382E+00    0.0000    0.0000    0.0000    0.0000    0.0000    0.0000    0.0000    0.0000    0.0000  26.00
  27.00    4.3903E+00    0.0000    0.0000    0.0000    0.0000    0.0000    0.0000    0.0000    0.0000    0.0000  27.00
  28.00    4.0607E+00    0.0000    0.0000    0.0000    0.0000    0.0000    0.0000    0.0000    0.0000    0.0000  28.00
  29.00    3.7473E+00    0.0000    0.0000    0.0000    0.0000    0.0000    0.0000    0.0000    0.0000    0.0000  29.00
  30.00    3.4482E+00    0.0000    0.0000    0.0000    0.0000    0.0000    0.0000    0.0000    0.0000    0.0000  30.00
  31.00    3.1616E+00    0.0000    0.0000    0.0000    0.0000    0.0000    0.0000    0.0000    0.0000    0.0000  31.00
  32.00    2.8868E+00    0.0000    0.0000    0.0000    0.0000    0.0000    0.0000    0.0000    0.0000    0.0000  32.00
  33.00    2.6238E+00    0.0000    0.0000    0.0000    0.0000    0.0000    0.0000    0.0000    0.0000    0.0000  33.00
  34.00    2.3738E+00    0.0000    0.0000    0.0000    0.0000    0.0000    0.0000    0.0000    0.0000    0.0000  34.00
  35.00    2.1386E+00    0.0000    0.0000    0.0000    0.0000    0.0000    0.0000    0.0000    0.0000    0.0000  35.00
  36.00    1.9199E+00    0.0000    0.0000    0.0000    0.0000    0.0000    0.0000    0.0000    0.0000    0.0000  36.00
  37.00    1.7196E+00    0.0000    0.0000    0.0000    0.0000    0.0000    0.0000    0.0000    0.0000    0.0000  37.00
  38.00    1.5387E+00    0.0000    0.0000    0.0000    0.0000    0.0000    0.0000    0.0000    0.0000    0.0000  38.00
  39.00    1.3774E+00    0.0000    0.0000    0.0000    0.0000    0.0000    0.0000    0.0000    0.0000    0.0000  39.00
  40.00    1.2351E+00    0.0000    0.0000    0.0000    0.0000    0.0000    0.0000    0.0000    0.0000    0.0000  40.00
  41.00    1.1104E+00    0.0000    0.0000    0.0000    0.0000    0.0000    0.0000    0.0000    0.0000    0.0000  41.00
  42.00    1.0016E+00    0.0000    0.0000    0.0000    0.0000    0.0000    0.0000    0.0000    0.0000    0.0000  42.00
  43.00    9.0708E-01    0.0000    0.0000    0.0000    0.0000    0.0000    0.0000    0.0000    0.0000    0.0000  43.00
  44.00    8.2517E-01    0.0000    0.0000    0.0000    0.0000    0.0000    0.0000    0.0000    0.0000    0.0000  44.00
  45.00    7.5467E-01    0.0000    0.0000    0.0000    0.0000    0.0000    0.0000    0.0000    0.0000    0.0000  45.00
  46.00    6.9473E-01    0.0000    0.0000    0.0000    0.0000    0.0000    0.0000    0.0000    0.0000    0.0000  46.00
  47.00    6.4483E-01    0.0000    0.0000    0.0000    0.0000    0.0000    0.0000    0.0000    0.0000    0.0000  47.00
  48.00    6.0457E-01    0.0000    0.0000    0.0000    0.0000    0.0000    0.0000    0.0000    0.0000    0.0000  48.00
  49.00    5.7357E-01    0.0000    0.0000    0.0000    0.0000    0.0000    0.0000    0.0000    0.0000    0.0000  49.00
  50.00    5.5122E-01    0.0000    0.0000    0.0000    0.0000    0.0000    0.0000    0.0000    0.0000    0.0000  50.00
  51.00    5.3665E-01    0.0000    0.0000    0.0000    0.0000    0.0000    0.0000    0.0000    0.0000    0.0000  51.00
  52.00    5.2871E-01    0.0000    0.0000    0.0000    0.0000    0.0000    0.0000    0.0000    0.0000    0.0000  52.00
  53.00    5.2611E-01    0.0000    0.0000    0.0000    0.0000    0.0000    0.0000    0.0000    0.0000    0.0000  53.00
  54.00    5.2752E-01    0.0000    0.0000    0.0000    0.0000    0.0000    0.0000    0.0000    0.0000    0.0000  54.00
  55.00    5.3180E-01    0.0000    0.0000    0.0000    0.0000    0.0000    0.0000    0.0000    0.0000    0.0000  55.00
  56.00    5.3807E-01    0.0000    0.0000    0.0000    0.0000    0.0000    0.0000    0.0000    0.0000    0.0000  56.00
  57.00    5.4578E-01    0.0000    0.0000    0.0000    0.0000    0.0000    0.0000    0.0000    0.0000    0.0000  57.00
  58.00    5.5468E-01    0.0000    0.0000    0.0000    0.0000    0.0000    0.0000    0.0000    0.0000    0.0000  58.00
  59.00    5.6471E-01    0.0000    0.0000    0.0000    0.0000    0.0000    0.0000    0.0000    0.0000    0.0000  59.00
  60.00    5.7586E-01    0.0000    0.0000    0.0000    0.0000    0.0000    0.0000    0.0000    0.0000    0.0000  60.00
0Tot-sig   1.1669E+01
1DWUCK4-DISTORTED WAVES U.COLORADO- PC-VERSION  12/Jan /1995
 Elapsed time in seconds =   0.00
 Elapsed time in seconds =   0.00
0CONTROL INTEGERS
  1 2 3 4 5 6 7 8 9 A B C D E F G H I J K    RUN IDENTIFICATION                                             0/00/00   0.00.00
  1 0 0 1 0 0 0 0 0 0 2 0 0 0 0 0 0 0 0 0    10Be(d,p)11Be  17.4MeV  400 keV  0d5/2 bound QG             
 10Be(d,p)11Be  17.4MeV  400 keV  0d5/2 bound QG             
 Adwck4 entered
0ANGLE DATA          THETN=  61.0000   THET1=   0.0000   DTHET=   1.0000   A-ANG=   0.0000   B-ANG=   0.0000
0CARD SET 3 DATA     LMAX =  30          LTR=   2
                     NLTR =   1        2*JTR=   5
0CARD SET 4 DATA     DRF  =   0.1000   RZ   =   0.0000   RMAX =  50.0000   VCE  =   0.0000   FNRNG=   0.0000
 PARTICLE DATA 
0PARTICLE 1*******************************************************************************************************************
 INPUT DATA          ELAB =  17.4000   RC0  =   1.1500   AC   =   0.0000   2*STR=   0.0000
                     MASSP=   2.0000   MASST=  10.0000   Q    =   0.0000
                     ZP   =   1.0000   ZT   =   4.0000   PNLOC=   2.0000
 
 DERIVED DATA        ECM  =  14.5000   RC   =   2.4776   RHO  =   2.6641
                     K    =   1.0753   ETA  =   0.2136   DR   =   0.1000
0POTENTIAL PARAMETERS
 NX=1 VOLUME  W-S    V RL = -80.8850   R0RL =   1.1500   A RL =   0.8100   R RL =   2.4776   VSOR =   0.0000
                     V IM =   0.0000   R0IM =   0.0000   A IM =   0.0000   R IM =   0.0000   VSOI =   0.0000   POWR =   0.0000
 NX=2 SURFACE W-S    V RL =   0.0000   R0RL =   0.0000   A RL =   0.0000   R RL =   0.0000   VSOR =   0.0000
                     V IM =  50.5270   R0IM =   1.3400   A IM =   0.6800   R IM =   2.8869   VSOI =   0.0000   POWR =   0.0000
 NX=4 L*S VOLUME     V RL =   0.0000   R0RL =   0.0000   A RL =   0.0000   R RL =   0.0000   VSOR =   0.0000
                     V IM =   0.0000   R0IM =   0.0000   A IM =   0.0000   R IM =   0.0000   VSOI =   0.0000   POWR =   0.0000
0PARTICLE 2*******************************************************************************************************************
 INPUT DATA          ELAB =  13.5044   RC0  =   1.3000   AC   =   0.0000   2*STR=   0.0000
                     MASSP=   1.0000   MASST=  11.0000   Q    =  -2.1210
                     ZP   =   1.0000   ZT   =   4.0000   PNLOC=   1.0000
 
 DERIVED DATA        ECM  =  12.3790   RC   =   2.8912   RHO  =   2.1303
                     K    =   0.7368   ETA  =   0.1714   DR   =   0.0909
0POTENTIAL PARAMETERS
 NX=1 VOLUME  W-S    V RL = -56.8180   R0RL =   1.1700   A RL =   0.7500   R RL =   2.6021   VSOR =   0.0000
                     V IM =  -0.3570   R0IM =   1.3200   A IM =   0.7010   R IM =   2.9357   VSOI =   0.0000   POWR =   0.0000
 NX=2 SURFACE W-S    V RL =   0.0000   R0RL =   0.0000   A RL =   0.0000   R RL =   0.0000   VSOR =   0.0000
                     V IM =  32.2100   R0IM =   1.3200   A IM =   0.7010   R IM =   2.9357   VSOI =   0.0000   POWR =   0.0000
 NX=4 L*S VOLUME     V RL = -24.8000   R0RL =   1.1000   A RL =   0.7500   R RL =   2.4464   VSOR =   0.0000
                     V IM =   0.0000   R0IM =   0.0000   A IM =   0.0000   R IM =   0.0000   VSOI =   0.0000   POWR =   0.0000
110Be(d,p)11Be  17.4MeV  400 keV  0d5/2 bound QG                0/ 0/ 0
0FORM FACTOR DATA 
0PARTICLE 3*******************************************************************************************************************
 INPUT DATA          ELAB =  -0.1040   RC0  =   1.3000   AC   =   0.0000   2*STR=   0.0000
                     MASSP=   1.0000   MASST=  10.0000   Q    =  -0.1040
                     ZP   =   0.0000   ZT   =   4.0000   PNLOC=   1.0000
 
 DERIVED DATA        ECM  =  -0.1040   RC   =   2.8008   RHO  =   0.1884
                     K    =   0.0673   ETA  =   0.0000   DR   =   0.1000
0POTENTIAL PARAMETERS
 NX=1 VOLUME  W-S    V RL =  -1.0000   R0RL =   1.2500   A RL =   0.6500   R RL =   2.6930   VSOR =   0.0000
                     V IM =   0.0000   R0IM =   0.0000   A IM =   0.0000   R IM =   0.0000   VSOI =   0.0000   POWR =   0.0000
 NX=4 L*S VOLUME     V RL =  -6.0000   R0RL =   1.1000   A RL =   0.6500   R RL =   2.3699   VSOR =   0.0000
                     V IM =   0.0000   R0IM =   0.0000   A IM =   0.0000   R IM =   0.0000   VSOI =   0.0000   POWR =   0.0000
 
                     NODES=   0.0000   L    =   2.0000   2*J  =   5.0000   2*S  =   1.0000   FISW =   0.0000
 
                     V    =  27.2216   DET  =   0.0001   NODES=   0.0000   RM   =   3.8500   E    =  -0.1040   ITER.=   5
0Non-locality correction is applied, parameter =   2.000
0Non-locality correction is applied, parameter =   1.000
0                    LMAX =  30        NSTEP= 400        NLTR =   1
 Bdwck4 entered
   Subroutine INTEG  entered
0REACSIG 1   1.01878E+02                                             REACSIG 2   8.68942E+01
   Subroutine RADINT entered
110Be(d,p)11Be  17.4MeV  400 keV  0d5/2 bound QG                0/00/00
0BASIC DATA          DR   =   0.1000   RMIN =   0.0000   RMAX =  40.0000   COUEX=   0.0000     IS1=   0.0000
                     FNRNG=   0.0000   PNLC1=   2.0000   PNLC2=   1.0000   PNLC3=   1.0000     IS2=   0.0000
 ANG MOM TRANSFER    LTR  =   2.       2*JTR=   4.       2*STR=   0.       Q    =  -2.1210
   Subroutine INSIG  entered
0 Theta Inelsig,fm**2      Polz       Asy       Ayy       A22       A21       A20       T22       T21       T20  Theta
   0.00    1.2220E+01    0.0000    0.0000    0.0000    0.0000    0.0000    0.0000    0.0000    0.0000    0.0000   0.00
   1.00    1.2204E+01    0.0000    0.0000    0.0000    0.0000    0.0000    0.0000    0.0000    0.0000    0.0000   1.00
   2.00    1.2157E+01    0.0000    0.0000    0.0000    0.0000    0.0000    0.0000    0.0000    0.0000    0.0000   2.00
   3.00    1.2081E+01    0.0000    0.0000    0.0000    0.0000    0.0000    0.0000    0.0000    0.0000    0.0000   3.00
   4.00    1.1977E+01    0.0000    0.0000    0.0000    0.0000    0.0000    0.0000    0.0000    0.0000    0.0000   4.00
   5.00    1.1846E+01    0.0000    0.0000    0.0000    0.0000    0.0000    0.0000    0.0000    0.0000    0.0000   5.00
   6.00    1.1693E+01    0.0000    0.0000    0.0000    0.0000    0.0000    0.0000    0.0000    0.0000    0.0000   6.00
   7.00    1.1518E+01    0.0000    0.0000    0.0000    0.0000    0.0000    0.0000    0.0000    0.0000    0.0000   7.00
   8.00    1.1324E+01    0.0000    0.0000    0.0000    0.0000    0.0000    0.0000    0.0000    0.0000    0.0000   8.00
   9.00    1.1112E+01    0.0000    0.0000    0.0000    0.0000    0.0000    0.0000    0.0000    0.0000    0.0000   9.00
  10.00    1.0881E+01    0.0000    0.0000    0.0000    0.0000    0.0000    0.0000    0.0000    0.0000    0.0000  10.00
  11.00    1.0631E+01    0.0000    0.0000    0.0000    0.0000    0.0000    0.0000    0.0000    0.0000    0.0000  11.00
  12.00    1.0359E+01    0.0000    0.0000    0.0000    0.0000    0.0000    0.0000    0.0000    0.0000    0.0000  12.00
  13.00    1.0064E+01    0.0000    0.0000    0.0000    0.0000    0.0000    0.0000    0.0000    0.0000    0.0000  13.00
  14.00    9.7412E+00    0.0000    0.0000    0.0000    0.0000    0.0000    0.0000    0.0000    0.0000    0.0000  14.00
  15.00    9.3894E+00    0.0000    0.0000    0.0000    0.0000    0.0000    0.0000    0.0000    0.0000    0.0000  15.00
  16.00    9.0076E+00    0.0000    0.0000    0.0000    0.0000    0.0000    0.0000    0.0000    0.0000    0.0000  16.00
  17.00    8.5967E+00    0.0000    0.0000    0.0000    0.0000    0.0000    0.0000    0.0000    0.0000    0.0000  17.00
  18.00    8.1604E+00    0.0000    0.0000    0.0000    0.0000    0.0000    0.0000    0.0000    0.0000    0.0000  18.00
  19.00    7.7048E+00    0.0000    0.0000    0.0000    0.0000    0.0000    0.0000    0.0000    0.0000    0.0000  19.00
  20.00    7.2381E+00    0.0000    0.0000    0.0000    0.0000    0.0000    0.0000    0.0000    0.0000    0.0000  20.00
  21.00    6.7699E+00    0.0000    0.0000    0.0000    0.0000    0.0000    0.0000    0.0000    0.0000    0.0000  21.00
  22.00    6.3100E+00    0.0000    0.0000    0.0000    0.0000    0.0000    0.0000    0.0000    0.0000    0.0000  22.00
  23.00    5.8670E+00    0.0000    0.0000    0.0000    0.0000    0.0000    0.0000    0.0000    0.0000    0.0000  23.00
  24.00    5.4474E+00    0.0000    0.0000    0.0000    0.0000    0.0000    0.0000    0.0000    0.0000    0.0000  24.00
  25.00    5.0551E+00    0.0000    0.0000    0.0000    0.0000    0.0000    0.0000    0.0000    0.0000    0.0000  25.00
  26.00    4.6908E+00    0.0000    0.0000    0.0000    0.0000    0.0000    0.0000    0.0000    0.0000    0.0000  26.00
  27.00    4.3525E+00    0.0000    0.0000    0.0000    0.0000    0.0000    0.0000    0.0000    0.0000    0.0000  27.00
  28.00    4.0364E+00    0.0000    0.0000    0.0000    0.0000    0.0000    0.0000    0.0000    0.0000    0.0000  28.00
  29.00    3.7376E+00    0.0000    0.0000    0.0000    0.0000    0.0000    0.0000    0.0000    0.0000    0.0000  29.00
  30.00    3.4512E+00    0.0000    0.0000    0.0000    0.0000    0.0000    0.0000    0.0000    0.0000    0.0000  30.00
  31.00    3.1736E+00    0.0000    0.0000    0.0000    0.0000    0.0000    0.0000    0.0000    0.0000    0.0000  31.00
  32.00    2.9029E+00    0.0000    0.0000    0.0000    0.0000    0.0000    0.0000    0.0000    0.0000    0.0000  32.00
  33.00    2.6393E+00    0.0000    0.0000    0.0000    0.0000    0.0000    0.0000    0.0000    0.0000    0.0000  33.00
  34.00    2.3848E+00    0.0000    0.0000    0.0000    0.0000    0.0000    0.0000    0.0000    0.0000    0.0000  34.00
  35.00    2.1429E+00    0.0000    0.0000    0.0000    0.0000    0.0000    0.0000    0.0000    0.0000    0.0000  35.00
  36.00    1.9174E+00    0.0000    0.0000    0.0000    0.0000    0.0000    0.0000    0.0000    0.0000    0.0000  36.00
  37.00    1.7115E+00    0.0000    0.0000    0.0000    0.0000    0.0000    0.0000    0.0000    0.0000    0.0000  37.00
  38.00    1.5273E+00    0.0000    0.0000    0.0000    0.0000    0.0000    0.0000    0.0000    0.0000    0.0000  38.00
  39.00    1.3654E+00    0.0000    0.0000    0.0000    0.0000    0.0000    0.0000    0.0000    0.0000    0.0000  39.00
  40.00    1.2247E+00    0.0000    0.0000    0.0000    0.0000    0.0000    0.0000    0.0000    0.0000    0.0000  40.00
  41.00    1.1032E+00    0.0000    0.0000    0.0000    0.0000    0.0000    0.0000    0.0000    0.0000    0.0000  41.00
  42.00    9.9816E-01    0.0000    0.0000    0.0000    0.0000    0.0000    0.0000    0.0000    0.0000    0.0000  42.00
  43.00    9.0698E-01    0.0000    0.0000    0.0000    0.0000    0.0000    0.0000    0.0000    0.0000    0.0000  43.00
  44.00    8.2747E-01    0.0000    0.0000    0.0000    0.0000    0.0000    0.0000    0.0000    0.0000    0.0000  44.00
  45.00    7.5818E-01    0.0000    0.0000    0.0000    0.0000    0.0000    0.0000    0.0000    0.0000    0.0000  45.00
  46.00    6.9837E-01    0.0000    0.0000    0.0000    0.0000    0.0000    0.0000    0.0000    0.0000    0.0000  46.00
  47.00    6.4789E-01    0.0000    0.0000    0.0000    0.0000    0.0000    0.0000    0.0000    0.0000    0.0000  47.00
  48.00    6.0688E-01    0.0000    0.0000    0.0000    0.0000    0.0000    0.0000    0.0000    0.0000    0.0000  48.00
  49.00    5.7540E-01    0.0000    0.0000    0.0000    0.0000    0.0000    0.0000    0.0000    0.0000    0.0000  49.00
  50.00    5.5316E-01    0.0000    0.0000    0.0000    0.0000    0.0000    0.0000    0.0000    0.0000    0.0000  50.00
  51.00    5.3929E-01    0.0000    0.0000    0.0000    0.0000    0.0000    0.0000    0.0000    0.0000    0.0000  51.00
  52.00    5.3241E-01    0.0000    0.0000    0.0000    0.0000    0.0000    0.0000    0.0000    0.0000    0.0000  52.00
  53.00    5.3076E-01    0.0000    0.0000    0.0000    0.0000    0.0000    0.0000    0.0000    0.0000    0.0000  53.00
  54.00    5.3258E-01    0.0000    0.0000    0.0000    0.0000    0.0000    0.0000    0.0000    0.0000    0.0000  54.00
  55.00    5.3639E-01    0.0000    0.0000    0.0000    0.0000    0.0000    0.0000    0.0000    0.0000    0.0000  55.00
  56.00    5.4125E-01    0.0000    0.0000    0.0000    0.0000    0.0000    0.0000    0.0000    0.0000    0.0000  56.00
  57.00    5.4679E-01    0.0000    0.0000    0.0000    0.0000    0.0000    0.0000    0.0000    0.0000    0.0000  57.00
  58.00    5.5315E-01    0.0000    0.0000    0.0000    0.0000    0.0000    0.0000    0.0000    0.0000    0.0000  58.00
  59.00    5.6075E-01    0.0000    0.0000    0.0000    0.0000    0.0000    0.0000    0.0000    0.0000    0.0000  59.00
  60.00    5.7004E-01    0.0000    0.0000    0.0000    0.0000    0.0000    0.0000    0.0000    0.0000    0.0000  60.00
0Tot-sig   1.1702E+01
1DWUCK4-DISTORTED WAVES U.COLORADO- PC-VERSION  12/Jan /1995
 Elapsed time in seconds =   0.00
 Elapsed time in seconds =   0.00
0CONTROL INTEGERS
  1 2 3 4 5 6 7 8 9 A B C D E F G H I J K    RUN IDENTIFICATION                                             0/00/00   0.00.00
  9 0 0 0 0 0 0 0 0 0 0 0 0 0 0 0 0 0 0 0    END OF DATA for DWUCK4                                      
STOP  End of data
