1********************DWUCK4 AT YOUR SERVICE********************

 installed         Mon May 21 11:05:50 1990                
 today is          Wed Feb 25 10:22:44 2026




















                    *******************************************************
                    *                                                     *
                    * User     : calemhoffman                             *
                    * Directory: <- /Users/calemhoffman/Documents/GitHub/ *
                    * Input    : Standard Input                           *
                    * Output   : Standard Output                          *
                    *                                                     *
                    *******************************************************
1
0DWUCK4-DISTORTED WAVES U.COLORADO- PC-VERSION  12/Jan /1995
 Elapsed time in seconds =   0.00
 Elapsed time in seconds =   0.00
0CONTROL INTEGERS
  1 2 3 4 5 6 7 8 9 A B C D E F G H I J K    RUN IDENTIFICATION                                             0/00/00   0.00.00
  1 0 0 1 0 0 0 0 0 0 2 0 0 0 0 0 0 0 0 0    10Be(d,p)11Be  17.4MeV  0 keV  0d5/2 bound AK               
 10Be(d,p)11Be  17.4MeV  0 keV  0d5/2 bound AK               
 Adwck4 entered
0ANGLE DATA          THETN=  61.0000   THET1=   0.0000   DTHET=   1.0000   A-ANG=   0.0000   B-ANG=   0.0000
0CARD SET 3 DATA     LMAX =  30          LTR=   2
                     NLTR =   1        2*JTR=   5
0CARD SET 4 DATA     DRF  =   0.1000   RZ   =   0.0000   RMAX =  50.0000   VCE  =   0.0000   FNRNG=   0.0000
 PARTICLE DATA 
0PARTICLE 1*******************************************************************************************************************
 INPUT DATA          ELAB =  17.4000   RC0  =   1.3030   AC   =   0.0000   2*STR=   2.0000
                     MASSP=   2.0000   MASST=  10.0000   Q    =   0.0000
                     ZP   =   1.0000   ZT   =   4.0000   PNLOC=   0.0000
 
 DERIVED DATA        ECM  =  14.5000   RC   =   2.8072   RHO  =   3.0186
                     K    =   1.0753   ETA  =   0.2136   DR   =   0.1000
0POTENTIAL PARAMETERS
 NX=1 VOLUME  W-S    V RL = -88.7440   R0RL =   1.1480   A RL =   0.7460   R RL =   2.4733   VSOR =   0.0000
                     V IM =  -2.1860   R0IM =   1.3510   A IM =   0.6400   R IM =   2.9106   VSOI =   0.0000   POWR =   0.0000
 NX=2 SURFACE W-S    V RL =   0.0000   R0RL =   0.0000   A RL =   0.0000   R RL =   0.0000   VSOR =   0.0000
                     V IM =  10.2980   R0IM =   1.4050   A IM =   0.6650   R IM =   3.0270   VSOI =   0.0000   POWR =   0.0000
 NX=4 L*S VOLUME     V RL =  -3.5570   R0RL =   0.9720   A RL =   1.0110   R RL =   2.0941   VSOR =   0.0000
                     V IM =   0.0000   R0IM =   0.0000   A IM =   0.0000   R IM =   0.0000   VSOI =   0.0000   POWR =   0.0000
0PARTICLE 2*******************************************************************************************************************
 INPUT DATA          ELAB =  13.9407   RC0  =   1.5780   AC   =   0.0000   2*STR=   1.0000
                     MASSP=   1.0000   MASST=  11.0000   Q    =  -1.7210
                     ZP   =   1.0000   ZT   =   4.0000   PNLOC=   0.0000
 
 DERIVED DATA        ECM  =  12.7790   RC   =   3.5094   RHO  =   2.6273
                     K    =   0.7486   ETA  =   0.1687   DR   =   0.0909
0POTENTIAL PARAMETERS
 NX=1 VOLUME  W-S    V RL = -55.9170   R0RL =   1.1220   A RL =   0.6760   R RL =   2.4953   VSOR =   0.0000
                     V IM =  -1.2020   R0IM =   1.1220   A IM =   0.6760   R IM =   2.4953   VSOI =   0.0000   POWR =   0.0000
 NX=2 SURFACE W-S    V RL =   0.0000   R0RL =   0.0000   A RL =   0.0000   R RL =   0.0000   VSOR =   0.0000
                     V IM =   9.8960   R0IM =   1.3070   A IM =   0.5240   R IM =   2.9067   VSOI =   0.0000   POWR =   0.0000
 NX=4 L*S VOLUME     V RL =  -5.4500   R0RL =   0.8940   A RL =   0.5900   R RL =   1.9882   VSOR =   0.0000
                     V IM =   0.0580   R0IM =   0.8940   A IM =   0.5900   R IM =   1.9882   VSOI =   0.0000   POWR =   0.0000
110Be(d,p)11Be  17.4MeV  0 keV  0d5/2 bound AK                  0/ 0/ 0
0FORM FACTOR DATA 
0PARTICLE 3*******************************************************************************************************************
 INPUT DATA          ELAB =  -0.5040   RC0  =   1.3000   AC   =   0.0000   2*STR=   1.0000
                     MASSP=   1.0000   MASST=  10.0000   Q    =  -0.5040
                     ZP   =   0.0000   ZT   =   4.0000   PNLOC=   0.0000
 
 DERIVED DATA        ECM  =  -0.5040   RC   =   2.8008   RHO  =   0.4147
                     K    =   0.1481   ETA  =   0.0000   DR   =   0.1000
0POTENTIAL PARAMETERS
 NX=1 VOLUME  W-S    V RL =  -1.0000   R0RL =   1.2500   A RL =   0.6500   R RL =   2.6930   VSOR =   0.0000
                     V IM =   0.0000   R0IM =   0.0000   A IM =   0.0000   R IM =   0.0000   VSOI =   0.0000   POWR =   0.0000
 NX=4 L*S VOLUME     V RL =  -6.0000   R0RL =   1.1000   A RL =   0.6500   R RL =   2.3699   VSOR =   0.0000
                     V IM =   0.0000   R0IM =   0.0000   A IM =   0.0000   R IM =   0.0000   VSOI =   0.0000   POWR =   0.0000
 
                     NODES=   0.0000   L    =   2.0000   2*J  =   5.0000   2*S  =   1.0000   FISW =   0.0000
 
                     V    =  27.6972   DET  =  -0.0002   NODES=   0.0000   RM   =   3.8500   E    =  -0.5040   ITER.=   5
0                    LMAX =  30        NSTEP= 400        NLTR =   1
 Bdwck4 entered
   Subroutine INTEG  entered
0REACSIG 1   6.72491E+01                                             REACSIG 2   3.92870E+01
   Subroutine RADINT entered
110Be(d,p)11Be  17.4MeV  0 keV  0d5/2 bound AK                  0/00/00
0BASIC DATA          DR   =   0.1000   RMIN =   0.0000   RMAX =  40.0000   COUEX=   0.0000     IS1=   1.0000
                     FNRNG=   0.0000   PNLC1=   0.0000   PNLC2=   0.0000   PNLC3=   0.0000     IS2=   0.5000
 ANG MOM TRANSFER    LTR  =   2.       2*JTR=   5.       2*STR=   1.       Q    =  -1.7210
   Subroutine INSIG  entered
0 Theta Inelsig,fm**2      Polz       Asy       Ayy       A22       A21       A20       T22       T21       T20  Theta
   0.00    1.4777E+01    0.0000    0.0000    0.0152    0.0000    0.0000   -0.0209    0.0000    0.0000    0.0000   0.00
   1.00    1.4750E+01   -0.0049   -0.0086    0.0153   -0.0000   -0.0003   -0.0210    0.0000    0.0000    0.0000   1.00
   2.00    1.4670E+01   -0.0098   -0.0173    0.0154   -0.0001   -0.0005   -0.0210    0.0000    0.0000    0.0000   2.00
   3.00    1.4539E+01   -0.0146   -0.0258    0.0156   -0.0001   -0.0008   -0.0211    0.0000    0.0000    0.0000   3.00
   4.00    1.4358E+01   -0.0194   -0.0343    0.0159   -0.0003   -0.0010   -0.0212    0.0000    0.0000    0.0000   4.00
   5.00    1.4129E+01   -0.0242   -0.0426    0.0163   -0.0004   -0.0013   -0.0214    0.0000    0.0000    0.0000   5.00
   6.00    1.3856E+01   -0.0288   -0.0507    0.0167   -0.0006   -0.0015   -0.0216    0.0000    0.0000    0.0000   6.00
   7.00    1.3542E+01   -0.0335   -0.0587    0.0173   -0.0008   -0.0017   -0.0219    0.0000    0.0000    0.0000   7.00
   8.00    1.3191E+01   -0.0380   -0.0665    0.0179   -0.0010   -0.0020   -0.0222    0.0000    0.0000    0.0000   8.00
   9.00    1.2807E+01   -0.0425   -0.0741    0.0186   -0.0013   -0.0022   -0.0225    0.0000    0.0000    0.0000   9.00
  10.00    1.2394E+01   -0.0469   -0.0815    0.0194   -0.0016   -0.0024   -0.0229    0.0000    0.0000    0.0000  10.00
  11.00    1.1956E+01   -0.0512   -0.0887    0.0203   -0.0019   -0.0026   -0.0234    0.0000    0.0000    0.0000  11.00
  12.00    1.1497E+01   -0.0555   -0.0957    0.0213   -0.0023   -0.0027   -0.0238    0.0000    0.0000    0.0000  12.00
  13.00    1.1021E+01   -0.0598   -0.1026    0.0223   -0.0027   -0.0029   -0.0244    0.0000    0.0000    0.0000  13.00
  14.00    1.0531E+01   -0.0639   -0.1092    0.0235   -0.0031   -0.0031   -0.0249    0.0000    0.0000    0.0000  14.00
  15.00    1.0031E+01   -0.0681   -0.1156    0.0247   -0.0036   -0.0032   -0.0256    0.0000    0.0000    0.0000  15.00
  16.00    9.5247E+00   -0.0723   -0.1219    0.0261   -0.0041   -0.0033   -0.0262    0.0000    0.0000    0.0000  16.00
  17.00    9.0147E+00   -0.0764   -0.1281    0.0275   -0.0046   -0.0034   -0.0270    0.0000    0.0000    0.0000  17.00
  18.00    8.5044E+00   -0.0806   -0.1342    0.0290   -0.0051   -0.0035   -0.0278    0.0000    0.0000    0.0000  18.00
  19.00    7.9968E+00   -0.0849   -0.1402    0.0306   -0.0057   -0.0036   -0.0286    0.0000    0.0000    0.0000  19.00
  20.00    7.4949E+00   -0.0892   -0.1461    0.0323   -0.0063   -0.0036   -0.0295    0.0000    0.0000    0.0000  20.00
  21.00    7.0018E+00   -0.0936   -0.1520    0.0341   -0.0070   -0.0037   -0.0305    0.0000    0.0000    0.0000  21.00
  22.00    6.5201E+00   -0.0981   -0.1580    0.0360   -0.0077   -0.0037   -0.0315    0.0000    0.0000    0.0000  22.00
  23.00    6.0525E+00   -0.1029   -0.1639    0.0379   -0.0084   -0.0036   -0.0325    0.0000    0.0000    0.0000  23.00
  24.00    5.6012E+00   -0.1077   -0.1699    0.0399   -0.0091   -0.0036   -0.0337    0.0000    0.0000    0.0000  24.00
  25.00    5.1681E+00   -0.1128   -0.1760    0.0420   -0.0098   -0.0035   -0.0348    0.0000    0.0000    0.0000  25.00
  26.00    4.7545E+00   -0.1182   -0.1821    0.0442   -0.0105   -0.0033   -0.0360    0.0000    0.0000    0.0000  26.00
  27.00    4.3615E+00   -0.1237   -0.1883    0.0463   -0.0113   -0.0032   -0.0373    0.0000    0.0000    0.0000  27.00
  28.00    3.9895E+00   -0.1296   -0.1946    0.0485   -0.0120   -0.0029   -0.0385    0.0000    0.0000    0.0000  28.00
  29.00    3.6390E+00   -0.1357   -0.2010    0.0506   -0.0127   -0.0027   -0.0398    0.0000    0.0000    0.0000  29.00
  30.00    3.3098E+00   -0.1421   -0.2073    0.0527   -0.0134   -0.0023   -0.0411    0.0000    0.0000    0.0000  30.00
  31.00    3.0020E+00   -0.1488   -0.2136    0.0546   -0.0140   -0.0019   -0.0423    0.0000    0.0000    0.0000  31.00
  32.00    2.7153E+00   -0.1558   -0.2197    0.0563   -0.0145   -0.0014   -0.0435    0.0000    0.0000    0.0000  32.00
  33.00    2.4496E+00   -0.1630   -0.2255    0.0577   -0.0149   -0.0008   -0.0445    0.0000    0.0000    0.0000  33.00
  34.00    2.2049E+00   -0.1704   -0.2308    0.0587   -0.0151   -0.0001   -0.0454    0.0000    0.0000    0.0000  34.00
  35.00    1.9812E+00   -0.1778   -0.2353    0.0590   -0.0150    0.0007   -0.0460    0.0000    0.0000    0.0000  35.00
  36.00    1.7783E+00   -0.1851   -0.2386    0.0586   -0.0147    0.0016   -0.0463    0.0000    0.0000    0.0000  36.00
  37.00    1.5961E+00   -0.1919   -0.2401    0.0571   -0.0139    0.0027   -0.0460    0.0000    0.0000    0.0000  37.00
  38.00    1.4343E+00   -0.1979   -0.2393    0.0543   -0.0126    0.0040   -0.0452    0.0000    0.0000    0.0000  38.00
  39.00    1.2924E+00   -0.2026   -0.2356    0.0499   -0.0107    0.0053   -0.0436    0.0000    0.0000    0.0000  39.00
  40.00    1.1697E+00   -0.2055   -0.2281    0.0437   -0.0082    0.0068   -0.0411    0.0000    0.0000    0.0000  40.00
  41.00    1.0655E+00   -0.2061   -0.2162    0.0355   -0.0049    0.0084   -0.0376    0.0000    0.0000    0.0000  41.00
  42.00    9.7885E-01   -0.2036   -0.1993    0.0252   -0.0008    0.0101   -0.0330    0.0000    0.0000    0.0000  42.00
  43.00    9.0867E-01   -0.1978   -0.1772    0.0128    0.0040    0.0116   -0.0272    0.0000    0.0000    0.0000  43.00
  44.00    8.5398E-01   -0.1883   -0.1500   -0.0014    0.0094    0.0131   -0.0204    0.0000    0.0000    0.0000  44.00
  45.00    8.1375E-01   -0.1751   -0.1184   -0.0168    0.0152    0.0144   -0.0129    0.0000    0.0000    0.0000  45.00
  46.00    7.8703E-01   -0.1587   -0.0836   -0.0329    0.0212    0.0154   -0.0048    0.0000    0.0000    0.0000  46.00
  47.00    7.7288E-01   -0.1397   -0.0470   -0.0489    0.0271    0.0160    0.0034    0.0000    0.0000    0.0000  47.00
  48.00    7.7039E-01   -0.1191   -0.0103   -0.0639    0.0325    0.0163    0.0113    0.0000    0.0000    0.0000  48.00
  49.00    7.7865E-01   -0.0980    0.0247   -0.0773    0.0373    0.0163    0.0186    0.0000    0.0000    0.0000  49.00
  50.00    7.9672E-01   -0.0774    0.0568   -0.0887    0.0412    0.0159    0.0250    0.0000    0.0000    0.0000  50.00
  51.00    8.2364E-01   -0.0580    0.0851   -0.0979    0.0443    0.0153    0.0304    0.0000    0.0000    0.0000  51.00
  52.00    8.5840E-01   -0.0405    0.1091   -0.1047    0.0465    0.0145    0.0347    0.0000    0.0000    0.0000  52.00
  53.00    9.0000E-01   -0.0251    0.1289   -0.1095    0.0480    0.0136    0.0379    0.0000    0.0000    0.0000  53.00
  54.00    9.4742E-01   -0.0120    0.1447   -0.1124    0.0487    0.0126    0.0403    0.0000    0.0000    0.0000  54.00
  55.00    9.9973E-01   -0.0009    0.1569   -0.1138    0.0488    0.0116    0.0418    0.0000    0.0000    0.0000  55.00
  56.00    1.0560E+00    0.0082    0.1661   -0.1139    0.0485    0.0105    0.0427    0.0000    0.0000    0.0000  56.00
  57.00    1.1155E+00    0.0155    0.1728   -0.1130    0.0479    0.0096    0.0430    0.0000    0.0000    0.0000  57.00
  58.00    1.1775E+00    0.0214    0.1775   -0.1113    0.0469    0.0086    0.0429    0.0000    0.0000    0.0000  58.00
  59.00    1.2414E+00    0.0260    0.1805   -0.1090    0.0458    0.0078    0.0425    0.0000    0.0000    0.0000  59.00
  60.00    1.3064E+00    0.0295    0.1821   -0.1063    0.0445    0.0069    0.0419    0.0000    0.0000    0.0000  60.00
0Tot-sig   3.2959E+01
1DWUCK4-DISTORTED WAVES U.COLORADO- PC-VERSION  12/Jan /1995
 Elapsed time in seconds =   0.00
 Elapsed time in seconds =   0.00
0CONTROL INTEGERS
  1 2 3 4 5 6 7 8 9 A B C D E F G H I J K    RUN IDENTIFICATION                                             0/00/00   0.00.00
  9 0 0 0 0 0 0 0 0 0 0 0 0 0 0 0 0 0 0 0    END OF DATA for DWUCK4                                      
STOP  End of data
