1********************DWUCK4 AT YOUR SERVICE********************

 installed         Mon May 21 11:05:50 1990                
 today is          Thu Feb 26 22:48:15 2026




















                    *******************************************************
                    *                                                     *
                    * User     : calemhoffman                             *
                    * Directory: <- /Users/calemhoffman/Documents/GitHub/ *
                    * Input    : Standard Input                           *
                    * Output   : Standard Output                          *
                    *                                                     *
                    *******************************************************
1
0DWUCK4-DISTORTED WAVES U.COLORADO- PC-VERSION  12/Jan /1995
 Elapsed time in seconds =   0.00
 Elapsed time in seconds =   0.00
0CONTROL INTEGERS
  1 2 3 4 5 6 7 8 9 A B C D E F G H I J K    RUN IDENTIFICATION                                             0/00/00   0.00.00
  1 0 0 1 0 0 0 0 0 0 2 0 0 0 0 0 0 0 0 0    10Be(d,p) @ 17.4MeV Ex=2.65MeV L=1 AK params                
 10Be(d,p) @ 17.4MeV Ex=2.65MeV L=1 AK params                
 Adwck4 entered
0ANGLE DATA          THETN=  60.0000   THET1=   0.0000   DTHET=   1.0000   A-ANG=   0.0000   B-ANG=   0.0000
0CARD SET 3 DATA     LMAX =  30          LTR=   1
                     NLTR =   1        2*JTR=   3
0CARD SET 4 DATA     DRF  =   0.1000   RZ   =   0.0000   RMAX =  50.0000   VCE  =   0.0000   FNRNG=   0.0000
 PARTICLE DATA 
0PARTICLE 1*******************************************************************************************************************
 INPUT DATA          ELAB =  17.4000   RC0  =   1.3030   AC   =   0.0000   2*STR=   2.0000
                     MASSP=   2.0000   MASST=  10.0000   Q    =   0.0000
                     ZP   =   1.0000   ZT   =   4.0000   PNLOC=   0.0000
 
 DERIVED DATA        ECM  =  14.5000   RC   =   2.8072   RHO  =   3.0186
                     K    =   1.0753   ETA  =   0.2136   DR   =   0.1000
0POTENTIAL PARAMETERS
 NX=1 VOLUME  W-S    V RL = -88.7440   R0RL =   1.1480   A RL =   0.7460   R RL =   2.4733   VSOR =   0.0000
                     V IM =  -2.1860   R0IM =   1.3350   A IM =   0.6400   R IM =   2.8762   VSOI =   0.0000   POWR =   0.0000
 NX=2 SURFACE W-S    V RL =   0.0000   R0RL =   0.0000   A RL =   0.0000   R RL =   0.0000   VSOR =   0.0000
                     V IM =  86.0600   R0IM =   1.4050   A IM =   0.6650   R IM =   3.0270   VSOI =   0.0000   POWR =   0.0000
 NX=4 L*S VOLUME     V RL = -14.2280   R0RL =   0.9720   A RL =   1.0110   R RL =   2.0941   VSOR =   0.0000
                     V IM =   0.0000   R0IM =   0.0000   A IM =   0.0000   R IM =   0.0000   VSOI =   0.0000   POWR =   0.0000
0PARTICLE 2*******************************************************************************************************************
 INPUT DATA          ELAB =  11.0465   RC0  =   1.5780   AC   =   0.0000   2*STR=   1.0000
                     MASSP=   1.0000   MASST=  11.0000   Q    =  -4.3740
                     ZP   =   1.0000   ZT   =   4.0000   PNLOC=   0.0000
 
 DERIVED DATA        ECM  =  10.1260   RC   =   3.5094   RHO  =   2.3387
                     K    =   0.6664   ETA  =   0.1895   DR   =   0.0909
0POTENTIAL PARAMETERS
 NX=1 VOLUME  W-S    V RL = -56.2800   R0RL =   1.1220   A RL =   0.6760   R RL =   2.4953   VSOR =   0.0000
                     V IM =  -1.1170   R0IM =   1.1220   A IM =   0.6760   R IM =   2.4953   VSOI =   0.0000   POWR =   0.0000
 NX=2 SURFACE W-S    V RL =   0.0000   R0RL =   0.0000   A RL =   0.0000   R RL =   0.0000   VSOR =   0.0000
                     V IM =  65.2500   R0IM =   1.3070   A IM =   0.5240   R IM =   2.9067   VSOI =   0.0000   POWR =   0.0000
 NX=4 L*S VOLUME     V RL = -21.8760   R0RL =   0.8940   A RL =   0.5900   R RL =   1.9882   VSOR =   0.0000
                     V IM =   0.2160   R0IM =   0.8940   A IM =   0.5900   R IM =   1.9882   VSOI =   0.0000   POWR =   0.0000
110Be(d,p) @ 17.4MeV Ex=2.65MeV L=1 AK params                   0/ 0/ 0
0FORM FACTOR DATA 
0PARTICLE 3*******************************************************************************************************************
 INPUT DATA          ELAB =  -0.2000   RC0  =   1.3000   AC   =   0.0000   2*STR=   1.0000
                     MASSP=   1.0000   MASST=  10.0000   Q    =  -0.2000
                     ZP   =   0.0000   ZT   =   4.0000   PNLOC=   0.0000
 
 DERIVED DATA        ECM  =  -0.2000   RC   =   2.8008   RHO  =   0.2612
                     K    =   0.0933   ETA  =   0.0000   DR   =   0.1000
0POTENTIAL PARAMETERS
 NX=1 VOLUME  W-S    V RL =  -1.0000   R0RL =   1.2500   A RL =   0.6500   R RL =   2.6930   VSOR =  24.0000
                     V IM =   0.0000   R0IM =   0.0000   A IM =   0.0000   R IM =   0.0000   VSOI =   0.0000   POWR =   0.0000
 
                     NODES=   1.0000   L    =   1.0000   2*J  =   3.0000   2*S  =   1.0000   FISW =   0.0000
 
                     V    =  93.6552   DET  =  -0.0002   NODES=   1.0000   RM   =   5.2500   E    =  -0.2000   ITER.=   8
0                    LMAX =  30        NSTEP= 400        NLTR =   1
 Bdwck4 entered
   Subroutine INTEG  entered
0REACSIG 1   1.09415E+02                                             REACSIG 2   7.87523E+01
   Subroutine RADINT entered
110Be(d,p) @ 17.4MeV Ex=2.65MeV L=1 AK params                   0/00/00
0BASIC DATA          DR   =   0.1000   RMIN =   0.0000   RMAX =  40.0000   COUEX=   0.0000     IS1=   1.0000
                     FNRNG=   0.0000   PNLC1=   0.0000   PNLC2=   0.0000   PNLC3=   0.0000     IS2=   0.5000
 ANG MOM TRANSFER    LTR  =   1.       2*JTR=   3.       2*STR=   1.       Q    =  -4.3740
   Subroutine INSIG  entered
0 Theta Inelsig,fm**2      Polz       Asy       Ayy       A22       A21       A20       T22       T21       T20  Theta
   0.00    2.2404E+00    0.0000    0.0000   -0.0153    0.0000    0.0000    0.0222    0.0000    0.0000    0.0000   0.00
   1.00    2.2326E+00    0.0017    0.0017   -0.0154    0.0000    0.0007    0.0222    0.0000    0.0000    0.0000   1.00
   2.00    2.2094E+00    0.0033    0.0033   -0.0156    0.0001    0.0013    0.0223    0.0000    0.0000    0.0000   2.00
   3.00    2.1712E+00    0.0049    0.0049   -0.0159    0.0003    0.0020    0.0225    0.0000    0.0000    0.0000   3.00
   4.00    2.1190E+00    0.0065    0.0062   -0.0164    0.0005    0.0027    0.0227    0.0000    0.0000    0.0000   4.00
   5.00    2.0539E+00    0.0078    0.0074   -0.0171    0.0007    0.0034    0.0229    0.0000    0.0000    0.0000   5.00
   6.00    1.9773E+00    0.0090    0.0081   -0.0179    0.0011    0.0042    0.0233    0.0000    0.0000    0.0000   6.00
   7.00    1.8912E+00    0.0100    0.0085   -0.0189    0.0015    0.0049    0.0236    0.0000    0.0000    0.0000   7.00
   8.00    1.7975E+00    0.0106    0.0082   -0.0200    0.0020    0.0057    0.0241    0.0000    0.0000    0.0000   8.00
   9.00    1.6984E+00    0.0109    0.0072   -0.0213    0.0025    0.0066    0.0246    0.0000    0.0000    0.0000   9.00
  10.00    1.5962E+00    0.0106    0.0053   -0.0228    0.0032    0.0074    0.0251    0.0000    0.0000    0.0000  10.00
  11.00    1.4933E+00    0.0098    0.0023   -0.0245    0.0039    0.0083    0.0256    0.0000    0.0000    0.0000  11.00
  12.00    1.3917E+00    0.0083   -0.0019   -0.0264    0.0048    0.0093    0.0262    0.0000    0.0000    0.0000  12.00
  13.00    1.2935E+00    0.0060   -0.0074   -0.0284    0.0057    0.0102    0.0268    0.0000    0.0000    0.0000  13.00
  14.00    1.2001E+00    0.0029   -0.0144   -0.0305    0.0067    0.0112    0.0273    0.0000    0.0000    0.0000  14.00
  15.00    1.1128E+00   -0.0010   -0.0227   -0.0327    0.0078    0.0121    0.0278    0.0000    0.0000    0.0000  15.00
  16.00    1.0320E+00   -0.0057   -0.0323   -0.0350    0.0089    0.0131    0.0282    0.0000    0.0000    0.0000  16.00
  17.00    9.5791E-01   -0.0112   -0.0432   -0.0373    0.0101    0.0139    0.0286    0.0000    0.0000    0.0000  17.00
  18.00    8.9021E-01   -0.0175   -0.0550   -0.0396    0.0113    0.0148    0.0289    0.0000    0.0000    0.0000  18.00
  19.00    8.2819E-01   -0.0244   -0.0677   -0.0419    0.0126    0.0155    0.0291    0.0000    0.0000    0.0000  19.00
  20.00    7.7096E-01   -0.0319   -0.0811   -0.0441    0.0138    0.0162    0.0292    0.0000    0.0000    0.0000  20.00
  21.00    7.1756E-01   -0.0400   -0.0953   -0.0463    0.0150    0.0169    0.0293    0.0000    0.0000    0.0000  21.00
  22.00    6.6716E-01   -0.0488   -0.1105   -0.0484    0.0162    0.0174    0.0292    0.0000    0.0000    0.0000  22.00
  23.00    6.1914E-01   -0.0584   -0.1267   -0.0504    0.0174    0.0180    0.0291    0.0000    0.0000    0.0000  23.00
  24.00    5.7330E-01   -0.0691   -0.1445   -0.0522    0.0186    0.0184    0.0289    0.0000    0.0000    0.0000  24.00
  25.00    5.2983E-01   -0.0809   -0.1641   -0.0538    0.0197    0.0189    0.0285    0.0000    0.0000    0.0000  25.00
  26.00    4.8934E-01   -0.0939   -0.1855   -0.0548    0.0206    0.0192    0.0277    0.0000    0.0000    0.0000  26.00
  27.00    4.5275E-01   -0.1080   -0.2083   -0.0552    0.0213    0.0195    0.0265    0.0000    0.0000    0.0000  27.00
  28.00    4.2107E-01   -0.1224   -0.2316   -0.0545    0.0216    0.0195    0.0248    0.0000    0.0000    0.0000  28.00
  29.00    3.9513E-01   -0.1363   -0.2535   -0.0525    0.0214    0.0193    0.0224    0.0000    0.0000    0.0000  29.00
  30.00    3.7534E-01   -0.1486   -0.2720   -0.0492    0.0207    0.0188    0.0195    0.0000    0.0000    0.0000  30.00
  31.00    3.6143E-01   -0.1581   -0.2852   -0.0448    0.0195    0.0180    0.0162    0.0000    0.0000    0.0000  31.00
  32.00    3.5245E-01   -0.1643   -0.2921   -0.0395    0.0178    0.0171    0.0127    0.0000    0.0000    0.0000  32.00
  33.00    3.4688E-01   -0.1671   -0.2928   -0.0338    0.0159    0.0160    0.0094    0.0000    0.0000    0.0000  33.00
  34.00    3.4294E-01   -0.1673   -0.2886   -0.0284    0.0140    0.0149    0.0063    0.0000    0.0000    0.0000  34.00
  35.00    3.3895E-01   -0.1657   -0.2807   -0.0233    0.0122    0.0140    0.0037    0.0000    0.0000    0.0000  35.00
  36.00    3.3370E-01   -0.1630   -0.2706   -0.0189    0.0105    0.0131    0.0015    0.0000    0.0000    0.0000  36.00
  37.00    3.2662E-01   -0.1597   -0.2591   -0.0150    0.0090    0.0124   -0.0003    0.0000    0.0000    0.0000  37.00
  38.00    3.1784E-01   -0.1561   -0.2468   -0.0115    0.0077    0.0119   -0.0019    0.0000    0.0000    0.0000  38.00
  39.00    3.0808E-01   -0.1521   -0.2337   -0.0084    0.0064    0.0115   -0.0033    0.0000    0.0000    0.0000  39.00
  40.00    2.9836E-01   -0.1477   -0.2196   -0.0053    0.0052    0.0111   -0.0045    0.0000    0.0000    0.0000  40.00
  41.00    2.8978E-01   -0.1424   -0.2043   -0.0023    0.0039    0.0107   -0.0058    0.0000    0.0000    0.0000  41.00
  42.00    2.8327E-01   -0.1361   -0.1876    0.0008    0.0026    0.0104   -0.0070    0.0000    0.0000    0.0000  42.00
  43.00    2.7940E-01   -0.1285   -0.1694    0.0039    0.0013    0.0100   -0.0082    0.0000    0.0000    0.0000  43.00
  44.00    2.7827E-01   -0.1199   -0.1502    0.0070    0.0000    0.0096   -0.0094    0.0000    0.0000    0.0000  44.00
  45.00    2.7948E-01   -0.1106   -0.1306    0.0098   -0.0011    0.0093   -0.0104    0.0000    0.0000    0.0000  45.00
  46.00    2.8213E-01   -0.1012   -0.1112    0.0122   -0.0022    0.0089   -0.0113    0.0000    0.0000    0.0000  46.00
  47.00    2.8495E-01   -0.0921   -0.0927    0.0141   -0.0030    0.0087   -0.0119    0.0000    0.0000    0.0000  47.00
  48.00    2.8651E-01   -0.0837   -0.0754    0.0155   -0.0036    0.0085   -0.0123    0.0000    0.0000    0.0000  48.00
  49.00    2.8552E-01   -0.0764   -0.0596    0.0163   -0.0040    0.0085   -0.0125    0.0000    0.0000    0.0000  49.00
  50.00    2.8107E-01   -0.0702   -0.0450    0.0167   -0.0042    0.0086   -0.0126    0.0000    0.0000    0.0000  50.00
  51.00    2.7288E-01   -0.0651   -0.0316    0.0166   -0.0042    0.0088   -0.0125    0.0000    0.0000    0.0000  51.00
  52.00    2.6131E-01   -0.0610   -0.0191    0.0161   -0.0041    0.0091   -0.0122    0.0000    0.0000    0.0000  52.00
  53.00    2.4724E-01   -0.0577   -0.0072    0.0152   -0.0037    0.0095   -0.0119    0.0000    0.0000    0.0000  53.00
  54.00    2.3192E-01   -0.0549    0.0043    0.0139   -0.0031    0.0100   -0.0114    0.0000    0.0000    0.0000  54.00
  55.00    2.1661E-01   -0.0524    0.0155    0.0122   -0.0024    0.0105   -0.0107    0.0000    0.0000    0.0000  55.00
  56.00    2.0240E-01   -0.0501    0.0264    0.0101   -0.0015    0.0111   -0.0100    0.0000    0.0000    0.0000  56.00
  57.00    1.9000E-01   -0.0478    0.0368    0.0076   -0.0005    0.0117   -0.0091    0.0000    0.0000    0.0000  57.00
  58.00    1.7972E-01   -0.0453    0.0466    0.0049    0.0007    0.0122   -0.0081    0.0000    0.0000    0.0000  58.00
  59.00    1.7146E-01   -0.0429    0.0557    0.0020    0.0020    0.0127   -0.0070    0.0000    0.0000    0.0000  59.00
0Tot-sig   1.7059E+00
1DWUCK4-DISTORTED WAVES U.COLORADO- PC-VERSION  12/Jan /1995
 Elapsed time in seconds =   0.00
 Elapsed time in seconds =   0.00
0CONTROL INTEGERS
  1 2 3 4 5 6 7 8 9 A B C D E F G H I J K    RUN IDENTIFICATION                                             0/00/00   0.00.00
  1 0 0 1 0 0 0 0 0 0 2 0 0 0 0 0 0 0 0 0    10Be(d,p) @ 17.4MeV Ex=2.65MeV L=1 QG params                
 10Be(d,p) @ 17.4MeV Ex=2.65MeV L=1 QG params                
 Adwck4 entered
0ANGLE DATA          THETN=  60.0000   THET1=   0.0000   DTHET=   1.0000   A-ANG=   0.0000   B-ANG=   0.0000
0CARD SET 3 DATA     LMAX =  30          LTR=   1
                     NLTR =   1        2*JTR=   3
0CARD SET 4 DATA     DRF  =   0.1000   RZ   =   0.0000   RMAX =  50.0000   VCE  =   0.0000   FNRNG=   0.0000
 PARTICLE DATA 
0PARTICLE 1*******************************************************************************************************************
 INPUT DATA          ELAB =  17.4000   RC0  =   1.1500   AC   =   0.0000   2*STR=   2.0000
                     MASSP=   2.0000   MASST=  10.0000   Q    =   0.0000
                     ZP   =   1.0000   ZT   =   4.0000   PNLOC=   0.0000
 
 DERIVED DATA        ECM  =  14.5000   RC   =   2.4776   RHO  =   2.6641
                     K    =   1.0753   ETA  =   0.2136   DR   =   0.1000
0POTENTIAL PARAMETERS
 NX=1 VOLUME  W-S    V RL = -80.8850   R0RL =   1.1500   A RL =   0.8100   R RL =   2.4776   VSOR =   0.0000
                     V IM =   0.0000   R0IM =   0.0000   A IM =   0.0000   R IM =   0.0000   VSOI =   0.0000   POWR =   0.0000
 NX=2 SURFACE W-S    V RL =   0.0000   R0RL =   0.0000   A RL =   0.0000   R RL =   0.0000   VSOR =   0.0000
                     V IM = 158.7400   R0IM =   1.3400   A IM =   0.6800   R IM =   2.8869   VSOI =   0.0000   POWR =   0.0000
 NX=4 L*S VOLUME     V RL =   0.0000   R0RL =   0.0000   A RL =   0.0000   R RL =   0.0000   VSOR =   0.0000
                     V IM =   0.0000   R0IM =   0.0000   A IM =   0.0000   R IM =   0.0000   VSOI =   0.0000   POWR =   0.0000
0PARTICLE 2*******************************************************************************************************************
 INPUT DATA          ELAB =  11.0465   RC0  =   1.3000   AC   =   0.0000   2*STR=   1.0000
                     MASSP=   1.0000   MASST=  11.0000   Q    =  -4.3740
                     ZP   =   1.0000   ZT   =   4.0000   PNLOC=   0.0000
 
 DERIVED DATA        ECM  =  10.1260   RC   =   2.8912   RHO  =   1.9267
                     K    =   0.6664   ETA  =   0.1895   DR   =   0.0909
0POTENTIAL PARAMETERS
 NX=1 VOLUME  W-S    V RL = -57.0960   R0RL =   1.1700   A RL =   0.7500   R RL =   2.6021   VSOR =   0.0000
                     V IM =  -0.1660   R0IM =   1.3200   A IM =   0.7010   R IM =   2.9357   VSOI =   0.0000   POWR =   0.0000
 NX=2 SURFACE W-S    V RL =   0.0000   R0RL =   0.0000   A RL =   0.0000   R RL =   0.0000   VSOR =   0.0000
                     V IM = 103.1700   R0IM =   1.3200   A IM =   0.7010   R IM =   2.9357   VSOI =   0.0000   POWR =   0.0000
 NX=4 L*S VOLUME     V RL = -24.8000   R0RL =   1.1000   A RL =   0.7500   R RL =   2.4464   VSOR =   0.0000
                     V IM =   0.0000   R0IM =   0.0000   A IM =   0.0000   R IM =   0.0000   VSOI =   0.0000   POWR =   0.0000
110Be(d,p) @ 17.4MeV Ex=2.65MeV L=1 QG params                   0/ 0/ 0
0FORM FACTOR DATA 
0PARTICLE 3*******************************************************************************************************************
 INPUT DATA          ELAB =  -0.2000   RC0  =   1.3000   AC   =   0.0000   2*STR=   1.0000
                     MASSP=   1.0000   MASST=  10.0000   Q    =  -0.2000
                     ZP   =   0.0000   ZT   =   4.0000   PNLOC=   0.0000
 
 DERIVED DATA        ECM  =  -0.2000   RC   =   2.8008   RHO  =   0.2612
                     K    =   0.0933   ETA  =   0.0000   DR   =   0.1000
0POTENTIAL PARAMETERS
 NX=1 VOLUME  W-S    V RL =  -1.0000   R0RL =   1.2500   A RL =   0.6500   R RL =   2.6930   VSOR =  24.0000
                     V IM =   0.0000   R0IM =   0.0000   A IM =   0.0000   R IM =   0.0000   VSOI =   0.0000   POWR =   0.0000
 
                     NODES=   1.0000   L    =   1.0000   2*J  =   3.0000   2*S  =   1.0000   FISW =   0.0000
 
                     V    =  93.6552   DET  =  -0.0002   NODES=   1.0000   RM   =   5.2500   E    =  -0.2000   ITER.=   8
0                    LMAX =  30        NSTEP= 400        NLTR =   1
 Bdwck4 entered
   Subroutine INTEG  entered
0REACSIG 1   1.20563E+02                                             REACSIG 2   1.10237E+02
   Subroutine RADINT entered
110Be(d,p) @ 17.4MeV Ex=2.65MeV L=1 QG params                   0/00/00
0BASIC DATA          DR   =   0.1000   RMIN =   0.0000   RMAX =  40.0000   COUEX=   0.0000     IS1=   1.0000
                     FNRNG=   0.0000   PNLC1=   0.0000   PNLC2=   0.0000   PNLC3=   0.0000     IS2=   0.5000
 ANG MOM TRANSFER    LTR  =   1.       2*JTR=   3.       2*STR=   1.       Q    =  -4.3740
   Subroutine INSIG  entered
0 Theta Inelsig,fm**2      Polz       Asy       Ayy       A22       A21       A20       T22       T21       T20  Theta
   0.00    1.8968E+00    0.0000    0.0000    0.0015    0.0000    0.0000   -0.0015    0.0000    0.0000    0.0000   0.00
   1.00    1.8897E+00    0.0012    0.0019    0.0015    0.0000   -0.0000   -0.0015    0.0000    0.0000    0.0000   1.00
   2.00    1.8684E+00    0.0024    0.0038    0.0014    0.0000   -0.0001   -0.0015    0.0000    0.0000    0.0000   2.00
   3.00    1.8336E+00    0.0036    0.0056    0.0013    0.0001   -0.0001   -0.0014    0.0000    0.0000    0.0000   3.00
   4.00    1.7858E+00    0.0048    0.0074    0.0011    0.0001   -0.0001   -0.0013    0.0000    0.0000    0.0000   4.00
   5.00    1.7262E+00    0.0059    0.0090    0.0009    0.0002   -0.0002   -0.0012    0.0000    0.0000    0.0000   5.00
   6.00    1.6563E+00    0.0068    0.0104    0.0007    0.0003   -0.0002   -0.0011    0.0000    0.0000    0.0000   6.00
   7.00    1.5775E+00    0.0076    0.0115    0.0004    0.0004   -0.0002   -0.0009    0.0000    0.0000    0.0000   7.00
   8.00    1.4918E+00    0.0082    0.0121    0.0000    0.0005   -0.0002   -0.0008    0.0000    0.0000    0.0000   8.00
   9.00    1.4012E+00    0.0085    0.0123   -0.0004    0.0007   -0.0003   -0.0005    0.0000    0.0000    0.0000   9.00
  10.00    1.3078E+00    0.0085    0.0118   -0.0009    0.0009   -0.0003   -0.0003    0.0000    0.0000    0.0000  10.00
  11.00    1.2137E+00    0.0081    0.0104   -0.0014    0.0010   -0.0003    0.0000    0.0000    0.0000    0.0000  11.00
  12.00    1.1209E+00    0.0071    0.0082   -0.0019    0.0012   -0.0003    0.0003    0.0000    0.0000    0.0000  12.00
  13.00    1.0312E+00    0.0056    0.0049   -0.0026    0.0014   -0.0003    0.0007    0.0000    0.0000    0.0000  13.00
  14.00    9.4603E-01    0.0035    0.0004   -0.0032    0.0017   -0.0003    0.0011    0.0000    0.0000    0.0000  14.00
  15.00    8.6639E-01    0.0008   -0.0051   -0.0039    0.0019   -0.0003    0.0015    0.0000    0.0000    0.0000  15.00
  16.00    7.9287E-01   -0.0026   -0.0118   -0.0046    0.0021   -0.0003    0.0019    0.0000    0.0000    0.0000  16.00
  17.00    7.2561E-01   -0.0066   -0.0195   -0.0052    0.0023   -0.0003    0.0024    0.0000    0.0000    0.0000  17.00
  18.00    6.6430E-01   -0.0112   -0.0281   -0.0059    0.0025   -0.0002    0.0028    0.0000    0.0000    0.0000  18.00
  19.00    6.0832E-01   -0.0162   -0.0374   -0.0065    0.0027   -0.0002    0.0032    0.0000    0.0000    0.0000  19.00
  20.00    5.5684E-01   -0.0217   -0.0473   -0.0070    0.0028   -0.0001    0.0036    0.0000    0.0000    0.0000  20.00
  21.00    5.0895E-01   -0.0276   -0.0579   -0.0075    0.0029   -0.0000    0.0040    0.0000    0.0000    0.0000  21.00
  22.00    4.6382E-01   -0.0342   -0.0694   -0.0078    0.0030    0.0000    0.0044    0.0000    0.0000    0.0000  22.00
  23.00    4.2079E-01   -0.0415   -0.0823   -0.0081    0.0030    0.0001    0.0047    0.0000    0.0000    0.0000  23.00
  24.00    3.7956E-01   -0.0499   -0.0971   -0.0083    0.0030    0.0002    0.0050    0.0000    0.0000    0.0000  24.00
  25.00    3.4017E-01   -0.0598   -0.1146   -0.0082    0.0029    0.0003    0.0052    0.0000    0.0000    0.0000  25.00
  26.00    3.0307E-01   -0.0715   -0.1355   -0.0079    0.0026    0.0005    0.0054    0.0000    0.0000    0.0000  26.00
  27.00    2.6902E-01   -0.0851   -0.1602   -0.0072    0.0022    0.0006    0.0054    0.0000    0.0000    0.0000  27.00
  28.00    2.3891E-01   -0.1004   -0.1883   -0.0060    0.0015    0.0008    0.0053    0.0000    0.0000    0.0000  28.00
  29.00    2.1353E-01   -0.1167   -0.2183   -0.0041    0.0006    0.0010    0.0049    0.0000    0.0000    0.0000  29.00
  30.00    1.9336E-01   -0.1323   -0.2475   -0.0015   -0.0006    0.0011    0.0042    0.0000    0.0000    0.0000  30.00
  31.00    1.7832E-01   -0.1454   -0.2721    0.0016   -0.0020    0.0013    0.0031    0.0000    0.0000    0.0000  31.00
  32.00    1.6772E-01   -0.1543   -0.2890    0.0051   -0.0034    0.0014    0.0018    0.0000    0.0000    0.0000  32.00
  33.00    1.6041E-01   -0.1585   -0.2969    0.0086   -0.0048    0.0015    0.0003    0.0000    0.0000    0.0000  33.00
  34.00    1.5496E-01   -0.1583   -0.2965    0.0119   -0.0061    0.0016   -0.0012    0.0000    0.0000    0.0000  34.00
  35.00    1.5003E-01   -0.1551   -0.2899    0.0149   -0.0072    0.0017   -0.0027    0.0000    0.0000    0.0000  35.00
  36.00    1.4462E-01   -0.1499   -0.2795    0.0175   -0.0082    0.0017   -0.0041    0.0000    0.0000    0.0000  36.00
  37.00    1.3826E-01   -0.1437   -0.2668    0.0200   -0.0091    0.0018   -0.0054    0.0000    0.0000    0.0000  37.00
  38.00    1.3100E-01   -0.1369   -0.2528    0.0222   -0.0098    0.0019   -0.0067    0.0000    0.0000    0.0000  38.00
  39.00    1.2333E-01   -0.1294   -0.2376    0.0243   -0.0105    0.0019   -0.0080    0.0000    0.0000    0.0000  39.00
  40.00    1.1595E-01   -0.1211   -0.2210    0.0262   -0.0111    0.0020   -0.0092    0.0000    0.0000    0.0000  40.00
  41.00    1.0960E-01   -0.1116   -0.2025    0.0279   -0.0116    0.0020   -0.0104    0.0000    0.0000    0.0000  41.00
  42.00    1.0485E-01   -0.1007   -0.1819    0.0292   -0.0119    0.0021   -0.0114    0.0000    0.0000    0.0000  42.00
  43.00    1.0206E-01   -0.0885   -0.1594    0.0299   -0.0120    0.0020   -0.0123    0.0000    0.0000    0.0000  43.00
  44.00    1.0126E-01   -0.0754   -0.1357    0.0300   -0.0118    0.0020   -0.0129    0.0000    0.0000    0.0000  44.00
  45.00    1.0216E-01   -0.0621   -0.1120    0.0295   -0.0114    0.0019   -0.0132    0.0000    0.0000    0.0000  45.00
  46.00    1.0416E-01   -0.0495   -0.0896    0.0285   -0.0108    0.0018   -0.0132    0.0000    0.0000    0.0000  46.00
  47.00    1.0640E-01   -0.0381   -0.0691    0.0271   -0.0101    0.0017   -0.0131    0.0000    0.0000    0.0000  47.00
  48.00    1.0795E-01   -0.0282   -0.0511    0.0255   -0.0093    0.0016   -0.0128    0.0000    0.0000    0.0000  48.00
  49.00    1.0793E-01   -0.0196   -0.0354    0.0239   -0.0084    0.0016   -0.0125    0.0000    0.0000    0.0000  49.00
  50.00    1.0579E-01   -0.0122   -0.0217    0.0222   -0.0076    0.0015   -0.0122    0.0000    0.0000    0.0000  50.00
  51.00    1.0138E-01   -0.0058   -0.0097    0.0205   -0.0067    0.0015   -0.0119    0.0000    0.0000    0.0000  51.00
  52.00    9.5001E-02   -0.0001    0.0010    0.0187   -0.0058    0.0015   -0.0116    0.0000    0.0000    0.0000  52.00
  53.00    8.7308E-02    0.0051    0.0106    0.0166   -0.0048    0.0015   -0.0112    0.0000    0.0000    0.0000  53.00
  54.00    7.9129E-02    0.0097    0.0191    0.0142   -0.0036    0.0015   -0.0107    0.0000    0.0000    0.0000  54.00
  55.00    7.1259E-02    0.0139    0.0264    0.0113   -0.0022    0.0015   -0.0100    0.0000    0.0000    0.0000  55.00
  56.00    6.4309E-02    0.0174    0.0321    0.0078   -0.0006    0.0014   -0.0090    0.0000    0.0000    0.0000  56.00
  57.00    5.8622E-02    0.0200    0.0360    0.0038    0.0012    0.0014   -0.0079    0.0000    0.0000    0.0000  57.00
  58.00    5.4276E-02    0.0215    0.0379   -0.0004    0.0031    0.0013   -0.0064    0.0000    0.0000    0.0000  58.00
  59.00    5.1127E-02    0.0218    0.0378   -0.0049    0.0051    0.0011   -0.0049    0.0000    0.0000    0.0000  59.00
0Tot-sig   8.9315E-01
1DWUCK4-DISTORTED WAVES U.COLORADO- PC-VERSION  12/Jan /1995
 Elapsed time in seconds =   0.00
 Elapsed time in seconds =   0.00
0CONTROL INTEGERS
  1 2 3 4 5 6 7 8 9 A B C D E F G H I J K    RUN IDENTIFICATION                                             0/00/00   0.00.00
  9 0 0 0 0 0 0 0 0 0 0 0 0 0 0 0 0 0 0 0    END OF DATA for DWUCK4                                      
STOP  End of data
