1********************DWUCK4 AT YOUR SERVICE********************

 installed         Mon May 21 11:05:50 1990                
 today is          Wed Feb 25 11:27:24 2026




















                    *******************************************************
                    *                                                     *
                    * User     : calemhoffman                             *
                    * Directory: <- /Users/calemhoffman/Documents/GitHub/ *
                    * Input    : Standard Input                           *
                    * Output   : Standard Output                          *
                    *                                                     *
                    *******************************************************
1
0DWUCK4-DISTORTED WAVES U.COLORADO- PC-VERSION  12/Jan /1995
 Elapsed time in seconds =   0.00
 Elapsed time in seconds =   0.00
0CONTROL INTEGERS
  1 2 3 4 5 6 7 8 9 A B C D E F G H I J K    RUN IDENTIFICATION                                             0/00/00   0.00.00
  1 0 0 1 0 0 0 0 0 0 2 0 0 0 0 0 0 0 0 0    10Be(d,p)11Be  17.4MeV  0 keV  0d5/2 bound AK               
 10Be(d,p)11Be  17.4MeV  0 keV  0d5/2 bound AK               
 Adwck4 entered
0ANGLE DATA          THETN=  61.0000   THET1=   0.0000   DTHET=   1.0000   A-ANG=   0.0000   B-ANG=   0.0000
0CARD SET 3 DATA     LMAX =  30          LTR=   2
                     NLTR =   1        2*JTR=   5
0CARD SET 4 DATA     DRF  =   0.1000   RZ   =   0.0000   RMAX =  50.0000   VCE  =   0.0000   FNRNG=   0.0000
 PARTICLE DATA 
0PARTICLE 1*******************************************************************************************************************
 INPUT DATA          ELAB =  17.4000   RC0  =   1.3030   AC   =   0.0000   2*STR=   2.0000
                     MASSP=   2.0000   MASST=  10.0000   Q    =   0.0000
                     ZP   =   1.0000   ZT   =   4.0000   PNLOC=   0.0000
 
 DERIVED DATA        ECM  =  14.5000   RC   =   2.8072   RHO  =   3.0186
                     K    =   1.0753   ETA  =   0.2136   DR   =   0.1000
0POTENTIAL PARAMETERS
 NX=1 VOLUME  W-S    V RL = -88.7440   R0RL =   1.1480   A RL =   0.7460   R RL =   2.4733   VSOR =   0.0000
                     V IM =  -2.1860   R0IM =   1.3510   A IM =   0.6400   R IM =   2.9106   VSOI =   0.0000   POWR =   0.0000
 NX=2 SURFACE W-S    V RL =   0.0000   R0RL =   0.0000   A RL =   0.0000   R RL =   0.0000   VSOR =   0.0000
                     V IM =  10.2980   R0IM =   1.4050   A IM =   0.6650   R IM =   3.0270   VSOI =   0.0000   POWR =   0.0000
 NX=4 L*S VOLUME     V RL =  -3.5570   R0RL =   0.9720   A RL =   1.0110   R RL =   2.0941   VSOR =   0.0000
                     V IM =   0.0000   R0IM =   0.0000   A IM =   0.0000   R IM =   0.0000   VSOI =   0.0000   POWR =   0.0000
0PARTICLE 2*******************************************************************************************************************
 INPUT DATA          ELAB =  13.9407   RC0  =   1.5780   AC   =   0.0000   2*STR=   1.0000
                     MASSP=   1.0000   MASST=  11.0000   Q    =  -1.7210
                     ZP   =   1.0000   ZT   =   4.0000   PNLOC=   0.0000
 
 DERIVED DATA        ECM  =  12.7790   RC   =   3.5094   RHO  =   2.6273
                     K    =   0.7486   ETA  =   0.1687   DR   =   0.0909
0POTENTIAL PARAMETERS
 NX=1 VOLUME  W-S    V RL = -55.9170   R0RL =   1.1220   A RL =   0.6760   R RL =   2.4953   VSOR =   0.0000
                     V IM =  -1.2020   R0IM =   1.1220   A IM =   0.6760   R IM =   2.4953   VSOI =   0.0000   POWR =   0.0000
 NX=2 SURFACE W-S    V RL =   0.0000   R0RL =   0.0000   A RL =   0.0000   R RL =   0.0000   VSOR =   0.0000
                     V IM =   9.8960   R0IM =   1.3070   A IM =   0.5240   R IM =   2.9067   VSOI =   0.0000   POWR =   0.0000
 NX=4 L*S VOLUME     V RL =  -5.4500   R0RL =   0.8940   A RL =   0.5900   R RL =   1.9882   VSOR =   0.0000
                     V IM =   0.0580   R0IM =   0.8940   A IM =   0.5900   R IM =   1.9882   VSOI =   0.0000   POWR =   0.0000
110Be(d,p)11Be  17.4MeV  0 keV  0d5/2 bound AK                  0/ 0/ 0
0FORM FACTOR DATA 
0PARTICLE 3*******************************************************************************************************************
 INPUT DATA          ELAB =  -0.5040   RC0  =   1.3000   AC   =   0.0000   2*STR=   1.0000
                     MASSP=   1.0000   MASST=  10.0000   Q    =  -0.5040
                     ZP   =   0.0000   ZT   =   4.0000   PNLOC=   0.0000
 
 DERIVED DATA        ECM  =  -0.5040   RC   =   2.8008   RHO  =   0.4147
                     K    =   0.1481   ETA  =   0.0000   DR   =   0.1000
0POTENTIAL PARAMETERS
 NX=1 VOLUME  W-S    V RL =  -1.0000   R0RL =   1.2500   A RL =   0.6500   R RL =   2.6930   VSOR =   6.0000
                     V IM =   0.0000   R0IM =   0.0000   A IM =   0.0000   R IM =   0.0000   VSOI =   0.0000   POWR =   0.0000
 
                     NODES=   0.0000   L    =   2.0000   2*J  =   5.0000   2*S  =   1.0000   FISW =   0.0000
 
                     V    =  66.4338   DET  =   0.0001   NODES=   0.0000   RM   =   3.8500   E    =  -0.5040   ITER.=   5
0                    LMAX =  30        NSTEP= 400        NLTR =   1
 Bdwck4 entered
   Subroutine INTEG  entered
0REACSIG 1   6.72491E+01                                             REACSIG 2   3.92870E+01
   Subroutine RADINT entered
110Be(d,p)11Be  17.4MeV  0 keV  0d5/2 bound AK                  0/00/00
0BASIC DATA          DR   =   0.1000   RMIN =   0.0000   RMAX =  40.0000   COUEX=   0.0000     IS1=   1.0000
                     FNRNG=   0.0000   PNLC1=   0.0000   PNLC2=   0.0000   PNLC3=   0.0000     IS2=   0.5000
 ANG MOM TRANSFER    LTR  =   2.       2*JTR=   5.       2*STR=   1.       Q    =  -1.7210
   Subroutine INSIG  entered
0 Theta Inelsig,fm**2      Polz       Asy       Ayy       A22       A21       A20       T22       T21       T20  Theta
   0.00    1.4982E+01    0.0000    0.0000    0.0150    0.0000    0.0000   -0.0206    0.0000    0.0000    0.0000   0.00
   1.00    1.4955E+01   -0.0048   -0.0086    0.0150   -0.0000   -0.0003   -0.0206    0.0000    0.0000    0.0000   1.00
   2.00    1.4875E+01   -0.0096   -0.0172    0.0151   -0.0001   -0.0005   -0.0207    0.0000    0.0000    0.0000   2.00
   3.00    1.4744E+01   -0.0144   -0.0257    0.0154   -0.0001   -0.0008   -0.0207    0.0000    0.0000    0.0000   3.00
   4.00    1.4562E+01   -0.0191   -0.0341    0.0156   -0.0003   -0.0010   -0.0209    0.0000    0.0000    0.0000   4.00
   5.00    1.4333E+01   -0.0238   -0.0423    0.0160   -0.0004   -0.0013   -0.0211    0.0000    0.0000    0.0000   5.00
   6.00    1.4059E+01   -0.0284   -0.0504    0.0165   -0.0006   -0.0015   -0.0213    0.0000    0.0000    0.0000   6.00
   7.00    1.3745E+01   -0.0329   -0.0584    0.0170   -0.0008   -0.0017   -0.0215    0.0000    0.0000    0.0000   7.00
   8.00    1.3393E+01   -0.0374   -0.0661    0.0176   -0.0010   -0.0020   -0.0218    0.0000    0.0000    0.0000   8.00
   9.00    1.3007E+01   -0.0418   -0.0736    0.0183   -0.0013   -0.0022   -0.0221    0.0000    0.0000    0.0000   9.00
  10.00    1.2593E+01   -0.0461   -0.0809    0.0191   -0.0016   -0.0024   -0.0225    0.0000    0.0000    0.0000  10.00
  11.00    1.2153E+01   -0.0503   -0.0880    0.0200   -0.0019   -0.0026   -0.0229    0.0000    0.0000    0.0000  11.00
  12.00    1.1691E+01   -0.0545   -0.0949    0.0210   -0.0023   -0.0028   -0.0234    0.0000    0.0000    0.0000  12.00
  13.00    1.1213E+01   -0.0586   -0.1016    0.0220   -0.0027   -0.0029   -0.0239    0.0000    0.0000    0.0000  13.00
  14.00    1.0720E+01   -0.0627   -0.1082    0.0232   -0.0031   -0.0031   -0.0245    0.0000    0.0000    0.0000  14.00
  15.00    1.0216E+01   -0.0667   -0.1145    0.0244   -0.0036   -0.0032   -0.0251    0.0000    0.0000    0.0000  15.00
  16.00    9.7060E+00   -0.0708   -0.1207    0.0257   -0.0041   -0.0034   -0.0257    0.0000    0.0000    0.0000  16.00
  17.00    9.1916E+00   -0.0748   -0.1267    0.0271   -0.0046   -0.0035   -0.0264    0.0000    0.0000    0.0000  17.00
  18.00    8.6764E+00   -0.0788   -0.1327    0.0287   -0.0052   -0.0036   -0.0272    0.0000    0.0000    0.0000  18.00
  19.00    8.1634E+00   -0.0829   -0.1385    0.0303   -0.0058   -0.0037   -0.0280    0.0000    0.0000    0.0000  19.00
  20.00    7.6558E+00   -0.0871   -0.1443    0.0319   -0.0064   -0.0037   -0.0289    0.0000    0.0000    0.0000  20.00
  21.00    7.1565E+00   -0.0914   -0.1501    0.0337   -0.0070   -0.0037   -0.0298    0.0000    0.0000    0.0000  21.00
  22.00    6.6684E+00   -0.0958   -0.1559    0.0356   -0.0077   -0.0038   -0.0308    0.0000    0.0000    0.0000  22.00
  23.00    6.1942E+00   -0.1003   -0.1617    0.0376   -0.0084   -0.0037   -0.0319    0.0000    0.0000    0.0000  23.00
  24.00    5.7360E+00   -0.1051   -0.1676    0.0396   -0.0091   -0.0037   -0.0330    0.0000    0.0000    0.0000  24.00
  25.00    5.2958E+00   -0.1100   -0.1735    0.0417   -0.0099   -0.0036   -0.0341    0.0000    0.0000    0.0000  25.00
  26.00    4.8752E+00   -0.1152   -0.1796    0.0439   -0.0106   -0.0035   -0.0353    0.0000    0.0000    0.0000  26.00
  27.00    4.4750E+00   -0.1206   -0.1857    0.0460   -0.0114   -0.0034   -0.0365    0.0000    0.0000    0.0000  27.00
  28.00    4.0959E+00   -0.1263   -0.1920    0.0483   -0.0122   -0.0032   -0.0378    0.0000    0.0000    0.0000  28.00
  29.00    3.7381E+00   -0.1322   -0.1983    0.0504   -0.0129   -0.0029   -0.0391    0.0000    0.0000    0.0000  29.00
  30.00    3.4018E+00   -0.1385   -0.2047    0.0526   -0.0136   -0.0026   -0.0403    0.0000    0.0000    0.0000  30.00
  31.00    3.0869E+00   -0.1451   -0.2111    0.0546   -0.0143   -0.0022   -0.0416    0.0000    0.0000    0.0000  31.00
  32.00    2.7931E+00   -0.1521   -0.2174    0.0565   -0.0149   -0.0018   -0.0428    0.0000    0.0000    0.0000  32.00
  33.00    2.5206E+00   -0.1592   -0.2235    0.0580   -0.0153   -0.0012   -0.0439    0.0000    0.0000    0.0000  33.00
  34.00    2.2691E+00   -0.1667   -0.2292    0.0592   -0.0156   -0.0006   -0.0448    0.0000    0.0000    0.0000  34.00
  35.00    2.0387E+00   -0.1742   -0.2342    0.0599   -0.0157    0.0002   -0.0455    0.0000    0.0000    0.0000  35.00
  36.00    1.8294E+00   -0.1816   -0.2382    0.0598   -0.0155    0.0011   -0.0459    0.0000    0.0000    0.0000  36.00
  37.00    1.6410E+00   -0.1888   -0.2407    0.0587   -0.0149    0.0021   -0.0459    0.0000    0.0000    0.0000  37.00
  38.00    1.4732E+00   -0.1952   -0.2411    0.0565   -0.0139    0.0033   -0.0453    0.0000    0.0000    0.0000  38.00
  39.00    1.3256E+00   -0.2006   -0.2388    0.0527   -0.0123    0.0046   -0.0440    0.0000    0.0000    0.0000  39.00
  40.00    1.1976E+00   -0.2044   -0.2330    0.0473   -0.0100    0.0060   -0.0418    0.0000    0.0000    0.0000  40.00
  41.00    1.0883E+00   -0.2060   -0.2229    0.0398   -0.0070    0.0076   -0.0386    0.0000    0.0000    0.0000  41.00
  42.00    9.9680E-01   -0.2048   -0.2080    0.0303   -0.0032    0.0092   -0.0344    0.0000    0.0000    0.0000  42.00
  43.00    9.2212E-01   -0.2004   -0.1879    0.0187    0.0013    0.0107   -0.0290    0.0000    0.0000    0.0000  43.00
  44.00    8.6322E-01   -0.1922   -0.1626    0.0052    0.0065    0.0122   -0.0226    0.0000    0.0000    0.0000  44.00
  45.00    8.1908E-01   -0.1804   -0.1324   -0.0098    0.0122    0.0136   -0.0154    0.0000    0.0000    0.0000  45.00
  46.00    7.8872E-01   -0.1650   -0.0985   -0.0257    0.0181    0.0147   -0.0075    0.0000    0.0000    0.0000  46.00
  47.00    7.7122E-01   -0.1468   -0.0622   -0.0416    0.0240    0.0154    0.0006    0.0000    0.0000    0.0000  47.00
  48.00    7.6565E-01   -0.1266   -0.0252   -0.0569    0.0296    0.0159    0.0086    0.0000    0.0000    0.0000  48.00
  49.00    7.7111E-01   -0.1056    0.0108   -0.0708    0.0346    0.0159    0.0160    0.0000    0.0000    0.0000  49.00
  50.00    7.8664E-01   -0.0847    0.0442   -0.0827    0.0388    0.0157    0.0226    0.0000    0.0000    0.0000  50.00
  51.00    8.1128E-01   -0.0648    0.0741   -0.0925    0.0421    0.0152    0.0282    0.0000    0.0000    0.0000  51.00
  52.00    8.4402E-01   -0.0466    0.0998   -0.1000    0.0446    0.0144    0.0328    0.0000    0.0000    0.0000  52.00
  53.00    8.8384E-01   -0.0304    0.1213   -0.1054    0.0462    0.0136    0.0363    0.0000    0.0000    0.0000  53.00
  54.00    9.2973E-01   -0.0164    0.1387   -0.1088    0.0472    0.0126    0.0388    0.0000    0.0000    0.0000  54.00
  55.00    9.8073E-01   -0.0046    0.1524   -0.1106    0.0475    0.0116    0.0405    0.0000    0.0000    0.0000  55.00
  56.00    1.0359E+00    0.0053    0.1630   -0.1111    0.0474    0.0106    0.0416    0.0000    0.0000    0.0000  56.00
  57.00    1.0945E+00    0.0133    0.1709   -0.1105    0.0469    0.0097    0.0420    0.0000    0.0000    0.0000  57.00
  58.00    1.1558E+00    0.0198    0.1765   -0.1091    0.0460    0.0087    0.0421    0.0000    0.0000    0.0000  58.00
  59.00    1.2191E+00    0.0250    0.1804   -0.1070    0.0450    0.0079    0.0418    0.0000    0.0000    0.0000  59.00
  60.00    1.2838E+00    0.0290    0.1829   -0.1045    0.0438    0.0071    0.0412    0.0000    0.0000    0.0000  60.00
0Tot-sig   3.3113E+01
1DWUCK4-DISTORTED WAVES U.COLORADO- PC-VERSION  12/Jan /1995
 Elapsed time in seconds =   0.00
 Elapsed time in seconds =   0.00
0CONTROL INTEGERS
  1 2 3 4 5 6 7 8 9 A B C D E F G H I J K    RUN IDENTIFICATION                                             0/00/00   0.00.00
  1 0 0 1 0 0 0 0 0 0 2 0 0 0 0 0 0 0 0 0    10Be(d,p)11Be  17.4MeV  100 keV  0d5/2 bound AK             
 10Be(d,p)11Be  17.4MeV  100 keV  0d5/2 bound AK             
 Adwck4 entered
0ANGLE DATA          THETN=  61.0000   THET1=   0.0000   DTHET=   1.0000   A-ANG=   0.0000   B-ANG=   0.0000
0CARD SET 3 DATA     LMAX =  30          LTR=   2
                     NLTR =   1        2*JTR=   5
0CARD SET 4 DATA     DRF  =   0.1000   RZ   =   0.0000   RMAX =  50.0000   VCE  =   0.0000   FNRNG=   0.0000
 PARTICLE DATA 
0PARTICLE 1*******************************************************************************************************************
 INPUT DATA          ELAB =  17.4000   RC0  =   1.3030   AC   =   0.0000   2*STR=   2.0000
                     MASSP=   2.0000   MASST=  10.0000   Q    =   0.0000
                     ZP   =   1.0000   ZT   =   4.0000   PNLOC=   0.0000
 
 DERIVED DATA        ECM  =  14.5000   RC   =   2.8072   RHO  =   3.0186
                     K    =   1.0753   ETA  =   0.2136   DR   =   0.1000
0POTENTIAL PARAMETERS
 NX=1 VOLUME  W-S    V RL = -88.7440   R0RL =   1.1480   A RL =   0.7460   R RL =   2.4733   VSOR =   0.0000
                     V IM =  -2.1860   R0IM =   1.3510   A IM =   0.6400   R IM =   2.9106   VSOI =   0.0000   POWR =   0.0000
 NX=2 SURFACE W-S    V RL =   0.0000   R0RL =   0.0000   A RL =   0.0000   R RL =   0.0000   VSOR =   0.0000
                     V IM =  10.2980   R0IM =   1.4050   A IM =   0.6650   R IM =   3.0270   VSOI =   0.0000   POWR =   0.0000
 NX=4 L*S VOLUME     V RL =  -3.5570   R0RL =   0.9720   A RL =   1.0110   R RL =   2.0941   VSOR =   0.0000
                     V IM =   0.0000   R0IM =   0.0000   A IM =   0.0000   R IM =   0.0000   VSOI =   0.0000   POWR =   0.0000
0PARTICLE 2*******************************************************************************************************************
 INPUT DATA          ELAB =  13.8316   RC0  =   1.5780   AC   =   0.0000   2*STR=   1.0000
                     MASSP=   1.0000   MASST=  11.0000   Q    =  -1.8210
                     ZP   =   1.0000   ZT   =   4.0000   PNLOC=   0.0000
 
 DERIVED DATA        ECM  =  12.6790   RC   =   3.5094   RHO  =   2.6170
                     K    =   0.7457   ETA  =   0.1694   DR   =   0.0909
0POTENTIAL PARAMETERS
 NX=1 VOLUME  W-S    V RL = -55.9170   R0RL =   1.1220   A RL =   0.6760   R RL =   2.4953   VSOR =   0.0000
                     V IM =  -1.2020   R0IM =   1.1220   A IM =   0.6760   R IM =   2.4953   VSOI =   0.0000   POWR =   0.0000
 NX=2 SURFACE W-S    V RL =   0.0000   R0RL =   0.0000   A RL =   0.0000   R RL =   0.0000   VSOR =   0.0000
                     V IM =   9.8960   R0IM =   1.3070   A IM =   0.5240   R IM =   2.9067   VSOI =   0.0000   POWR =   0.0000
 NX=4 L*S VOLUME     V RL =  -5.4500   R0RL =   0.8940   A RL =   0.5900   R RL =   1.9882   VSOR =   0.0000
                     V IM =   0.0580   R0IM =   0.8940   A IM =   0.5900   R IM =   1.9882   VSOI =   0.0000   POWR =   0.0000
110Be(d,p)11Be  17.4MeV  100 keV  0d5/2 bound AK                0/ 0/ 0
0FORM FACTOR DATA 
0PARTICLE 3*******************************************************************************************************************
 INPUT DATA          ELAB =  -0.4040   RC0  =   1.3000   AC   =   0.0000   2*STR=   1.0000
                     MASSP=   1.0000   MASST=  10.0000   Q    =  -0.4040
                     ZP   =   0.0000   ZT   =   4.0000   PNLOC=   0.0000
 
 DERIVED DATA        ECM  =  -0.4040   RC   =   2.8008   RHO  =   0.3713
                     K    =   0.1326   ETA  =   0.0000   DR   =   0.1000
0POTENTIAL PARAMETERS
 NX=1 VOLUME  W-S    V RL =  -1.0000   R0RL =   1.2500   A RL =   0.6500   R RL =   2.6930   VSOR =   6.0000
                     V IM =   0.0000   R0IM =   0.0000   A IM =   0.0000   R IM =   0.0000   VSOI =   0.0000   POWR =   0.0000
 
                     NODES=   0.0000   L    =   2.0000   2*J  =   5.0000   2*S  =   1.0000   FISW =   0.0000
 
                     V    =  66.1534   DET  =   0.0000   NODES=   0.0000   RM   =   3.8500   E    =  -0.4040   ITER.=   5
0                    LMAX =  30        NSTEP= 400        NLTR =   1
 Bdwck4 entered
   Subroutine INTEG  entered
0REACSIG 1   6.72491E+01                                             REACSIG 2   3.94727E+01
   Subroutine RADINT entered
110Be(d,p)11Be  17.4MeV  100 keV  0d5/2 bound AK                0/00/00
0BASIC DATA          DR   =   0.1000   RMIN =   0.0000   RMAX =  40.0000   COUEX=   0.0000     IS1=   1.0000
                     FNRNG=   0.0000   PNLC1=   0.0000   PNLC2=   0.0000   PNLC3=   0.0000     IS2=   0.5000
 ANG MOM TRANSFER    LTR  =   2.       2*JTR=   5.       2*STR=   1.       Q    =  -1.8210
   Subroutine INSIG  entered
0 Theta Inelsig,fm**2      Polz       Asy       Ayy       A22       A21       A20       T22       T21       T20  Theta
   0.00    1.5109E+01    0.0000    0.0000    0.0148    0.0000    0.0000   -0.0203    0.0000    0.0000    0.0000   0.00
   1.00    1.5081E+01   -0.0047   -0.0084    0.0149   -0.0000   -0.0003   -0.0204    0.0000    0.0000    0.0000   1.00
   2.00    1.5000E+01   -0.0094   -0.0168    0.0150   -0.0001   -0.0005   -0.0204    0.0000    0.0000    0.0000   2.00
   3.00    1.4865E+01   -0.0141   -0.0251    0.0152   -0.0001   -0.0008   -0.0205    0.0000    0.0000    0.0000   3.00
   4.00    1.4679E+01   -0.0187   -0.0333    0.0155   -0.0003   -0.0010   -0.0206    0.0000    0.0000    0.0000   4.00
   5.00    1.4444E+01   -0.0232   -0.0414    0.0159   -0.0004   -0.0013   -0.0208    0.0000    0.0000    0.0000   5.00
   6.00    1.4165E+01   -0.0277   -0.0493    0.0163   -0.0006   -0.0015   -0.0210    0.0000    0.0000    0.0000   6.00
   7.00    1.3844E+01   -0.0322   -0.0571    0.0169   -0.0008   -0.0017   -0.0213    0.0000    0.0000    0.0000   7.00
   8.00    1.3485E+01   -0.0365   -0.0647    0.0175   -0.0010   -0.0020   -0.0216    0.0000    0.0000    0.0000   8.00
   9.00    1.3093E+01   -0.0408   -0.0720    0.0182   -0.0013   -0.0022   -0.0219    0.0000    0.0000    0.0000   9.00
  10.00    1.2672E+01   -0.0451   -0.0792    0.0190   -0.0016   -0.0024   -0.0223    0.0000    0.0000    0.0000  10.00
  11.00    1.2225E+01   -0.0492   -0.0862    0.0199   -0.0020   -0.0026   -0.0227    0.0000    0.0000    0.0000  11.00
  12.00    1.1757E+01   -0.0533   -0.0930    0.0209   -0.0023   -0.0028   -0.0232    0.0000    0.0000    0.0000  12.00
  13.00    1.1271E+01   -0.0574   -0.0996    0.0219   -0.0028   -0.0029   -0.0237    0.0000    0.0000    0.0000  13.00
  14.00    1.0771E+01   -0.0614   -0.1060    0.0231   -0.0032   -0.0031   -0.0242    0.0000    0.0000    0.0000  14.00
  15.00    1.0260E+01   -0.0654   -0.1123    0.0243   -0.0037   -0.0032   -0.0249    0.0000    0.0000    0.0000  15.00
  16.00    9.7415E+00   -0.0693   -0.1184    0.0257   -0.0042   -0.0034   -0.0255    0.0000    0.0000    0.0000  16.00
  17.00    9.2185E+00   -0.0733   -0.1244    0.0271   -0.0047   -0.0035   -0.0262    0.0000    0.0000    0.0000  17.00
  18.00    8.6944E+00   -0.0773   -0.1303    0.0286   -0.0053   -0.0036   -0.0270    0.0000    0.0000    0.0000  18.00
  19.00    8.1724E+00   -0.0814   -0.1361    0.0303   -0.0059   -0.0037   -0.0278    0.0000    0.0000    0.0000  19.00
  20.00    7.6558E+00   -0.0856   -0.1419    0.0320   -0.0065   -0.0037   -0.0287    0.0000    0.0000    0.0000  20.00
  21.00    7.1481E+00   -0.0898   -0.1477    0.0338   -0.0072   -0.0038   -0.0297    0.0000    0.0000    0.0000  21.00
  22.00    6.6522E+00   -0.0942   -0.1536    0.0357   -0.0079   -0.0038   -0.0307    0.0000    0.0000    0.0000  22.00
  23.00    6.1713E+00   -0.0988   -0.1594    0.0377   -0.0086   -0.0038   -0.0317    0.0000    0.0000    0.0000  23.00
  24.00    5.7078E+00   -0.1035   -0.1654    0.0398   -0.0093   -0.0037   -0.0329    0.0000    0.0000    0.0000  24.00
  25.00    5.2638E+00   -0.1084   -0.1714    0.0420   -0.0101   -0.0037   -0.0340    0.0000    0.0000    0.0000  25.00
  26.00    4.8406E+00   -0.1136   -0.1776    0.0442   -0.0109   -0.0036   -0.0352    0.0000    0.0000    0.0000  26.00
  27.00    4.4391E+00   -0.1191   -0.1838    0.0465   -0.0117   -0.0034   -0.0365    0.0000    0.0000    0.0000  27.00
  28.00    4.0597E+00   -0.1248   -0.1902    0.0487   -0.0125   -0.0032   -0.0378    0.0000    0.0000    0.0000  28.00
  29.00    3.7024E+00   -0.1308   -0.1966    0.0510   -0.0132   -0.0030   -0.0391    0.0000    0.0000    0.0000  29.00
  30.00    3.3668E+00   -0.1372   -0.2032    0.0532   -0.0140   -0.0027   -0.0404    0.0000    0.0000    0.0000  30.00
  31.00    3.0527E+00   -0.1438   -0.2098    0.0554   -0.0147   -0.0024   -0.0416    0.0000    0.0000    0.0000  31.00
  32.00    2.7597E+00   -0.1508   -0.2163    0.0573   -0.0153   -0.0019   -0.0429    0.0000    0.0000    0.0000  32.00
  33.00    2.4877E+00   -0.1582   -0.2228    0.0590   -0.0158   -0.0014   -0.0440    0.0000    0.0000    0.0000  33.00
  34.00    2.2367E+00   -0.1658   -0.2288    0.0603   -0.0162   -0.0008   -0.0450    0.0000    0.0000    0.0000  34.00
  35.00    2.0066E+00   -0.1735   -0.2343    0.0611   -0.0163   -0.0000   -0.0458    0.0000    0.0000    0.0000  35.00
  36.00    1.7975E+00   -0.1813   -0.2389    0.0611   -0.0162    0.0009   -0.0462    0.0000    0.0000    0.0000  36.00
  37.00    1.6095E+00   -0.1888   -0.2420    0.0602   -0.0156    0.0019   -0.0463    0.0000    0.0000    0.0000  37.00
  38.00    1.4423E+00   -0.1957   -0.2430    0.0581   -0.0146    0.0030   -0.0457    0.0000    0.0000    0.0000  38.00
  39.00    1.2956E+00   -0.2016   -0.2414    0.0545   -0.0130    0.0043   -0.0445    0.0000    0.0000    0.0000  39.00
  40.00    1.1686E+00   -0.2059   -0.2363    0.0490   -0.0108    0.0058   -0.0423    0.0000    0.0000    0.0000  40.00
  41.00    1.0605E+00   -0.2080   -0.2270    0.0416   -0.0078    0.0073   -0.0392    0.0000    0.0000    0.0000  41.00
  42.00    9.7021E-01   -0.2073   -0.2128    0.0320   -0.0040    0.0089   -0.0349    0.0000    0.0000    0.0000  42.00
  43.00    8.9665E-01   -0.2033   -0.1933    0.0203    0.0006    0.0105   -0.0296    0.0000    0.0000    0.0000  43.00
  44.00    8.3870E-01   -0.1956   -0.1685    0.0066    0.0059    0.0120   -0.0231    0.0000    0.0000    0.0000  44.00
  45.00    7.9530E-01   -0.1841   -0.1388   -0.0086    0.0116    0.0133   -0.0158    0.0000    0.0000    0.0000  45.00
  46.00    7.6548E-01   -0.1691   -0.1051   -0.0247    0.0177    0.0144   -0.0078    0.0000    0.0000    0.0000  46.00
  47.00    7.4831E-01   -0.1511   -0.0689   -0.0410    0.0237    0.0152    0.0005    0.0000    0.0000    0.0000  47.00
  48.00    7.4293E-01   -0.1309   -0.0319   -0.0566    0.0294    0.0156    0.0085    0.0000    0.0000    0.0000  48.00
  49.00    7.4846E-01   -0.1098    0.0043   -0.0708    0.0345    0.0157    0.0161    0.0000    0.0000    0.0000  49.00
  50.00    7.6400E-01   -0.0888    0.0379   -0.0830    0.0389    0.0154    0.0228    0.0000    0.0000    0.0000  50.00
  51.00    7.8857E-01   -0.0687    0.0681   -0.0930    0.0423    0.0149    0.0285    0.0000    0.0000    0.0000  51.00
  52.00    8.2117E-01   -0.0504    0.0940   -0.1007    0.0448    0.0142    0.0331    0.0000    0.0000    0.0000  52.00
  53.00    8.6072E-01   -0.0341    0.1157   -0.1061    0.0465    0.0133    0.0367    0.0000    0.0000    0.0000  53.00
  54.00    9.0620E-01   -0.0200    0.1332   -0.1096    0.0475    0.0123    0.0392    0.0000    0.0000    0.0000  54.00
  55.00    9.5661E-01   -0.0081    0.1471   -0.1114    0.0478    0.0114    0.0409    0.0000    0.0000    0.0000  55.00
  56.00    1.0110E+00    0.0019    0.1578   -0.1119    0.0477    0.0104    0.0419    0.0000    0.0000    0.0000  56.00
  57.00    1.0687E+00    0.0100    0.1658   -0.1112    0.0472    0.0094    0.0424    0.0000    0.0000    0.0000  57.00
  58.00    1.1290E+00    0.0166    0.1717   -0.1098    0.0463    0.0085    0.0424    0.0000    0.0000    0.0000  58.00
  59.00    1.1912E+00    0.0218    0.1757   -0.1077    0.0453    0.0076    0.0421    0.0000    0.0000    0.0000  59.00
  60.00    1.2548E+00    0.0259    0.1784   -0.1052    0.0440    0.0068    0.0415    0.0000    0.0000    0.0000  60.00
0Tot-sig   3.2698E+01
1DWUCK4-DISTORTED WAVES U.COLORADO- PC-VERSION  12/Jan /1995
 Elapsed time in seconds =   0.00
 Elapsed time in seconds =   0.00
0CONTROL INTEGERS
  1 2 3 4 5 6 7 8 9 A B C D E F G H I J K    RUN IDENTIFICATION                                             0/00/00   0.00.00
  1 0 0 1 0 0 0 0 0 0 2 0 0 0 0 0 0 0 0 0    10Be(d,p)11Be  17.4MeV  200 keV  0d5/2 bound AK             
 10Be(d,p)11Be  17.4MeV  200 keV  0d5/2 bound AK             
 Adwck4 entered
0ANGLE DATA          THETN=  61.0000   THET1=   0.0000   DTHET=   1.0000   A-ANG=   0.0000   B-ANG=   0.0000
0CARD SET 3 DATA     LMAX =  30          LTR=   2
                     NLTR =   1        2*JTR=   5
0CARD SET 4 DATA     DRF  =   0.1000   RZ   =   0.0000   RMAX =  50.0000   VCE  =   0.0000   FNRNG=   0.0000
 PARTICLE DATA 
0PARTICLE 1*******************************************************************************************************************
 INPUT DATA          ELAB =  17.4000   RC0  =   1.3030   AC   =   0.0000   2*STR=   2.0000
                     MASSP=   2.0000   MASST=  10.0000   Q    =   0.0000
                     ZP   =   1.0000   ZT   =   4.0000   PNLOC=   0.0000
 
 DERIVED DATA        ECM  =  14.5000   RC   =   2.8072   RHO  =   3.0186
                     K    =   1.0753   ETA  =   0.2136   DR   =   0.1000
0POTENTIAL PARAMETERS
 NX=1 VOLUME  W-S    V RL = -88.7440   R0RL =   1.1480   A RL =   0.7460   R RL =   2.4733   VSOR =   0.0000
                     V IM =  -2.1860   R0IM =   1.3510   A IM =   0.6400   R IM =   2.9106   VSOI =   0.0000   POWR =   0.0000
 NX=2 SURFACE W-S    V RL =   0.0000   R0RL =   0.0000   A RL =   0.0000   R RL =   0.0000   VSOR =   0.0000
                     V IM =  10.2980   R0IM =   1.4050   A IM =   0.6650   R IM =   3.0270   VSOI =   0.0000   POWR =   0.0000
 NX=4 L*S VOLUME     V RL =  -3.5570   R0RL =   0.9720   A RL =   1.0110   R RL =   2.0941   VSOR =   0.0000
                     V IM =   0.0000   R0IM =   0.0000   A IM =   0.0000   R IM =   0.0000   VSOI =   0.0000   POWR =   0.0000
0PARTICLE 2*******************************************************************************************************************
 INPUT DATA          ELAB =  13.7225   RC0  =   1.5780   AC   =   0.0000   2*STR=   1.0000
                     MASSP=   1.0000   MASST=  11.0000   Q    =  -1.9210
                     ZP   =   1.0000   ZT   =   4.0000   PNLOC=   0.0000
 
 DERIVED DATA        ECM  =  12.5790   RC   =   3.5094   RHO  =   2.6067
                     K    =   0.7428   ETA  =   0.1701   DR   =   0.0909
0POTENTIAL PARAMETERS
 NX=1 VOLUME  W-S    V RL = -55.9170   R0RL =   1.1220   A RL =   0.6760   R RL =   2.4953   VSOR =   0.0000
                     V IM =  -1.2020   R0IM =   1.1220   A IM =   0.6760   R IM =   2.4953   VSOI =   0.0000   POWR =   0.0000
 NX=2 SURFACE W-S    V RL =   0.0000   R0RL =   0.0000   A RL =   0.0000   R RL =   0.0000   VSOR =   0.0000
                     V IM =   9.8960   R0IM =   1.3070   A IM =   0.5240   R IM =   2.9067   VSOI =   0.0000   POWR =   0.0000
 NX=4 L*S VOLUME     V RL =  -5.4500   R0RL =   0.8940   A RL =   0.5900   R RL =   1.9882   VSOR =   0.0000
                     V IM =   0.0580   R0IM =   0.8940   A IM =   0.5900   R IM =   1.9882   VSOI =   0.0000   POWR =   0.0000
110Be(d,p)11Be  17.4MeV  200 keV  0d5/2 bound AK                0/ 0/ 0
0FORM FACTOR DATA 
0PARTICLE 3*******************************************************************************************************************
 INPUT DATA          ELAB =  -0.3040   RC0  =   1.3000   AC   =   0.0000   2*STR=   1.0000
                     MASSP=   1.0000   MASST=  10.0000   Q    =  -0.3040
                     ZP   =   0.0000   ZT   =   4.0000   PNLOC=   0.0000
 
 DERIVED DATA        ECM  =  -0.3040   RC   =   2.8008   RHO  =   0.3221
                     K    =   0.1150   ETA  =   0.0000   DR   =   0.1000
0POTENTIAL PARAMETERS
 NX=1 VOLUME  W-S    V RL =  -1.0000   R0RL =   1.2500   A RL =   0.6500   R RL =   2.6930   VSOR =   6.0000
                     V IM =   0.0000   R0IM =   0.0000   A IM =   0.0000   R IM =   0.0000   VSOI =   0.0000   POWR =   0.0000
 
                     NODES=   0.0000   L    =   2.0000   2*J  =   5.0000   2*S  =   1.0000   FISW =   0.0000
 
                     V    =  65.8699   DET  =   0.0000   NODES=   0.0000   RM   =   3.8500   E    =  -0.3040   ITER.=   5
0                    LMAX =  30        NSTEP= 400        NLTR =   1
 Bdwck4 entered
   Subroutine INTEG  entered
0REACSIG 1   6.72491E+01                                             REACSIG 2   3.96651E+01
   Subroutine RADINT entered
110Be(d,p)11Be  17.4MeV  200 keV  0d5/2 bound AK                0/00/00
0BASIC DATA          DR   =   0.1000   RMIN =   0.0000   RMAX =  40.0000   COUEX=   0.0000     IS1=   1.0000
                     FNRNG=   0.0000   PNLC1=   0.0000   PNLC2=   0.0000   PNLC3=   0.0000     IS2=   0.5000
 ANG MOM TRANSFER    LTR  =   2.       2*JTR=   5.       2*STR=   1.       Q    =  -1.9210
   Subroutine INSIG  entered
0 Theta Inelsig,fm**2      Polz       Asy       Ayy       A22       A21       A20       T22       T21       T20  Theta
   0.00    1.5214E+01    0.0000    0.0000    0.0146    0.0000    0.0000   -0.0201    0.0000    0.0000    0.0000   0.00
   1.00    1.5186E+01   -0.0046   -0.0082    0.0147   -0.0000   -0.0003   -0.0201    0.0000    0.0000    0.0000   1.00
   2.00    1.5103E+01   -0.0092   -0.0164    0.0148   -0.0001   -0.0005   -0.0202    0.0000    0.0000    0.0000   2.00
   3.00    1.4965E+01   -0.0137   -0.0246    0.0150   -0.0001   -0.0008   -0.0203    0.0000    0.0000    0.0000   3.00
   4.00    1.4775E+01   -0.0182   -0.0326    0.0153   -0.0003   -0.0010   -0.0204    0.0000    0.0000    0.0000   4.00
   5.00    1.4536E+01   -0.0227   -0.0405    0.0157   -0.0004   -0.0013   -0.0206    0.0000    0.0000    0.0000   5.00
   6.00    1.4251E+01   -0.0271   -0.0482    0.0162   -0.0006   -0.0015   -0.0208    0.0000    0.0000    0.0000   6.00
   7.00    1.3925E+01   -0.0314   -0.0558    0.0167   -0.0008   -0.0017   -0.0210    0.0000    0.0000    0.0000   7.00
   8.00    1.3562E+01   -0.0357   -0.0632    0.0173   -0.0011   -0.0020   -0.0213    0.0000    0.0000    0.0000   8.00
   9.00    1.3165E+01   -0.0399   -0.0704    0.0181   -0.0013   -0.0022   -0.0217    0.0000    0.0000    0.0000   9.00
  10.00    1.2739E+01   -0.0440   -0.0775    0.0189   -0.0017   -0.0024   -0.0220    0.0000    0.0000    0.0000  10.00
  11.00    1.2288E+01   -0.0481   -0.0843    0.0198   -0.0020   -0.0026   -0.0225    0.0000    0.0000    0.0000  11.00
  12.00    1.1815E+01   -0.0521   -0.0910    0.0208   -0.0024   -0.0028   -0.0229    0.0000    0.0000    0.0000  12.00
  13.00    1.1324E+01   -0.0561   -0.0975    0.0218   -0.0028   -0.0029   -0.0234    0.0000    0.0000    0.0000  13.00
  14.00    1.0819E+01   -0.0600   -0.1038    0.0230   -0.0032   -0.0031   -0.0240    0.0000    0.0000    0.0000  14.00
  15.00    1.0301E+01   -0.0640   -0.1100    0.0243   -0.0037   -0.0032   -0.0246    0.0000    0.0000    0.0000  15.00
  16.00    9.7751E+00   -0.0679   -0.1160    0.0256   -0.0042   -0.0034   -0.0253    0.0000    0.0000    0.0000  16.00
  17.00    9.2435E+00   -0.0718   -0.1220    0.0271   -0.0048   -0.0035   -0.0260    0.0000    0.0000    0.0000  17.00
  18.00    8.7097E+00   -0.0758   -0.1279    0.0286   -0.0053   -0.0036   -0.0268    0.0000    0.0000    0.0000  18.00
  19.00    8.1774E+00   -0.0798   -0.1337    0.0303   -0.0060   -0.0037   -0.0276    0.0000    0.0000    0.0000  19.00
  20.00    7.6504E+00   -0.0840   -0.1395    0.0320   -0.0066   -0.0038   -0.0285    0.0000    0.0000    0.0000  20.00
  21.00    7.1325E+00   -0.0882   -0.1454    0.0339   -0.0073   -0.0038   -0.0295    0.0000    0.0000    0.0000  21.00
  22.00    6.6277E+00   -0.0926   -0.1512    0.0359   -0.0080   -0.0038   -0.0305    0.0000    0.0000    0.0000  22.00
  23.00    6.1392E+00   -0.0972   -0.1572    0.0379   -0.0087   -0.0038   -0.0316    0.0000    0.0000    0.0000  23.00
  24.00    5.6701E+00   -0.1020   -0.1632    0.0401   -0.0095   -0.0038   -0.0327    0.0000    0.0000    0.0000  24.00
  25.00    5.2224E+00   -0.1069   -0.1693    0.0423   -0.0103   -0.0037   -0.0339    0.0000    0.0000    0.0000  25.00
  26.00    4.7975E+00   -0.1121   -0.1755    0.0445   -0.0111   -0.0036   -0.0352    0.0000    0.0000    0.0000  26.00
  27.00    4.3960E+00   -0.1176   -0.1819    0.0469   -0.0119   -0.0035   -0.0364    0.0000    0.0000    0.0000  27.00
  28.00    4.0178E+00   -0.1233   -0.1884    0.0492   -0.0128   -0.0033   -0.0377    0.0000    0.0000    0.0000  28.00
  29.00    3.6624E+00   -0.1294   -0.1950    0.0516   -0.0136   -0.0031   -0.0391    0.0000    0.0000    0.0000  29.00
  30.00    3.3289E+00   -0.1357   -0.2017    0.0539   -0.0144   -0.0028   -0.0404    0.0000    0.0000    0.0000  30.00
  31.00    3.0168E+00   -0.1425   -0.2084    0.0561   -0.0151   -0.0025   -0.0417    0.0000    0.0000    0.0000  31.00
  32.00    2.7253E+00   -0.1496   -0.2152    0.0582   -0.0158   -0.0021   -0.0430    0.0000    0.0000    0.0000  32.00
  33.00    2.4542E+00   -0.1570   -0.2220    0.0600   -0.0163   -0.0016   -0.0442    0.0000    0.0000    0.0000  33.00
  34.00    2.2035E+00   -0.1648   -0.2284    0.0614   -0.0168   -0.0010   -0.0452    0.0000    0.0000    0.0000  34.00
  35.00    1.9735E+00   -0.1729   -0.2344    0.0624   -0.0169   -0.0002   -0.0460    0.0000    0.0000    0.0000  35.00
  36.00    1.7645E+00   -0.1809   -0.2395    0.0625   -0.0168    0.0006   -0.0466    0.0000    0.0000    0.0000  36.00
  37.00    1.5766E+00   -0.1889   -0.2432    0.0618   -0.0164    0.0016   -0.0467    0.0000    0.0000    0.0000  37.00
  38.00    1.4100E+00   -0.1962   -0.2450    0.0597   -0.0154    0.0028   -0.0462    0.0000    0.0000    0.0000  38.00
  39.00    1.2641E+00   -0.2026   -0.2441    0.0562   -0.0138    0.0041   -0.0450    0.0000    0.0000    0.0000  39.00
  40.00    1.1383E+00   -0.2074   -0.2397    0.0508   -0.0116    0.0055   -0.0429    0.0000    0.0000    0.0000  40.00
  41.00    1.0316E+00   -0.2100   -0.2311    0.0434   -0.0086    0.0070   -0.0397    0.0000    0.0000    0.0000  41.00
  42.00    9.4281E-01   -0.2098   -0.2177    0.0338   -0.0048    0.0086   -0.0355    0.0000    0.0000    0.0000  42.00
  43.00    8.7062E-01   -0.2063   -0.1989    0.0220   -0.0002    0.0102   -0.0301    0.0000    0.0000    0.0000  43.00
  44.00    8.1381E-01   -0.1991   -0.1747    0.0082    0.0052    0.0117   -0.0236    0.0000    0.0000    0.0000  44.00
  45.00    7.7126E-01   -0.1881   -0.1455   -0.0072    0.0110    0.0130   -0.0162    0.0000    0.0000    0.0000  45.00
  46.00    7.4198E-01   -0.1733   -0.1122   -0.0235    0.0172    0.0141   -0.0082    0.0000    0.0000    0.0000  46.00
  47.00    7.2510E-01   -0.1555   -0.0761   -0.0401    0.0233    0.0149    0.0002    0.0000    0.0000    0.0000  47.00
  48.00    7.1985E-01   -0.1355   -0.0390   -0.0561    0.0292    0.0153    0.0084    0.0000    0.0000    0.0000  48.00
  49.00    7.2541E-01   -0.1143   -0.0026   -0.0706    0.0344    0.0154    0.0161    0.0000    0.0000    0.0000  49.00
  50.00    7.4095E-01   -0.0931    0.0314   -0.0832    0.0389    0.0152    0.0230    0.0000    0.0000    0.0000  50.00
  51.00    7.6549E-01   -0.0728    0.0619   -0.0935    0.0424    0.0146    0.0288    0.0000    0.0000    0.0000  51.00
  52.00    7.9798E-01   -0.0543    0.0881   -0.1013    0.0451    0.0139    0.0335    0.0000    0.0000    0.0000  52.00
  53.00    8.3732E-01   -0.0378    0.1100   -0.1069    0.0468    0.0130    0.0370    0.0000    0.0000    0.0000  53.00
  54.00    8.8238E-01   -0.0236    0.1277   -0.1104    0.0478    0.0121    0.0396    0.0000    0.0000    0.0000  54.00
  55.00    9.3213E-01   -0.0116    0.1417   -0.1122    0.0481    0.0111    0.0413    0.0000    0.0000    0.0000  55.00
  56.00    9.8566E-01   -0.0016    0.1525   -0.1126    0.0480    0.0101    0.0423    0.0000    0.0000    0.0000  56.00
  57.00    1.0422E+00    0.0066    0.1607   -0.1120    0.0474    0.0092    0.0427    0.0000    0.0000    0.0000  57.00
  58.00    1.1012E+00    0.0133    0.1667   -0.1105    0.0466    0.0083    0.0427    0.0000    0.0000    0.0000  58.00
  59.00    1.1621E+00    0.0186    0.1709   -0.1084    0.0455    0.0074    0.0424    0.0000    0.0000    0.0000  59.00
  60.00    1.2245E+00    0.0229    0.1737   -0.1059    0.0443    0.0066    0.0418    0.0000    0.0000    0.0000  60.00
0Tot-sig   3.2251E+01
1DWUCK4-DISTORTED WAVES U.COLORADO- PC-VERSION  12/Jan /1995
 Elapsed time in seconds =   0.00
 Elapsed time in seconds =   0.00
0CONTROL INTEGERS
  1 2 3 4 5 6 7 8 9 A B C D E F G H I J K    RUN IDENTIFICATION                                             0/00/00   0.00.00
  1 0 0 1 0 0 0 0 0 0 2 0 0 0 0 0 0 0 0 0    10Be(d,p)11Be  17.4MeV  300 keV  0d5/2 bound AK             
 10Be(d,p)11Be  17.4MeV  300 keV  0d5/2 bound AK             
 Adwck4 entered
0ANGLE DATA          THETN=  61.0000   THET1=   0.0000   DTHET=   1.0000   A-ANG=   0.0000   B-ANG=   0.0000
0CARD SET 3 DATA     LMAX =  30          LTR=   2
                     NLTR =   1        2*JTR=   5
0CARD SET 4 DATA     DRF  =   0.1000   RZ   =   0.0000   RMAX =  50.0000   VCE  =   0.0000   FNRNG=   0.0000
 PARTICLE DATA 
0PARTICLE 1*******************************************************************************************************************
 INPUT DATA          ELAB =  17.4000   RC0  =   1.3030   AC   =   0.0000   2*STR=   2.0000
                     MASSP=   2.0000   MASST=  10.0000   Q    =   0.0000
                     ZP   =   1.0000   ZT   =   4.0000   PNLOC=   0.0000
 
 DERIVED DATA        ECM  =  14.5000   RC   =   2.8072   RHO  =   3.0186
                     K    =   1.0753   ETA  =   0.2136   DR   =   0.1000
0POTENTIAL PARAMETERS
 NX=1 VOLUME  W-S    V RL = -88.7440   R0RL =   1.1480   A RL =   0.7460   R RL =   2.4733   VSOR =   0.0000
                     V IM =  -2.1860   R0IM =   1.3510   A IM =   0.6400   R IM =   2.9106   VSOI =   0.0000   POWR =   0.0000
 NX=2 SURFACE W-S    V RL =   0.0000   R0RL =   0.0000   A RL =   0.0000   R RL =   0.0000   VSOR =   0.0000
                     V IM =  10.2980   R0IM =   1.4050   A IM =   0.6650   R IM =   3.0270   VSOI =   0.0000   POWR =   0.0000
 NX=4 L*S VOLUME     V RL =  -3.5570   R0RL =   0.9720   A RL =   1.0110   R RL =   2.0941   VSOR =   0.0000
                     V IM =   0.0000   R0IM =   0.0000   A IM =   0.0000   R IM =   0.0000   VSOI =   0.0000   POWR =   0.0000
0PARTICLE 2*******************************************************************************************************************
 INPUT DATA          ELAB =  13.6135   RC0  =   1.5780   AC   =   0.0000   2*STR=   1.0000
                     MASSP=   1.0000   MASST=  11.0000   Q    =  -2.0210
                     ZP   =   1.0000   ZT   =   4.0000   PNLOC=   0.0000
 
 DERIVED DATA        ECM  =  12.4790   RC   =   3.5094   RHO  =   2.5963
                     K    =   0.7398   ETA  =   0.1707   DR   =   0.0909
0POTENTIAL PARAMETERS
 NX=1 VOLUME  W-S    V RL = -55.9170   R0RL =   1.1220   A RL =   0.6760   R RL =   2.4953   VSOR =   0.0000
                     V IM =  -1.2020   R0IM =   1.1220   A IM =   0.6760   R IM =   2.4953   VSOI =   0.0000   POWR =   0.0000
 NX=2 SURFACE W-S    V RL =   0.0000   R0RL =   0.0000   A RL =   0.0000   R RL =   0.0000   VSOR =   0.0000
                     V IM =   9.8960   R0IM =   1.3070   A IM =   0.5240   R IM =   2.9067   VSOI =   0.0000   POWR =   0.0000
 NX=4 L*S VOLUME     V RL =  -5.4500   R0RL =   0.8940   A RL =   0.5900   R RL =   1.9882   VSOR =   0.0000
                     V IM =   0.0580   R0IM =   0.8940   A IM =   0.5900   R IM =   1.9882   VSOI =   0.0000   POWR =   0.0000
110Be(d,p)11Be  17.4MeV  300 keV  0d5/2 bound AK                0/ 0/ 0
0FORM FACTOR DATA 
0PARTICLE 3*******************************************************************************************************************
 INPUT DATA          ELAB =  -0.2040   RC0  =   1.3000   AC   =   0.0000   2*STR=   1.0000
                     MASSP=   1.0000   MASST=  10.0000   Q    =  -0.2040
                     ZP   =   0.0000   ZT   =   4.0000   PNLOC=   0.0000
 
 DERIVED DATA        ECM  =  -0.2040   RC   =   2.8008   RHO  =   0.2638
                     K    =   0.0942   ETA  =   0.0000   DR   =   0.1000
0POTENTIAL PARAMETERS
 NX=1 VOLUME  W-S    V RL =  -1.0000   R0RL =   1.2500   A RL =   0.6500   R RL =   2.6930   VSOR =   6.0000
                     V IM =   0.0000   R0IM =   0.0000   A IM =   0.0000   R IM =   0.0000   VSOI =   0.0000   POWR =   0.0000
 
                     NODES=   0.0000   L    =   2.0000   2*J  =   5.0000   2*S  =   1.0000   FISW =   0.0000
 
                     V    =  65.5785   DET  =  -0.0003   NODES=   0.0000   RM   =   3.8500   E    =  -0.2040   ITER.=   4
0                    LMAX =  30        NSTEP= 400        NLTR =   1
 Bdwck4 entered
   Subroutine INTEG  entered
0REACSIG 1   6.72491E+01                                             REACSIG 2   3.98643E+01
   Subroutine RADINT entered
110Be(d,p)11Be  17.4MeV  300 keV  0d5/2 bound AK                0/00/00
0BASIC DATA          DR   =   0.1000   RMIN =   0.0000   RMAX =  40.0000   COUEX=   0.0000     IS1=   1.0000
                     FNRNG=   0.0000   PNLC1=   0.0000   PNLC2=   0.0000   PNLC3=   0.0000     IS2=   0.5000
 ANG MOM TRANSFER    LTR  =   2.       2*JTR=   5.       2*STR=   1.       Q    =  -2.0210
   Subroutine INSIG  entered
0 Theta Inelsig,fm**2      Polz       Asy       Ayy       A22       A21       A20       T22       T21       T20  Theta
   0.00    1.5286E+01    0.0000    0.0000    0.0145    0.0000    0.0000   -0.0198    0.0000    0.0000    0.0000   0.00
   1.00    1.5257E+01   -0.0045   -0.0081    0.0145   -0.0000   -0.0003   -0.0198    0.0000    0.0000    0.0000   1.00
   2.00    1.5172E+01   -0.0090   -0.0161    0.0146   -0.0001   -0.0005   -0.0199    0.0000    0.0000    0.0000   2.00
   3.00    1.5032E+01   -0.0134   -0.0240    0.0148   -0.0001   -0.0008   -0.0200    0.0000    0.0000    0.0000   3.00
   4.00    1.4839E+01   -0.0178   -0.0318    0.0151   -0.0003   -0.0010   -0.0201    0.0000    0.0000    0.0000   4.00
   5.00    1.4598E+01   -0.0222   -0.0396    0.0155   -0.0004   -0.0013   -0.0203    0.0000    0.0000    0.0000   5.00
   6.00    1.4311E+01   -0.0265   -0.0471    0.0160   -0.0006   -0.0015   -0.0205    0.0000    0.0000    0.0000   6.00
   7.00    1.3982E+01   -0.0307   -0.0545    0.0165   -0.0008   -0.0017   -0.0208    0.0000    0.0000    0.0000   7.00
   8.00    1.3618E+01   -0.0348   -0.0617    0.0172   -0.0011   -0.0019   -0.0211    0.0000    0.0000    0.0000   8.00
   9.00    1.3220E+01   -0.0389   -0.0687    0.0179   -0.0014   -0.0022   -0.0214    0.0000    0.0000    0.0000   9.00
  10.00    1.2794E+01   -0.0429   -0.0756    0.0187   -0.0017   -0.0024   -0.0218    0.0000    0.0000    0.0000  10.00
  11.00    1.2343E+01   -0.0469   -0.0823    0.0196   -0.0020   -0.0026   -0.0222    0.0000    0.0000    0.0000  11.00
  12.00    1.1870E+01   -0.0509   -0.0888    0.0206   -0.0024   -0.0027   -0.0226    0.0000    0.0000    0.0000  12.00
  13.00    1.1379E+01   -0.0548   -0.0952    0.0217   -0.0028   -0.0029   -0.0232    0.0000    0.0000    0.0000  13.00
  14.00    1.0870E+01   -0.0586   -0.1015    0.0229   -0.0033   -0.0031   -0.0237    0.0000    0.0000    0.0000  14.00
  15.00    1.0348E+01   -0.0625   -0.1076    0.0242   -0.0038   -0.0032   -0.0243    0.0000    0.0000    0.0000  15.00
  16.00    9.8146E+00   -0.0664   -0.1136    0.0255   -0.0043   -0.0034   -0.0250    0.0000    0.0000    0.0000  16.00
  17.00    9.2732E+00   -0.0703   -0.1196    0.0270   -0.0048   -0.0035   -0.0257    0.0000    0.0000    0.0000  17.00
  18.00    8.7274E+00   -0.0742   -0.1254    0.0286   -0.0054   -0.0036   -0.0265    0.0000    0.0000    0.0000  18.00
  19.00    8.1816E+00   -0.0783   -0.1313    0.0303   -0.0060   -0.0037   -0.0274    0.0000    0.0000    0.0000  19.00
  20.00    7.6405E+00   -0.0824   -0.1371    0.0321   -0.0067   -0.0038   -0.0283    0.0000    0.0000    0.0000  20.00
  21.00    7.1090E+00   -0.0867   -0.1430    0.0340   -0.0074   -0.0038   -0.0293    0.0000    0.0000    0.0000  21.00
  22.00    6.5920E+00   -0.0911   -0.1489    0.0360   -0.0081   -0.0039   -0.0303    0.0000    0.0000    0.0000  22.00
  23.00    6.0939E+00   -0.0957   -0.1549    0.0381   -0.0089   -0.0039   -0.0314    0.0000    0.0000    0.0000  23.00
  24.00    5.6181E+00   -0.1005   -0.1610    0.0403   -0.0097   -0.0038   -0.0326    0.0000    0.0000    0.0000  24.00
  25.00    5.1671E+00   -0.1055   -0.1672    0.0426   -0.0105   -0.0038   -0.0338    0.0000    0.0000    0.0000  25.00
  26.00    4.7419E+00   -0.1107   -0.1736    0.0449   -0.0113   -0.0037   -0.0351    0.0000    0.0000    0.0000  26.00
  27.00    4.3427E+00   -0.1161   -0.1800    0.0473   -0.0122   -0.0036   -0.0364    0.0000    0.0000    0.0000  27.00
  28.00    3.9684E+00   -0.1219   -0.1866    0.0497   -0.0131   -0.0034   -0.0377    0.0000    0.0000    0.0000  28.00
  29.00    3.6177E+00   -0.1279   -0.1932    0.0521   -0.0139   -0.0032   -0.0390    0.0000    0.0000    0.0000  29.00
  30.00    3.2889E+00   -0.1343   -0.2000    0.0545   -0.0147   -0.0030   -0.0404    0.0000    0.0000    0.0000  30.00
  31.00    2.9804E+00   -0.1410   -0.2070    0.0568   -0.0155   -0.0027   -0.0417    0.0000    0.0000    0.0000  31.00
  32.00    2.6915E+00   -0.1482   -0.2140    0.0590   -0.0162   -0.0023   -0.0430    0.0000    0.0000    0.0000  32.00
  33.00    2.4216E+00   -0.1557   -0.2210    0.0610   -0.0169   -0.0018   -0.0443    0.0000    0.0000    0.0000  33.00
  34.00    2.1710E+00   -0.1637   -0.2279    0.0626   -0.0173   -0.0012   -0.0454    0.0000    0.0000    0.0000  34.00
  35.00    1.9404E+00   -0.1721   -0.2344    0.0636   -0.0176   -0.0005   -0.0463    0.0000    0.0000    0.0000  35.00
  36.00    1.7305E+00   -0.1805   -0.2401    0.0640   -0.0175    0.0004   -0.0469    0.0000    0.0000    0.0000  36.00
  37.00    1.5421E+00   -0.1889   -0.2446    0.0633   -0.0171    0.0014   -0.0470    0.0000    0.0000    0.0000  37.00
  38.00    1.3755E+00   -0.1968   -0.2471    0.0614   -0.0162    0.0025   -0.0466    0.0000    0.0000    0.0000  38.00
  39.00    1.2303E+00   -0.2036   -0.2469    0.0579   -0.0146    0.0038   -0.0454    0.0000    0.0000    0.0000  39.00
  40.00    1.1060E+00   -0.2090   -0.2433    0.0526   -0.0124    0.0052   -0.0433    0.0000    0.0000    0.0000  40.00
  41.00    1.0011E+00   -0.2121   -0.2354    0.0451   -0.0094    0.0068   -0.0402    0.0000    0.0000    0.0000  41.00
  42.00    9.1426E-01   -0.2124   -0.2227    0.0355   -0.0056    0.0083   -0.0360    0.0000    0.0000    0.0000  42.00
  43.00    8.4389E-01   -0.2094   -0.2047    0.0237   -0.0010    0.0099   -0.0306    0.0000    0.0000    0.0000  43.00
  44.00    7.8854E-01   -0.2028   -0.1813    0.0099    0.0044    0.0114   -0.0242    0.0000    0.0000    0.0000  44.00
  45.00    7.4697E-01   -0.1922   -0.1528   -0.0055    0.0103    0.0127   -0.0167    0.0000    0.0000    0.0000  45.00
  46.00    7.1822E-01   -0.1779   -0.1199   -0.0220    0.0165    0.0138   -0.0086    0.0000    0.0000    0.0000  46.00
  47.00    7.0153E-01   -0.1603   -0.0840   -0.0389    0.0228    0.0146   -0.0002    0.0000    0.0000    0.0000  47.00
  48.00    6.9626E-01   -0.1403   -0.0468   -0.0553    0.0288    0.0150    0.0082    0.0000    0.0000    0.0000  48.00
  49.00    7.0178E-01   -0.1190   -0.0100   -0.0703    0.0343    0.0151    0.0161    0.0000    0.0000    0.0000  49.00
  50.00    7.1731E-01   -0.0976    0.0245   -0.0833    0.0389    0.0149    0.0231    0.0000    0.0000    0.0000  50.00
  51.00    7.4191E-01   -0.0770    0.0554   -0.0939    0.0426    0.0144    0.0291    0.0000    0.0000    0.0000  51.00
  52.00    7.7445E-01   -0.0582    0.0820   -0.1020    0.0453    0.0136    0.0338    0.0000    0.0000    0.0000  52.00
  53.00    8.1369E-01   -0.0416    0.1042   -0.1076    0.0471    0.0128    0.0374    0.0000    0.0000    0.0000  53.00
  54.00    8.5838E-01   -0.0272    0.1220   -0.1112    0.0481    0.0118    0.0400    0.0000    0.0000    0.0000  54.00
  55.00    9.0739E-01   -0.0151    0.1361   -0.1130    0.0484    0.0108    0.0417    0.0000    0.0000    0.0000  55.00
  56.00    9.5978E-01   -0.0051    0.1471   -0.1134    0.0483    0.0098    0.0426    0.0000    0.0000    0.0000  56.00
  57.00    1.0149E+00    0.0032    0.1554   -0.1127    0.0477    0.0089    0.0430    0.0000    0.0000    0.0000  57.00
  58.00    1.0721E+00    0.0099    0.1616   -0.1112    0.0469    0.0080    0.0430    0.0000    0.0000    0.0000  58.00
  59.00    1.1313E+00    0.0154    0.1661   -0.1091    0.0458    0.0072    0.0426    0.0000    0.0000    0.0000  59.00
  60.00    1.1921E+00    0.0197    0.1691   -0.1065    0.0446    0.0064    0.0420    0.0000    0.0000    0.0000  60.00
0Tot-sig   3.1768E+01
1DWUCK4-DISTORTED WAVES U.COLORADO- PC-VERSION  12/Jan /1995
 Elapsed time in seconds =   0.00
 Elapsed time in seconds =   0.00
0CONTROL INTEGERS
  1 2 3 4 5 6 7 8 9 A B C D E F G H I J K    RUN IDENTIFICATION                                             0/00/00   0.00.00
  1 0 0 1 0 0 0 0 0 0 2 0 0 0 0 0 0 0 0 0    10Be(d,p)11Be  17.4MeV  400 keV  0d5/2 bound AK             
 10Be(d,p)11Be  17.4MeV  400 keV  0d5/2 bound AK             
 Adwck4 entered
0ANGLE DATA          THETN=  61.0000   THET1=   0.0000   DTHET=   1.0000   A-ANG=   0.0000   B-ANG=   0.0000
0CARD SET 3 DATA     LMAX =  30          LTR=   2
                     NLTR =   1        2*JTR=   5
0CARD SET 4 DATA     DRF  =   0.1000   RZ   =   0.0000   RMAX =  50.0000   VCE  =   0.0000   FNRNG=   0.0000
 PARTICLE DATA 
0PARTICLE 1*******************************************************************************************************************
 INPUT DATA          ELAB =  17.4000   RC0  =   1.3030   AC   =   0.0000   2*STR=   2.0000
                     MASSP=   2.0000   MASST=  10.0000   Q    =   0.0000
                     ZP   =   1.0000   ZT   =   4.0000   PNLOC=   0.0000
 
 DERIVED DATA        ECM  =  14.5000   RC   =   2.8072   RHO  =   3.0186
                     K    =   1.0753   ETA  =   0.2136   DR   =   0.1000
0POTENTIAL PARAMETERS
 NX=1 VOLUME  W-S    V RL = -88.7440   R0RL =   1.1480   A RL =   0.7460   R RL =   2.4733   VSOR =   0.0000
                     V IM =  -2.1860   R0IM =   1.3510   A IM =   0.6400   R IM =   2.9106   VSOI =   0.0000   POWR =   0.0000
 NX=2 SURFACE W-S    V RL =   0.0000   R0RL =   0.0000   A RL =   0.0000   R RL =   0.0000   VSOR =   0.0000
                     V IM =  10.2980   R0IM =   1.4050   A IM =   0.6650   R IM =   3.0270   VSOI =   0.0000   POWR =   0.0000
 NX=4 L*S VOLUME     V RL =  -3.5570   R0RL =   0.9720   A RL =   1.0110   R RL =   2.0941   VSOR =   0.0000
                     V IM =   0.0000   R0IM =   0.0000   A IM =   0.0000   R IM =   0.0000   VSOI =   0.0000   POWR =   0.0000
0PARTICLE 2*******************************************************************************************************************
 INPUT DATA          ELAB =  13.5044   RC0  =   1.5780   AC   =   0.0000   2*STR=   1.0000
                     MASSP=   1.0000   MASST=  11.0000   Q    =  -2.1210
                     ZP   =   1.0000   ZT   =   4.0000   PNLOC=   0.0000
 
 DERIVED DATA        ECM  =  12.3790   RC   =   3.5094   RHO  =   2.5859
                     K    =   0.7368   ETA  =   0.1714   DR   =   0.0909
0POTENTIAL PARAMETERS
 NX=1 VOLUME  W-S    V RL = -55.9170   R0RL =   1.1220   A RL =   0.6760   R RL =   2.4953   VSOR =   0.0000
                     V IM =  -1.2020   R0IM =   1.1220   A IM =   0.6760   R IM =   2.4953   VSOI =   0.0000   POWR =   0.0000
 NX=2 SURFACE W-S    V RL =   0.0000   R0RL =   0.0000   A RL =   0.0000   R RL =   0.0000   VSOR =   0.0000
                     V IM =   9.8960   R0IM =   1.3070   A IM =   0.5240   R IM =   2.9067   VSOI =   0.0000   POWR =   0.0000
 NX=4 L*S VOLUME     V RL =  -5.4500   R0RL =   0.8940   A RL =   0.5900   R RL =   1.9882   VSOR =   0.0000
                     V IM =   0.0580   R0IM =   0.8940   A IM =   0.5900   R IM =   1.9882   VSOI =   0.0000   POWR =   0.0000
110Be(d,p)11Be  17.4MeV  400 keV  0d5/2 bound AK                0/ 0/ 0
0FORM FACTOR DATA 
0PARTICLE 3*******************************************************************************************************************
 INPUT DATA          ELAB =  -0.1040   RC0  =   1.3000   AC   =   0.0000   2*STR=   1.0000
                     MASSP=   1.0000   MASST=  10.0000   Q    =  -0.1040
                     ZP   =   0.0000   ZT   =   4.0000   PNLOC=   0.0000
 
 DERIVED DATA        ECM  =  -0.1040   RC   =   2.8008   RHO  =   0.1884
                     K    =   0.0673   ETA  =   0.0000   DR   =   0.1000
0POTENTIAL PARAMETERS
 NX=1 VOLUME  W-S    V RL =  -1.0000   R0RL =   1.2500   A RL =   0.6500   R RL =   2.6930   VSOR =   6.0000
                     V IM =   0.0000   R0IM =   0.0000   A IM =   0.0000   R IM =   0.0000   VSOI =   0.0000   POWR =   0.0000
 
                     NODES=   0.0000   L    =   2.0000   2*J  =   5.0000   2*S  =   1.0000   FISW =   0.0000
 
                     V    =  65.2903   DET  =  -0.0001   NODES=   0.0000   RM   =   3.9500   E    =  -0.1040   ITER.=   4
0                    LMAX =  30        NSTEP= 400        NLTR =   1
 Bdwck4 entered
   Subroutine INTEG  entered
0REACSIG 1   6.72491E+01                                             REACSIG 2   4.00708E+01
   Subroutine RADINT entered
110Be(d,p)11Be  17.4MeV  400 keV  0d5/2 bound AK                0/00/00
0BASIC DATA          DR   =   0.1000   RMIN =   0.0000   RMAX =  40.0000   COUEX=   0.0000     IS1=   1.0000
                     FNRNG=   0.0000   PNLC1=   0.0000   PNLC2=   0.0000   PNLC3=   0.0000     IS2=   0.5000
 ANG MOM TRANSFER    LTR  =   2.       2*JTR=   5.       2*STR=   1.       Q    =  -2.1210
   Subroutine INSIG  entered
0 Theta Inelsig,fm**2      Polz       Asy       Ayy       A22       A21       A20       T22       T21       T20  Theta
   0.00    1.5280E+01    0.0000    0.0000    0.0143    0.0000    0.0000   -0.0196    0.0000    0.0000    0.0000   0.00
   1.00    1.5251E+01   -0.0044   -0.0079    0.0143   -0.0000   -0.0003   -0.0196    0.0000    0.0000    0.0000   1.00
   2.00    1.5166E+01   -0.0088   -0.0157    0.0144   -0.0001   -0.0005   -0.0197    0.0000    0.0000    0.0000   2.00
   3.00    1.5026E+01   -0.0131   -0.0235    0.0147   -0.0002   -0.0008   -0.0197    0.0000    0.0000    0.0000   3.00
   4.00    1.4834E+01   -0.0174   -0.0311    0.0150   -0.0003   -0.0010   -0.0199    0.0000    0.0000    0.0000   4.00
   5.00    1.4595E+01   -0.0216   -0.0386    0.0153   -0.0004   -0.0012   -0.0201    0.0000    0.0000    0.0000   5.00
   6.00    1.4312E+01   -0.0258   -0.0459    0.0158   -0.0006   -0.0015   -0.0203    0.0000    0.0000    0.0000   6.00
   7.00    1.3990E+01   -0.0299   -0.0531    0.0164   -0.0008   -0.0017   -0.0205    0.0000    0.0000    0.0000   7.00
   8.00    1.3633E+01   -0.0339   -0.0601    0.0170   -0.0011   -0.0019   -0.0208    0.0000    0.0000    0.0000   8.00
   9.00    1.3246E+01   -0.0378   -0.0669    0.0177   -0.0014   -0.0021   -0.0211    0.0000    0.0000    0.0000   9.00
  10.00    1.2832E+01   -0.0417   -0.0736    0.0186   -0.0017   -0.0024   -0.0215    0.0000    0.0000    0.0000  10.00
  11.00    1.2393E+01   -0.0456   -0.0801    0.0195   -0.0020   -0.0026   -0.0219    0.0000    0.0000    0.0000  11.00
  12.00    1.1930E+01   -0.0494   -0.0865    0.0205   -0.0024   -0.0027   -0.0223    0.0000    0.0000    0.0000  12.00
  13.00    1.1446E+01   -0.0533   -0.0927    0.0215   -0.0029   -0.0029   -0.0228    0.0000    0.0000    0.0000  13.00
  14.00    1.0941E+01   -0.0571   -0.0989    0.0227   -0.0033   -0.0031   -0.0234    0.0000    0.0000    0.0000  14.00
  15.00    1.0417E+01   -0.0609   -0.1050    0.0240   -0.0038   -0.0032   -0.0240    0.0000    0.0000    0.0000  15.00
  16.00    9.8762E+00   -0.0647   -0.1110    0.0254   -0.0043   -0.0034   -0.0247    0.0000    0.0000    0.0000  16.00
  17.00    9.3210E+00   -0.0686   -0.1169    0.0269   -0.0049   -0.0035   -0.0254    0.0000    0.0000    0.0000  17.00
  18.00    8.7564E+00   -0.0726   -0.1228    0.0285   -0.0055   -0.0036   -0.0262    0.0000    0.0000    0.0000  18.00
  19.00    8.1882E+00   -0.0766   -0.1287    0.0302   -0.0061   -0.0037   -0.0271    0.0000    0.0000    0.0000  19.00
  20.00    7.6231E+00   -0.0808   -0.1347    0.0321   -0.0068   -0.0038   -0.0280    0.0000    0.0000    0.0000  20.00
  21.00    7.0686E+00   -0.0851   -0.1406    0.0340   -0.0075   -0.0039   -0.0291    0.0000    0.0000    0.0000  21.00
  22.00    6.5318E+00   -0.0896   -0.1467    0.0361   -0.0083   -0.0039   -0.0301    0.0000    0.0000    0.0000  22.00
  23.00    6.0188E+00   -0.0943   -0.1529    0.0383   -0.0091   -0.0039   -0.0313    0.0000    0.0000    0.0000  23.00
  24.00    5.5343E+00   -0.0991   -0.1591    0.0406   -0.0099   -0.0039   -0.0325    0.0000    0.0000    0.0000  24.00
  25.00    5.0810E+00   -0.1042   -0.1654    0.0429   -0.0107   -0.0038   -0.0337    0.0000    0.0000    0.0000  25.00
  26.00    4.6593E+00   -0.1094   -0.1718    0.0453   -0.0116   -0.0038   -0.0350    0.0000    0.0000    0.0000  26.00
  27.00    4.2680E+00   -0.1148   -0.1783    0.0477   -0.0125   -0.0037   -0.0363    0.0000    0.0000    0.0000  27.00
  28.00    3.9045E+00   -0.1205   -0.1848    0.0502   -0.0134   -0.0035   -0.0376    0.0000    0.0000    0.0000  28.00
  29.00    3.5652E+00   -0.1264   -0.1915    0.0527   -0.0142   -0.0033   -0.0390    0.0000    0.0000    0.0000  29.00
  30.00    3.2466E+00   -0.1327   -0.1983    0.0551   -0.0151   -0.0031   -0.0403    0.0000    0.0000    0.0000  30.00
  31.00    2.9461E+00   -0.1393   -0.2052    0.0575   -0.0159   -0.0028   -0.0417    0.0000    0.0000    0.0000  31.00
  32.00    2.6617E+00   -0.1465   -0.2124    0.0598   -0.0167   -0.0024   -0.0430    0.0000    0.0000    0.0000  32.00
  33.00    2.3932E+00   -0.1541   -0.2197    0.0619   -0.0174   -0.0020   -0.0443    0.0000    0.0000    0.0000  33.00
  34.00    2.1414E+00   -0.1624   -0.2271    0.0637   -0.0179   -0.0014   -0.0455    0.0000    0.0000    0.0000  34.00
  35.00    1.9080E+00   -0.1711   -0.2342    0.0649   -0.0183   -0.0007   -0.0465    0.0000    0.0000    0.0000  35.00
  36.00    1.6950E+00   -0.1800   -0.2407    0.0654   -0.0183    0.0001   -0.0472    0.0000    0.0000    0.0000  36.00
  37.00    1.5041E+00   -0.1890   -0.2460    0.0649   -0.0179    0.0011   -0.0474    0.0000    0.0000    0.0000  37.00
  38.00    1.3363E+00   -0.1975   -0.2493    0.0630   -0.0169    0.0023   -0.0470    0.0000    0.0000    0.0000  38.00
  39.00    1.1916E+00   -0.2050   -0.2499    0.0595   -0.0154    0.0036   -0.0458    0.0000    0.0000    0.0000  39.00
  40.00    1.0691E+00   -0.2108   -0.2470    0.0541   -0.0131    0.0050   -0.0437    0.0000    0.0000    0.0000  40.00
  41.00    9.6710E-01   -0.2144   -0.2398    0.0467   -0.0101    0.0065   -0.0406    0.0000    0.0000    0.0000  41.00
  42.00    8.8343E-01   -0.2152   -0.2278    0.0371   -0.0063    0.0081   -0.0364    0.0000    0.0000    0.0000  42.00
  43.00    8.1597E-01   -0.2127   -0.2106    0.0255   -0.0017    0.0096   -0.0311    0.0000    0.0000    0.0000  43.00
  44.00    7.6282E-01   -0.2065   -0.1882    0.0118    0.0035    0.0110   -0.0247    0.0000    0.0000    0.0000  44.00
  45.00    7.2258E-01   -0.1966   -0.1606   -0.0034    0.0094    0.0123   -0.0174    0.0000    0.0000    0.0000  45.00
  46.00    6.9434E-01   -0.1828   -0.1285   -0.0200    0.0156    0.0134   -0.0094    0.0000    0.0000    0.0000  46.00
  47.00    6.7758E-01   -0.1657   -0.0929   -0.0371    0.0220    0.0142   -0.0008    0.0000    0.0000    0.0000  47.00
  48.00    6.7202E-01   -0.1457   -0.0555   -0.0539    0.0282    0.0147    0.0077    0.0000    0.0000    0.0000  48.00
  49.00    6.7733E-01   -0.1242   -0.0181   -0.0696    0.0339    0.0148    0.0159    0.0000    0.0000    0.0000  49.00
  50.00    6.9294E-01   -0.1023    0.0172   -0.0832    0.0388    0.0146    0.0232    0.0000    0.0000    0.0000  50.00
  51.00    7.1792E-01   -0.0813    0.0490   -0.0943    0.0427    0.0141    0.0294    0.0000    0.0000    0.0000  51.00
  52.00    7.5095E-01   -0.0620    0.0761   -0.1027    0.0455    0.0133    0.0343    0.0000    0.0000    0.0000  52.00
  53.00    7.9051E-01   -0.0451    0.0985   -0.1085    0.0474    0.0125    0.0379    0.0000    0.0000    0.0000  53.00
  54.00    8.3502E-01   -0.0307    0.1165   -0.1120    0.0484    0.0115    0.0405    0.0000    0.0000    0.0000  54.00
  55.00    8.8312E-01   -0.0186    0.1306   -0.1138    0.0487    0.0105    0.0421    0.0000    0.0000    0.0000  55.00
  56.00    9.3383E-01   -0.0086    0.1416   -0.1141    0.0486    0.0096    0.0430    0.0000    0.0000    0.0000  56.00
  57.00    9.8659E-01   -0.0003    0.1500   -0.1134    0.0480    0.0086    0.0433    0.0000    0.0000    0.0000  57.00
  58.00    1.0412E+00    0.0065    0.1564   -0.1118    0.0471    0.0077    0.0433    0.0000    0.0000    0.0000  58.00
  59.00    1.0978E+00    0.0120    0.1612   -0.1097    0.0460    0.0069    0.0429    0.0000    0.0000    0.0000  59.00
  60.00    1.1563E+00    0.0165    0.1645   -0.1071    0.0448    0.0061    0.0423    0.0000    0.0000    0.0000  60.00
0Tot-sig   3.1236E+01
1DWUCK4-DISTORTED WAVES U.COLORADO- PC-VERSION  12/Jan /1995
 Elapsed time in seconds =   0.00
 Elapsed time in seconds =   0.00
0CONTROL INTEGERS
  1 2 3 4 5 6 7 8 9 A B C D E F G H I J K    RUN IDENTIFICATION                                             0/00/00   0.00.00
  9 0 0 0 0 0 0 0 0 0 0 0 0 0 0 0 0 0 0 0    END OF DATA for DWUCK4                                      
STOP  End of data
