1********************DWUCK4 AT YOUR SERVICE********************

 installed         Mon May 21 11:05:50 1990                
 today is          Wed Feb 25 10:23:22 2026




















                    *******************************************************
                    *                                                     *
                    * User     : calemhoffman                             *
                    * Directory: <- /Users/calemhoffman/Documents/GitHub/ *
                    * Input    : Standard Input                           *
                    * Output   : Standard Output                          *
                    *                                                     *
                    *******************************************************
1
0DWUCK4-DISTORTED WAVES U.COLORADO- PC-VERSION  12/Jan /1995
 Elapsed time in seconds =   0.00
 Elapsed time in seconds =   0.00
0CONTROL INTEGERS
  1 2 3 4 5 6 7 8 9 A B C D E F G H I J K    RUN IDENTIFICATION                                             0/00/00   0.00.00
  1 0 0 1 0 0 0 0 0 0 2 0 0 0 0 0 0 0 0 0    10Be(d,p)11Be  17.4MeV  0 keV  0d5/2 bound AK               
 10Be(d,p)11Be  17.4MeV  0 keV  0d5/2 bound AK               
 Adwck4 entered
0ANGLE DATA          THETN=  61.0000   THET1=   0.0000   DTHET=   1.0000   A-ANG=   0.0000   B-ANG=   0.0000
0CARD SET 3 DATA     LMAX =  30          LTR=   2
                     NLTR =   1        2*JTR=   5
0CARD SET 4 DATA     DRF  =   0.1000   RZ   =   0.0000   RMAX =  50.0000   VCE  =   0.0000   FNRNG=   0.0000
 PARTICLE DATA 
0PARTICLE 1*******************************************************************************************************************
 INPUT DATA          ELAB =  17.4000   RC0  =   1.3030   AC   =   0.0000   2*STR=   2.0000
                     MASSP=   2.0000   MASST=  10.0000   Q    =   0.0000
                     ZP   =   1.0000   ZT   =   4.0000   PNLOC=   0.0000
 
 DERIVED DATA        ECM  =  14.5000   RC   =   2.8072   RHO  =   3.0186
                     K    =   1.0753   ETA  =   0.2136   DR   =   0.1000
0POTENTIAL PARAMETERS
 NX=1 VOLUME  W-S    V RL = -88.7440   R0RL =   1.1480   A RL =   0.7460   R RL =   2.4733   VSOR =   0.0000
                     V IM =  -2.1860   R0IM =   1.3510   A IM =   0.6400   R IM =   2.9106   VSOI =   0.0000   POWR =   0.0000
 NX=2 SURFACE W-S    V RL =   0.0000   R0RL =   0.0000   A RL =   0.0000   R RL =   0.0000   VSOR =   0.0000
                     V IM =  10.2980   R0IM =   1.4050   A IM =   0.6650   R IM =   3.0270   VSOI =   0.0000   POWR =   0.0000
 NX=4 L*S VOLUME     V RL =  -3.5570   R0RL =   0.9720   A RL =   1.0110   R RL =   2.0941   VSOR =   0.0000
                     V IM =   0.0000   R0IM =   0.0000   A IM =   0.0000   R IM =   0.0000   VSOI =   0.0000   POWR =   0.0000
0PARTICLE 2*******************************************************************************************************************
 INPUT DATA          ELAB =  13.9407   RC0  =   1.5780   AC   =   0.0000   2*STR=   1.0000
                     MASSP=   1.0000   MASST=  11.0000   Q    =  -1.7210
                     ZP   =   1.0000   ZT   =   4.0000   PNLOC=   0.0000
 
 DERIVED DATA        ECM  =  12.7790   RC   =   3.5094   RHO  =   2.6273
                     K    =   0.7486   ETA  =   0.1687   DR   =   0.0909
0POTENTIAL PARAMETERS
 NX=1 VOLUME  W-S    V RL = -55.9170   R0RL =   1.1220   A RL =   0.6760   R RL =   2.4953   VSOR =   0.0000
                     V IM =  -1.2020   R0IM =   1.1220   A IM =   0.6760   R IM =   2.4953   VSOI =   0.0000   POWR =   0.0000
 NX=2 SURFACE W-S    V RL =   0.0000   R0RL =   0.0000   A RL =   0.0000   R RL =   0.0000   VSOR =   0.0000
                     V IM =   9.8960   R0IM =   1.3070   A IM =   0.5240   R IM =   2.9067   VSOI =   0.0000   POWR =   0.0000
 NX=4 L*S VOLUME     V RL =  -5.4500   R0RL =   0.8940   A RL =   0.5900   R RL =   1.9882   VSOR =   0.0000
                     V IM =   0.0580   R0IM =   0.8940   A IM =   0.5900   R IM =   1.9882   VSOI =   0.0000   POWR =   0.0000
110Be(d,p)11Be  17.4MeV  0 keV  0d5/2 bound AK                  0/ 0/ 0
0FORM FACTOR DATA 
0PARTICLE 3*******************************************************************************************************************
 INPUT DATA          ELAB =  -0.5040   RC0  =   1.3000   AC   =   0.0000   2*STR=   1.0000
                     MASSP=   1.0000   MASST=  10.0000   Q    =  -0.5040
                     ZP   =   0.0000   ZT   =   4.0000   PNLOC=   0.0000
 
 DERIVED DATA        ECM  =  -0.5040   RC   =   2.8008   RHO  =   0.4147
                     K    =   0.1481   ETA  =   0.0000   DR   =   0.1000
0POTENTIAL PARAMETERS
 NX=1 VOLUME  W-S    V RL =  -1.0000   R0RL =   1.2500   A RL =   0.6500   R RL =   2.6930   VSOR =   6.0000
                     V IM =   0.0000   R0IM =   0.0000   A IM =   0.0000   R IM =   0.0000   VSOI =   0.0000   POWR =   0.0000
 
                     NODES=   0.0000   L    =   2.0000   2*J  =   5.0000   2*S  =   1.0000   FISW =   0.0000
 
                     V    =  66.4338   DET  =   0.0001   NODES=   0.0000   RM   =   3.8500   E    =  -0.5040   ITER.=   5
0                    LMAX =  30        NSTEP= 400        NLTR =   1
 Bdwck4 entered
   Subroutine INTEG  entered
0REACSIG 1   6.72491E+01                                             REACSIG 2   3.92870E+01
   Subroutine RADINT entered
110Be(d,p)11Be  17.4MeV  0 keV  0d5/2 bound AK                  0/00/00
0BASIC DATA          DR   =   0.1000   RMIN =   0.0000   RMAX =  40.0000   COUEX=   0.0000     IS1=   1.0000
                     FNRNG=   0.0000   PNLC1=   0.0000   PNLC2=   0.0000   PNLC3=   0.0000     IS2=   0.5000
 ANG MOM TRANSFER    LTR  =   2.       2*JTR=   5.       2*STR=   1.       Q    =  -1.7210
   Subroutine INSIG  entered
0 Theta Inelsig,fm**2      Polz       Asy       Ayy       A22       A21       A20       T22       T21       T20  Theta
   0.00    1.4982E+01    0.0000    0.0000    0.0150    0.0000    0.0000   -0.0206    0.0000    0.0000    0.0000   0.00
   1.00    1.4955E+01   -0.0048   -0.0086    0.0150   -0.0000   -0.0003   -0.0206    0.0000    0.0000    0.0000   1.00
   2.00    1.4875E+01   -0.0096   -0.0172    0.0151   -0.0001   -0.0005   -0.0207    0.0000    0.0000    0.0000   2.00
   3.00    1.4744E+01   -0.0144   -0.0257    0.0154   -0.0001   -0.0008   -0.0207    0.0000    0.0000    0.0000   3.00
   4.00    1.4562E+01   -0.0191   -0.0341    0.0156   -0.0003   -0.0010   -0.0209    0.0000    0.0000    0.0000   4.00
   5.00    1.4333E+01   -0.0238   -0.0423    0.0160   -0.0004   -0.0013   -0.0211    0.0000    0.0000    0.0000   5.00
   6.00    1.4059E+01   -0.0284   -0.0504    0.0165   -0.0006   -0.0015   -0.0213    0.0000    0.0000    0.0000   6.00
   7.00    1.3745E+01   -0.0329   -0.0584    0.0170   -0.0008   -0.0017   -0.0215    0.0000    0.0000    0.0000   7.00
   8.00    1.3393E+01   -0.0374   -0.0661    0.0176   -0.0010   -0.0020   -0.0218    0.0000    0.0000    0.0000   8.00
   9.00    1.3007E+01   -0.0418   -0.0736    0.0183   -0.0013   -0.0022   -0.0221    0.0000    0.0000    0.0000   9.00
  10.00    1.2593E+01   -0.0461   -0.0809    0.0191   -0.0016   -0.0024   -0.0225    0.0000    0.0000    0.0000  10.00
  11.00    1.2153E+01   -0.0503   -0.0880    0.0200   -0.0019   -0.0026   -0.0229    0.0000    0.0000    0.0000  11.00
  12.00    1.1691E+01   -0.0545   -0.0949    0.0210   -0.0023   -0.0028   -0.0234    0.0000    0.0000    0.0000  12.00
  13.00    1.1213E+01   -0.0586   -0.1016    0.0220   -0.0027   -0.0029   -0.0239    0.0000    0.0000    0.0000  13.00
  14.00    1.0720E+01   -0.0627   -0.1082    0.0232   -0.0031   -0.0031   -0.0245    0.0000    0.0000    0.0000  14.00
  15.00    1.0216E+01   -0.0667   -0.1145    0.0244   -0.0036   -0.0032   -0.0251    0.0000    0.0000    0.0000  15.00
  16.00    9.7060E+00   -0.0708   -0.1207    0.0257   -0.0041   -0.0034   -0.0257    0.0000    0.0000    0.0000  16.00
  17.00    9.1916E+00   -0.0748   -0.1267    0.0271   -0.0046   -0.0035   -0.0264    0.0000    0.0000    0.0000  17.00
  18.00    8.6764E+00   -0.0788   -0.1327    0.0287   -0.0052   -0.0036   -0.0272    0.0000    0.0000    0.0000  18.00
  19.00    8.1634E+00   -0.0829   -0.1385    0.0303   -0.0058   -0.0037   -0.0280    0.0000    0.0000    0.0000  19.00
  20.00    7.6558E+00   -0.0871   -0.1443    0.0319   -0.0064   -0.0037   -0.0289    0.0000    0.0000    0.0000  20.00
  21.00    7.1565E+00   -0.0914   -0.1501    0.0337   -0.0070   -0.0037   -0.0298    0.0000    0.0000    0.0000  21.00
  22.00    6.6684E+00   -0.0958   -0.1559    0.0356   -0.0077   -0.0038   -0.0308    0.0000    0.0000    0.0000  22.00
  23.00    6.1942E+00   -0.1003   -0.1617    0.0376   -0.0084   -0.0037   -0.0319    0.0000    0.0000    0.0000  23.00
  24.00    5.7360E+00   -0.1051   -0.1676    0.0396   -0.0091   -0.0037   -0.0330    0.0000    0.0000    0.0000  24.00
  25.00    5.2958E+00   -0.1100   -0.1735    0.0417   -0.0099   -0.0036   -0.0341    0.0000    0.0000    0.0000  25.00
  26.00    4.8752E+00   -0.1152   -0.1796    0.0439   -0.0106   -0.0035   -0.0353    0.0000    0.0000    0.0000  26.00
  27.00    4.4750E+00   -0.1206   -0.1857    0.0460   -0.0114   -0.0034   -0.0365    0.0000    0.0000    0.0000  27.00
  28.00    4.0959E+00   -0.1263   -0.1920    0.0483   -0.0122   -0.0032   -0.0378    0.0000    0.0000    0.0000  28.00
  29.00    3.7381E+00   -0.1322   -0.1983    0.0504   -0.0129   -0.0029   -0.0391    0.0000    0.0000    0.0000  29.00
  30.00    3.4018E+00   -0.1385   -0.2047    0.0526   -0.0136   -0.0026   -0.0403    0.0000    0.0000    0.0000  30.00
  31.00    3.0869E+00   -0.1451   -0.2111    0.0546   -0.0143   -0.0022   -0.0416    0.0000    0.0000    0.0000  31.00
  32.00    2.7931E+00   -0.1521   -0.2174    0.0565   -0.0149   -0.0018   -0.0428    0.0000    0.0000    0.0000  32.00
  33.00    2.5206E+00   -0.1592   -0.2235    0.0580   -0.0153   -0.0012   -0.0439    0.0000    0.0000    0.0000  33.00
  34.00    2.2691E+00   -0.1667   -0.2292    0.0592   -0.0156   -0.0006   -0.0448    0.0000    0.0000    0.0000  34.00
  35.00    2.0387E+00   -0.1742   -0.2342    0.0599   -0.0157    0.0002   -0.0455    0.0000    0.0000    0.0000  35.00
  36.00    1.8294E+00   -0.1816   -0.2382    0.0598   -0.0155    0.0011   -0.0459    0.0000    0.0000    0.0000  36.00
  37.00    1.6410E+00   -0.1888   -0.2407    0.0587   -0.0149    0.0021   -0.0459    0.0000    0.0000    0.0000  37.00
  38.00    1.4732E+00   -0.1952   -0.2411    0.0565   -0.0139    0.0033   -0.0453    0.0000    0.0000    0.0000  38.00
  39.00    1.3256E+00   -0.2006   -0.2388    0.0527   -0.0123    0.0046   -0.0440    0.0000    0.0000    0.0000  39.00
  40.00    1.1976E+00   -0.2044   -0.2330    0.0473   -0.0100    0.0060   -0.0418    0.0000    0.0000    0.0000  40.00
  41.00    1.0883E+00   -0.2060   -0.2229    0.0398   -0.0070    0.0076   -0.0386    0.0000    0.0000    0.0000  41.00
  42.00    9.9680E-01   -0.2048   -0.2080    0.0303   -0.0032    0.0092   -0.0344    0.0000    0.0000    0.0000  42.00
  43.00    9.2212E-01   -0.2004   -0.1879    0.0187    0.0013    0.0107   -0.0290    0.0000    0.0000    0.0000  43.00
  44.00    8.6322E-01   -0.1922   -0.1626    0.0052    0.0065    0.0122   -0.0226    0.0000    0.0000    0.0000  44.00
  45.00    8.1908E-01   -0.1804   -0.1324   -0.0098    0.0122    0.0136   -0.0154    0.0000    0.0000    0.0000  45.00
  46.00    7.8872E-01   -0.1650   -0.0985   -0.0257    0.0181    0.0147   -0.0075    0.0000    0.0000    0.0000  46.00
  47.00    7.7122E-01   -0.1468   -0.0622   -0.0416    0.0240    0.0154    0.0006    0.0000    0.0000    0.0000  47.00
  48.00    7.6565E-01   -0.1266   -0.0252   -0.0569    0.0296    0.0159    0.0086    0.0000    0.0000    0.0000  48.00
  49.00    7.7111E-01   -0.1056    0.0108   -0.0708    0.0346    0.0159    0.0160    0.0000    0.0000    0.0000  49.00
  50.00    7.8664E-01   -0.0847    0.0442   -0.0827    0.0388    0.0157    0.0226    0.0000    0.0000    0.0000  50.00
  51.00    8.1128E-01   -0.0648    0.0741   -0.0925    0.0421    0.0152    0.0282    0.0000    0.0000    0.0000  51.00
  52.00    8.4402E-01   -0.0466    0.0998   -0.1000    0.0446    0.0144    0.0328    0.0000    0.0000    0.0000  52.00
  53.00    8.8384E-01   -0.0304    0.1213   -0.1054    0.0462    0.0136    0.0363    0.0000    0.0000    0.0000  53.00
  54.00    9.2973E-01   -0.0164    0.1387   -0.1088    0.0472    0.0126    0.0388    0.0000    0.0000    0.0000  54.00
  55.00    9.8073E-01   -0.0046    0.1524   -0.1106    0.0475    0.0116    0.0405    0.0000    0.0000    0.0000  55.00
  56.00    1.0359E+00    0.0053    0.1630   -0.1111    0.0474    0.0106    0.0416    0.0000    0.0000    0.0000  56.00
  57.00    1.0945E+00    0.0133    0.1709   -0.1105    0.0469    0.0097    0.0420    0.0000    0.0000    0.0000  57.00
  58.00    1.1558E+00    0.0198    0.1765   -0.1091    0.0460    0.0087    0.0421    0.0000    0.0000    0.0000  58.00
  59.00    1.2191E+00    0.0250    0.1804   -0.1070    0.0450    0.0079    0.0418    0.0000    0.0000    0.0000  59.00
  60.00    1.2838E+00    0.0290    0.1829   -0.1045    0.0438    0.0071    0.0412    0.0000    0.0000    0.0000  60.00
0Tot-sig   3.3113E+01
1DWUCK4-DISTORTED WAVES U.COLORADO- PC-VERSION  12/Jan /1995
 Elapsed time in seconds =   0.00
 Elapsed time in seconds =   0.00
0CONTROL INTEGERS
  1 2 3 4 5 6 7 8 9 A B C D E F G H I J K    RUN IDENTIFICATION                                             0/00/00   0.00.00
  9 0 0 0 0 0 0 0 0 0 0 0 0 0 0 0 0 0 0 0    END OF DATA for DWUCK4                                      
STOP  End of data
