1********************DWUCK4 AT YOUR SERVICE********************

 installed         Mon May 21 11:05:50 1990                
 today is          Sun Jan 25 22:17:09 2026




















                    *******************************************************
                    *                                                     *
                    * User     : calemhoffman                             *
                    * Directory: <- /Users/calemhoffman/Documents/GitHub/ *
                    * Input    : Standard Input                           *
                    * Output   : Standard Output                          *
                    *                                                     *
                    *******************************************************
1
0DWUCK4-DISTORTED WAVES U.COLORADO- PC-VERSION  12/Jan /1995
 Elapsed time in seconds =   0.00
 Elapsed time in seconds =   0.00
0CONTROL INTEGERS
  1 2 3 4 5 6 7 8 9 A B C D E F G H I J K    RUN IDENTIFICATION                                             0/00/00   0.00.00
  1 0 0 1 0 0 0 0 0 0 2 0 0 0 0 0 0 0 0 0    36S(d,p)@ 16MeV    1398 keV  0d3/2 bound QP                 
 36S(d,p)@ 16MeV    1398 keV  0d3/2 bound QP                 
 Adwck4 entered
0ANGLE DATA          THETN=  60.0000   THET1=   0.0000   DTHET=   1.0000   A-ANG=   0.0000   B-ANG=   0.0000
0CARD SET 3 DATA     LMAX =  30          LTR=   2
                     NLTR =   1        2*JTR=   3
0CARD SET 4 DATA     DRF  =   0.1000   RZ   =   0.0000   RMAX =  50.0000   VCE  =   0.0000   FNRNG=   0.0000
 PARTICLE DATA 
0PARTICLE 1*******************************************************************************************************************
 INPUT DATA          ELAB =  16.0000   RC0  =   1.1500   AC   =   0.0000   2*STR=   2.0000
                     MASSP=   2.0000   MASST=  36.0000   Q    =   0.0000
                     ZP   =   1.0000   ZT   =  16.0000   PNLOC=   0.0000
 
 DERIVED DATA        ECM  =  15.1579   RC   =   3.7972   RHO  =   4.4512
                     K    =   1.1722   ETA  =   0.8909   DR   =   0.1000
0POTENTIAL PARAMETERS
 NX=1 VOLUME  W-S    V RL = -87.1710   R0RL =   1.1500   A RL =   0.8100   R RL =   3.7972   VSOR =   0.0000
                     V IM =   0.0000   R0IM =   0.0000   A IM =   0.0000   R IM =   0.0000   VSOI =   0.0000   POWR =   0.0000
 NX=2 SURFACE W-S    V RL =   0.0000   R0RL =   0.0000   A RL =   0.0000   R RL =   0.0000   VSOR =   0.0000
                     V IM =  49.6130   R0IM =   1.3400   A IM =   0.6800   R IM =   4.4246   VSOI =   0.0000   POWR =   0.0000
 NX=4 L*S VOLUME     V RL =   0.0000   R0RL =   0.0000   A RL =   0.0000   R RL =   0.0000   VSOR =   0.0000
                     V IM =   0.0000   R0IM =   0.0000   A IM =   0.0000   R IM =   0.0000   VSOI =   0.0000   POWR =   0.0000
0PARTICLE 2*******************************************************************************************************************
 INPUT DATA          ELAB =  16.2670   RC0  =   1.2500   AC   =   0.0000   2*STR=   1.0000
                     MASSP=   1.0000   MASST=  37.0000   Q    =   0.6810
                     ZP   =   1.0000   ZT   =  16.0000   PNLOC=   0.0000
 
 DERIVED DATA        ECM  =  15.8389   RC   =   4.1653   RHO  =   3.5779
                     K    =   0.8590   ETA  =   0.6248   DR   =   0.0973
0POTENTIAL PARAMETERS
 NX=1 VOLUME  W-S    V RL = -49.6950   R0RL =   1.2500   A RL =   0.6500   R RL =   4.1653   VSOR =   0.0000
                     V IM =   0.0000   R0IM =   0.0000   A IM =   0.0000   R IM =   0.0000   VSOI =   0.0000   POWR =   0.0000
 NX=2 SURFACE W-S    V RL =   0.0000   R0RL =   0.0000   A RL =   0.0000   R RL =   0.0000   VSOR =   0.0000
                     V IM =  25.3800   R0IM =   1.2500   A IM =   0.4700   R IM =   4.1653   VSOI =   0.0000   POWR =   0.0000
 NX=4 L*S VOLUME     V RL = -30.0000   R0RL =   1.2500   A RL =   0.4700   R RL =   4.1653   VSOR =   0.0000
                     V IM =   0.0000   R0IM =   0.0000   A IM =   0.0000   R IM =   0.0000   VSOI =   0.0000   POWR =   0.0000
136S(d,p)@ 16MeV    1398 keV  0d3/2 bound QP                    0/ 0/ 0
0FORM FACTOR DATA 
0PARTICLE 3*******************************************************************************************************************
 INPUT DATA          ELAB =  -2.9060   RC0  =   1.3000   AC   =   0.0000   2*STR=   1.0000
                     MASSP=   1.0000   MASST=  36.0000   Q    =  -2.9060
                     ZP   =   0.0000   ZT   =  16.0000   PNLOC=   0.0000
 
 DERIVED DATA        ECM  =  -2.9060   RC   =   4.2925   RHO  =   1.5788
                     K    =   0.3678   ETA  =   0.0000   DR   =   0.1000
0POTENTIAL PARAMETERS
 NX=1 VOLUME  W-S    V RL =  -1.0000   R0RL =   1.2500   A RL =   0.6500   R RL =   4.1274   VSOR =  36.4390
                     V IM =   1.1000   R0IM =   0.6500   A IM =   0.0000   R IM =   2.1463   VSOI =   0.0000   POWR =   0.0000
 
                     NODES=   0.0000   L    =   2.0000   2*J  =   3.0000   2*S  =   1.0000   FISW =   0.0000
 
                     V    =  38.1764   DET  =  -0.0000   NODES=   0.0000   RM   =   4.6500   E    =  -2.9060   ITER.=   4
0                    LMAX =  30        NSTEP= 400        NLTR =   1
 Bdwck4 entered
   Subroutine INTEG  entered
0REACSIG 1   1.41906E+02                                             REACSIG 2   7.62796E+01
   Subroutine RADINT entered
136S(d,p)@ 16MeV    1398 keV  0d3/2 bound QP                    0/00/00
0BASIC DATA          DR   =   0.1000   RMIN =   0.0000   RMAX =  40.0000   COUEX=   0.0000     IS1=   1.0000
                     FNRNG=   0.0000   PNLC1=   0.0000   PNLC2=   0.0000   PNLC3=   0.0000     IS2=   0.5000
 ANG MOM TRANSFER    LTR  =   2.       2*JTR=   3.       2*STR=   1.       Q    =   0.6810
   Subroutine INSIG  entered
0 Theta Inelsig,fm**2      Polz       Asy       Ayy       A22       A21       A20       T22       T21       T20  Theta
   0.00    1.2307E+00    0.0000    0.0000    0.0082    0.0000    0.0000   -0.0110    0.0000    0.0000    0.0000   0.00
   1.00    1.2320E+00   -0.0072   -0.0093    0.0080    0.0001   -0.0002   -0.0109    0.0000    0.0000    0.0000   1.00
   2.00    1.2358E+00   -0.0142   -0.0186    0.0075    0.0003   -0.0005   -0.0107    0.0000    0.0000    0.0000   2.00
   3.00    1.2420E+00   -0.0211   -0.0277    0.0066    0.0006   -0.0007   -0.0103    0.0000    0.0000    0.0000   3.00
   4.00    1.2504E+00   -0.0276   -0.0367    0.0055    0.0010   -0.0009   -0.0097    0.0000    0.0000    0.0000   4.00
   5.00    1.2605E+00   -0.0338   -0.0455    0.0043    0.0015   -0.0012   -0.0091    0.0000    0.0000    0.0000   5.00
   6.00    1.2720E+00   -0.0395   -0.0540    0.0032    0.0019   -0.0014   -0.0085    0.0000    0.0000    0.0000   6.00
   7.00    1.2842E+00   -0.0447   -0.0623    0.0021    0.0023   -0.0016   -0.0080    0.0000    0.0000    0.0000   7.00
   8.00    1.2964E+00   -0.0494   -0.0702    0.0013    0.0025   -0.0017   -0.0075    0.0000    0.0000    0.0000   8.00
   9.00    1.3077E+00   -0.0535   -0.0776    0.0009    0.0027   -0.0019   -0.0072    0.0000    0.0000    0.0000   9.00
  10.00    1.3171E+00   -0.0571   -0.0847    0.0009    0.0026   -0.0021   -0.0070    0.0000    0.0000    0.0000  10.00
  11.00    1.3238E+00   -0.0601   -0.0913    0.0014    0.0024   -0.0023   -0.0071    0.0000    0.0000    0.0000  11.00
  12.00    1.3267E+00   -0.0627   -0.0974    0.0024    0.0019   -0.0025   -0.0074    0.0000    0.0000    0.0000  12.00
  13.00    1.3249E+00   -0.0647   -0.1030    0.0039    0.0012   -0.0027   -0.0079    0.0000    0.0000    0.0000  13.00
  14.00    1.3175E+00   -0.0662   -0.1081    0.0061    0.0003   -0.0029   -0.0087    0.0000    0.0000    0.0000  14.00
  15.00    1.3038E+00   -0.0673   -0.1125    0.0087   -0.0008   -0.0031   -0.0097    0.0000    0.0000    0.0000  15.00
  16.00    1.2833E+00   -0.0679   -0.1162    0.0120   -0.0022   -0.0033   -0.0110    0.0000    0.0000    0.0000  16.00
  17.00    1.2557E+00   -0.0679   -0.1193    0.0157   -0.0037   -0.0036   -0.0125    0.0000    0.0000    0.0000  17.00
  18.00    1.2210E+00   -0.0675   -0.1215    0.0200   -0.0055   -0.0038   -0.0143    0.0000    0.0000    0.0000  18.00
  19.00    1.1793E+00   -0.0664   -0.1229    0.0249   -0.0074   -0.0041   -0.0164    0.0000    0.0000    0.0000  19.00
  20.00    1.1311E+00   -0.0648   -0.1232    0.0302   -0.0095   -0.0044   -0.0187    0.0000    0.0000    0.0000  20.00
  21.00    1.0771E+00   -0.0625   -0.1224    0.0360   -0.0118   -0.0047   -0.0213    0.0000    0.0000    0.0000  21.00
  22.00    1.0181E+00   -0.0593   -0.1203    0.0423   -0.0143   -0.0050   -0.0241    0.0000    0.0000    0.0000  22.00
  23.00    9.5503E-01   -0.0553   -0.1167    0.0491   -0.0170   -0.0053   -0.0272    0.0000    0.0000    0.0000  23.00
  24.00    8.8901E-01   -0.0502   -0.1114    0.0564   -0.0198   -0.0056   -0.0306    0.0000    0.0000    0.0000  24.00
  25.00    8.2117E-01   -0.0440   -0.1042    0.0642   -0.0228   -0.0059   -0.0343    0.0000    0.0000    0.0000  25.00
  26.00    7.5266E-01   -0.0363   -0.0946    0.0725   -0.0260   -0.0061   -0.0382    0.0000    0.0000    0.0000  26.00
  27.00    6.8461E-01   -0.0271   -0.0825    0.0812   -0.0293   -0.0064   -0.0425    0.0000    0.0000    0.0000  27.00
  28.00    6.1805E-01   -0.0161   -0.0673    0.0903   -0.0327   -0.0066   -0.0471    0.0000    0.0000    0.0000  28.00
  29.00    5.5393E-01   -0.0030   -0.0488    0.0997   -0.0361   -0.0068   -0.0519    0.0000    0.0000    0.0000  29.00
  30.00    4.9307E-01    0.0124   -0.0264    0.1092   -0.0395   -0.0069   -0.0570    0.0000    0.0000    0.0000  30.00
  31.00    4.3615E-01    0.0304    0.0003    0.1186   -0.0428   -0.0069   -0.0622    0.0000    0.0000    0.0000  31.00
  32.00    3.8367E-01    0.0512    0.0315    0.1277   -0.0459   -0.0067   -0.0676    0.0000    0.0000    0.0000  32.00
  33.00    3.3599E-01    0.0748    0.0676    0.1360   -0.0485   -0.0064   -0.0729    0.0000    0.0000    0.0000  33.00
  34.00    2.9334E-01    0.1012    0.1084    0.1429   -0.0504   -0.0058   -0.0779    0.0000    0.0000    0.0000  34.00
  35.00    2.5576E-01    0.1300    0.1534    0.1478   -0.0514   -0.0050   -0.0824    0.0000    0.0000    0.0000  35.00
  36.00    2.2317E-01    0.1604    0.2015    0.1497   -0.0511   -0.0038   -0.0860    0.0000    0.0000    0.0000  36.00
  37.00    1.9540E-01    0.1911    0.2509    0.1478   -0.0490   -0.0022   -0.0882    0.0000    0.0000    0.0000  37.00
  38.00    1.7215E-01    0.2204    0.2986    0.1412   -0.0450   -0.0002   -0.0887    0.0000    0.0000    0.0000  38.00
  39.00    1.5306E-01    0.2458    0.3412    0.1292   -0.0388    0.0022   -0.0871    0.0000    0.0000    0.0000  39.00
  40.00    1.3770E-01    0.2649    0.3747    0.1119   -0.0304    0.0049   -0.0831    0.0000    0.0000    0.0000  40.00
  41.00    1.2562E-01    0.2756    0.3956    0.0895   -0.0201    0.0078   -0.0768    0.0000    0.0000    0.0000  41.00
  42.00    1.1633E-01    0.2762    0.4014    0.0634   -0.0084    0.0107   -0.0685    0.0000    0.0000    0.0000  42.00
  43.00    1.0937E-01    0.2666    0.3913    0.0352    0.0040    0.0135   -0.0589    0.0000    0.0000    0.0000  43.00
  44.00    1.0426E-01    0.2474    0.3664    0.0066    0.0162    0.0160   -0.0485    0.0000    0.0000    0.0000  44.00
  45.00    1.0058E-01    0.2206    0.3294   -0.0205    0.0277    0.0182   -0.0382    0.0000    0.0000    0.0000  45.00
  46.00    9.7915E-02    0.1883    0.2836   -0.0449    0.0379    0.0200   -0.0286    0.0000    0.0000    0.0000  46.00
  47.00    9.5914E-02    0.1530    0.2327   -0.0658    0.0465    0.0214   -0.0201    0.0000    0.0000    0.0000  47.00
  48.00    9.4271E-02    0.1166    0.1799   -0.0830    0.0535    0.0225   -0.0130    0.0000    0.0000    0.0000  48.00
  49.00    9.2731E-02    0.0807    0.1275   -0.0965    0.0589    0.0233   -0.0072    0.0000    0.0000    0.0000  49.00
  50.00    9.1091E-02    0.0466    0.0775   -0.1067    0.0630    0.0239   -0.0029    0.0000    0.0000    0.0000  50.00
  51.00    8.9202E-02    0.0148    0.0310   -0.1139    0.0659    0.0244    0.0002    0.0000    0.0000    0.0000  51.00
  52.00    8.6961E-02   -0.0140   -0.0113   -0.1187    0.0679    0.0248    0.0021    0.0000    0.0000    0.0000  52.00
  53.00    8.4310E-02   -0.0396   -0.0489   -0.1213    0.0690    0.0251    0.0031    0.0000    0.0000    0.0000  53.00
  54.00    8.1230E-02   -0.0619   -0.0816   -0.1224    0.0696    0.0254    0.0032    0.0000    0.0000    0.0000  54.00
  55.00    7.7736E-02   -0.0807   -0.1092   -0.1221    0.0696    0.0258    0.0026    0.0000    0.0000    0.0000  55.00
  56.00    7.3870E-02   -0.0958   -0.1317   -0.1208    0.0694    0.0262    0.0015    0.0000    0.0000    0.0000  56.00
  57.00    6.9696E-02   -0.1069   -0.1488   -0.1187    0.0688    0.0266   -0.0001    0.0000    0.0000    0.0000  57.00
  58.00    6.5293E-02   -0.1139   -0.1603   -0.1161    0.0681    0.0271   -0.0020    0.0000    0.0000    0.0000  58.00
  59.00    6.0749E-02   -0.1161   -0.1657   -0.1132    0.0673    0.0277   -0.0041    0.0000    0.0000    0.0000  59.00
0Tot-sig   1.3484E+00
1DWUCK4-DISTORTED WAVES U.COLORADO- PC-VERSION  12/Jan /1995
 Elapsed time in seconds =   0.00
 Elapsed time in seconds =   0.00
0CONTROL INTEGERS
  1 2 3 4 5 6 7 8 9 A B C D E F G H I J K    RUN IDENTIFICATION                                             0/00/00   0.00.00
  9 0 0 0 0 0 0 0 0 0 0 0 0 0 0 0 0 0 0 0    END OF DATA for DWUCK4                                      
STOP  End of data
