1********************DWUCK4 AT YOUR SERVICE********************

 installed         Mon May 21 11:05:50 1990                
 today is          Sat Jan 24 23:15:13 2026




















                    *******************************************************
                    *                                                     *
                    * User     : calemhoffman                             *
                    * Directory: <- /Users/calemhoffman/Documents/GitHub/ *
                    * Input    : Standard Input                           *
                    * Output   : Standard Output                          *
                    *                                                     *
                    *******************************************************
1
0DWUCK4-DISTORTED WAVES U.COLORADO- PC-VERSION  12/Jan /1995
 Elapsed time in seconds =   0.00
 Elapsed time in seconds =   0.00
0CONTROL INTEGERS
  1 2 3 4 5 6 7 8 9 A B C D E F G H I J K    RUN IDENTIFICATION                                             0/00/00   0.00.00
  1 0 0 1 0 0 0 0 0 0 2 0 0 0 0 0 0 0 0 0    36S(d,p)@ 16MeV    645 keV  1p3/2 bound AK                  
 36S(d,p)@ 16MeV    645 keV  1p3/2 bound AK                  
 Adwck4 entered
0ANGLE DATA          THETN=  60.0000   THET1=   0.0000   DTHET=   1.0000   A-ANG=   0.0000   B-ANG=   0.0000
0CARD SET 3 DATA     LMAX =  30          LTR=   1
                     NLTR =   1        2*JTR=   3
0CARD SET 4 DATA     DRF  =   0.1000   RZ   =   0.0000   RMAX =  50.0000   VCE  =   0.0000   FNRNG=   0.0000
 PARTICLE DATA 
0PARTICLE 1*******************************************************************************************************************
 INPUT DATA          ELAB =  16.0000   RC0  =   1.3030   AC   =   0.0000   2*STR=   2.0000
                     MASSP=   2.0000   MASST=  36.0000   Q    =   0.0000
                     ZP   =   1.0000   ZT   =  16.0000   PNLOC=   0.0000
 
 DERIVED DATA        ECM  =  15.1579   RC   =   4.3024   RHO  =   5.0434
                     K    =   1.1722   ETA  =   0.8909   DR   =   0.1000
0POTENTIAL PARAMETERS
 NX=1 VOLUME  W-S    V RL = -91.0070   R0RL =   1.1500   A RL =   0.7610   R RL =   3.7972   VSOR =   0.0000
                     V IM =  -2.0990   R0IM =   1.3350   A IM =   0.5250   R IM =   4.4081   VSOI =   0.0000   POWR =   0.0000
 NX=2 SURFACE W-S    V RL =   0.0000   R0RL =   0.0000   A RL =   0.0000   R RL =   0.0000   VSOR =   0.0000
                     V IM =  30.4410   R0IM =   1.3800   A IM =   0.7360   R IM =   4.5567   VSOI =   0.0000   POWR =   0.0000
 NX=4 L*S VOLUME     V RL = -14.2280   R0RL =   0.9720   A RL =   1.0110   R RL =   3.2095   VSOR =   0.0000
                     V IM =   0.0000   R0IM =   0.0000   A IM =   0.0000   R IM =   0.0000   VSOI =   0.0000   POWR =   0.0000
0PARTICLE 2*******************************************************************************************************************
 INPUT DATA          ELAB =  17.0403   RC0  =   1.2920   AC   =   0.0000   2*STR=   1.0000
                     MASSP=   1.0000   MASST=  37.0000   Q    =   1.4340
                     ZP   =   1.0000   ZT   =  16.0000   PNLOC=   0.0000
 
 DERIVED DATA        ECM  =  16.5919   RC   =   4.3052   RHO  =   3.7851
                     K    =   0.8792   ETA  =   0.6104   DR   =   0.0973
0POTENTIAL PARAMETERS
 NX=1 VOLUME  W-S    V RL = -53.2270   R0RL =   1.1820   A RL =   0.6720   R RL =   3.9387   VSOR =   0.0000
                     V IM =  -1.4850   R0IM =   1.1820   A IM =   0.6720   R IM =   3.9387   VSOI =   0.0000   POWR =   0.0000
 NX=2 SURFACE W-S    V RL =   0.0000   R0RL =   0.0000   A RL =   0.0000   R RL =   0.0000   VSOR =   0.0000
                     V IM =  18.6540   R0IM =   1.2900   A IM =   0.5380   R IM =   4.2986   VSOI =   0.0000   POWR =   0.0000
 NX=4 L*S VOLUME     V RL = -21.8080   R0RL =   0.9910   A RL =   0.5900   R RL =   3.3022   VSOR =   0.0000
                     V IM =   0.3040   R0IM =   0.9910   A IM =   0.5900   R IM =   3.3022   VSOI =   0.0000   POWR =   0.0000
136S(d,p)@ 16MeV    645 keV  1p3/2 bound AK                     0/ 0/ 0
0FORM FACTOR DATA 
0PARTICLE 3*******************************************************************************************************************
 INPUT DATA          ELAB =  -3.6590   RC0  =   1.3000   AC   =   0.0000   2*STR=   1.0000
                     MASSP=   1.0000   MASST=  36.0000   Q    =  -3.6590
                     ZP   =   0.0000   ZT   =  16.0000   PNLOC=   0.0000
 
 DERIVED DATA        ECM  =  -3.6590   RC   =   4.2925   RHO  =   1.7716
                     K    =   0.4127   ETA  =   0.0000   DR   =   0.1000
0POTENTIAL PARAMETERS
 NX=1 VOLUME  W-S    V RL =  -1.0000   R0RL =   1.2500   A RL =   0.6500   R RL =   4.1274   VSOR =  36.4390
                     V IM =   1.1000   R0IM =   0.6500   A IM =   0.0000   R IM =   2.1463   VSOI =   0.0000   POWR =   0.0000
 
                     NODES=   1.0000   L    =   1.0000   2*J  =   3.0000   2*S  =   1.0000   FISW =   0.0000
 
                     V    =  52.4426   DET  =  -0.0001   NODES=   1.0000   RM   =   5.6500   E    =  -3.6590   ITER.=   4
0                    LMAX =  30        NSTEP= 400        NLTR =   1
 Bdwck4 entered
   Subroutine INTEG  entered
0REACSIG 1   1.39763E+02                                             REACSIG 2   8.49454E+01
   Subroutine RADINT entered
136S(d,p)@ 16MeV    645 keV  1p3/2 bound AK                     0/00/00
0BASIC DATA          DR   =   0.1000   RMIN =   0.0000   RMAX =  40.0000   COUEX=   0.0000     IS1=   1.0000
                     FNRNG=   0.0000   PNLC1=   0.0000   PNLC2=   0.0000   PNLC3=   0.0000     IS2=   0.5000
 ANG MOM TRANSFER    LTR  =   1.       2*JTR=   3.       2*STR=   1.       Q    =   1.4340
   Subroutine INSIG  entered
0 Theta Inelsig,fm**2      Polz       Asy       Ayy       A22       A21       A20       T22       T21       T20  Theta
   0.00    8.7866E+00    0.0000    0.0000   -0.0168    0.0000    0.0000    0.0244    0.0000    0.0000    0.0000   0.00
   1.00    8.7830E+00    0.0052    0.0092   -0.0165   -0.0001    0.0007    0.0242    0.0000    0.0000    0.0000   1.00
   2.00    8.7708E+00    0.0103    0.0181   -0.0157   -0.0004    0.0014    0.0238    0.0000    0.0000    0.0000   2.00
   3.00    8.7461E+00    0.0150    0.0267   -0.0143   -0.0009    0.0021    0.0231    0.0000    0.0000    0.0000   3.00
   4.00    8.7027E+00    0.0194    0.0348   -0.0125   -0.0016    0.0028    0.0221    0.0000    0.0000    0.0000   4.00
   5.00    8.6329E+00    0.0233    0.0422   -0.0102   -0.0024    0.0033    0.0209    0.0000    0.0000    0.0000   5.00
   6.00    8.5288E+00    0.0268    0.0490   -0.0076   -0.0034    0.0038    0.0196    0.0000    0.0000    0.0000   6.00
   7.00    8.3822E+00    0.0297    0.0550   -0.0046   -0.0045    0.0043    0.0181    0.0000    0.0000    0.0000   7.00
   8.00    8.1867E+00    0.0321    0.0605   -0.0013   -0.0058    0.0047    0.0165    0.0000    0.0000    0.0000   8.00
   9.00    7.9374E+00    0.0341    0.0654    0.0023   -0.0071    0.0050    0.0148    0.0000    0.0000    0.0000   9.00
  10.00    7.6320E+00    0.0358    0.0698    0.0062   -0.0086    0.0053    0.0130    0.0000    0.0000    0.0000  10.00
  11.00    7.2712E+00    0.0371    0.0739    0.0103   -0.0102    0.0055    0.0111    0.0000    0.0000    0.0000  11.00
  12.00    6.8583E+00    0.0382    0.0777    0.0148   -0.0120    0.0057    0.0091    0.0000    0.0000    0.0000  12.00
  13.00    6.3996E+00    0.0392    0.0814    0.0196   -0.0139    0.0058    0.0069    0.0000    0.0000    0.0000  13.00
  14.00    5.9034E+00    0.0401    0.0851    0.0248   -0.0160    0.0058    0.0047    0.0000    0.0000    0.0000  14.00
  15.00    5.3800E+00    0.0410    0.0889    0.0305   -0.0183    0.0058    0.0022    0.0000    0.0000    0.0000  15.00
  16.00    4.8408E+00    0.0422    0.0930    0.0368   -0.0208    0.0058   -0.0005    0.0000    0.0000    0.0000  16.00
  17.00    4.2976E+00    0.0436    0.0976    0.0437   -0.0236    0.0056   -0.0034    0.0000    0.0000    0.0000  17.00
  18.00    3.7619E+00    0.0455    0.1029    0.0514   -0.0267    0.0054   -0.0067    0.0000    0.0000    0.0000  18.00
  19.00    3.2447E+00    0.0482    0.1092    0.0600   -0.0302    0.0050   -0.0104    0.0000    0.0000    0.0000  19.00
  20.00    2.7556E+00    0.0519    0.1168    0.0697   -0.0340    0.0045   -0.0147    0.0000    0.0000    0.0000  20.00
  21.00    2.3024E+00    0.0570    0.1262    0.0805   -0.0383    0.0037   -0.0196    0.0000    0.0000    0.0000  21.00
  22.00    1.8914E+00    0.0642    0.1378    0.0926   -0.0429    0.0026   -0.0252    0.0000    0.0000    0.0000  22.00
  23.00    1.5267E+00    0.0742    0.1525    0.1060   -0.0480    0.0011   -0.0317    0.0000    0.0000    0.0000  23.00
  24.00    1.2106E+00    0.0880    0.1711    0.1205   -0.0533   -0.0012   -0.0392    0.0000    0.0000    0.0000  24.00
  25.00    9.4355E-01    0.1073    0.1945    0.1355   -0.0585   -0.0044   -0.0478    0.0000    0.0000    0.0000  25.00
  26.00    7.2430E-01    0.1336    0.2234    0.1494   -0.0627   -0.0089   -0.0571    0.0000    0.0000    0.0000  26.00
  27.00    5.5036E-01    0.1688    0.2578    0.1591   -0.0645   -0.0154   -0.0663    0.0000    0.0000    0.0000  27.00
  28.00    4.1808E-01    0.2133    0.2950    0.1591   -0.0615   -0.0242   -0.0737    0.0000    0.0000    0.0000  28.00
  29.00    3.2307E-01    0.2641    0.3276    0.1410   -0.0501   -0.0354   -0.0760    0.0000    0.0000    0.0000  29.00
  30.00    2.6041E-01    0.3111    0.3423    0.0967   -0.0275   -0.0477   -0.0686    0.0000    0.0000    0.0000  30.00
  31.00    2.2495E-01    0.3376    0.3238    0.0260    0.0053   -0.0584   -0.0491    0.0000    0.0000    0.0000  31.00
  32.00    2.1157E-01    0.3308    0.2681   -0.0567    0.0413   -0.0643   -0.0203    0.0000    0.0000    0.0000  32.00
  33.00    2.1532E-01    0.2925    0.1882   -0.1303    0.0713   -0.0643    0.0103    0.0000    0.0000    0.0000  33.00
  34.00    2.3166E-01    0.2369    0.1043   -0.1815    0.0903   -0.0600    0.0360    0.0000    0.0000    0.0000  34.00
  35.00    2.5651E-01    0.1783    0.0294   -0.2096    0.0992   -0.0538    0.0541    0.0000    0.0000    0.0000  35.00
  36.00    2.8636E-01    0.1243   -0.0326   -0.2202    0.1006   -0.0474    0.0654    0.0000    0.0000    0.0000  36.00
  37.00    3.1828E-01    0.0774   -0.0827   -0.2195    0.0977   -0.0417    0.0717    0.0000    0.0000    0.0000  37.00
  38.00    3.4996E-01    0.0373   -0.1238   -0.2120    0.0922   -0.0368    0.0746    0.0000    0.0000    0.0000  38.00
  39.00    3.7965E-01    0.0027   -0.1583   -0.2004    0.0853   -0.0328    0.0751    0.0000    0.0000    0.0000  39.00
  40.00    4.0616E-01   -0.0275   -0.1882   -0.1863    0.0776   -0.0295    0.0740    0.0000    0.0000    0.0000  40.00
  41.00    4.2875E-01   -0.0543   -0.2146   -0.1705    0.0694   -0.0268    0.0717    0.0000    0.0000    0.0000  41.00
  42.00    4.4710E-01   -0.0785   -0.2383   -0.1533    0.0608   -0.0246    0.0685    0.0000    0.0000    0.0000  42.00
  43.00    4.6121E-01   -0.1005   -0.2598   -0.1350    0.0519   -0.0228    0.0644    0.0000    0.0000    0.0000  43.00
  44.00    4.7135E-01   -0.1206   -0.2790   -0.1157    0.0427   -0.0212    0.0596    0.0000    0.0000    0.0000  44.00
  45.00    4.7793E-01   -0.1389   -0.2959   -0.0955    0.0332   -0.0199    0.0542    0.0000    0.0000    0.0000  45.00
  46.00    4.8154E-01   -0.1555   -0.3102   -0.0745    0.0236   -0.0187    0.0482    0.0000    0.0000    0.0000  46.00
  47.00    4.8275E-01   -0.1701   -0.3216   -0.0528    0.0137   -0.0177    0.0415    0.0000    0.0000    0.0000  47.00
  48.00    4.8220E-01   -0.1827   -0.3295   -0.0307    0.0039   -0.0166    0.0344    0.0000    0.0000    0.0000  48.00
  49.00    4.8046E-01   -0.1931   -0.3337   -0.0086   -0.0058   -0.0157    0.0270    0.0000    0.0000    0.0000  49.00
  50.00    4.7803E-01   -0.2011   -0.3339    0.0132   -0.0152   -0.0147    0.0192    0.0000    0.0000    0.0000  50.00
  51.00    4.7534E-01   -0.2067   -0.3297    0.0342   -0.0242   -0.0138    0.0114    0.0000    0.0000    0.0000  51.00
  52.00    4.7270E-01   -0.2099   -0.3213    0.0540   -0.0324   -0.0128    0.0037    0.0000    0.0000    0.0000  52.00
  53.00    4.7035E-01   -0.2106   -0.3088    0.0720   -0.0398   -0.0118   -0.0038    0.0000    0.0000    0.0000  53.00
  54.00    4.6839E-01   -0.2091   -0.2925    0.0879   -0.0461   -0.0108   -0.0108    0.0000    0.0000    0.0000  54.00
  55.00    4.6685E-01   -0.2055   -0.2729    0.1014   -0.0513   -0.0097   -0.0172    0.0000    0.0000    0.0000  55.00
  56.00    4.6569E-01   -0.2003   -0.2507    0.1121   -0.0552   -0.0087   -0.0228    0.0000    0.0000    0.0000  56.00
  57.00    4.6477E-01   -0.1937   -0.2264    0.1201   -0.0578   -0.0076   -0.0276    0.0000    0.0000    0.0000  57.00
  58.00    4.6392E-01   -0.1861   -0.2008    0.1252   -0.0592   -0.0066   -0.0315    0.0000    0.0000    0.0000  58.00
  59.00    4.6296E-01   -0.1779   -0.1747    0.1276   -0.0593   -0.0057   -0.0346    0.0000    0.0000    0.0000  59.00
0Tot-sig   5.5048E+00
1DWUCK4-DISTORTED WAVES U.COLORADO- PC-VERSION  12/Jan /1995
 Elapsed time in seconds =   0.00
 Elapsed time in seconds =   0.00
0CONTROL INTEGERS
  1 2 3 4 5 6 7 8 9 A B C D E F G H I J K    RUN IDENTIFICATION                                             0/00/00   0.00.00
  9 0 0 0 0 0 0 0 0 0 0 0 0 0 0 0 0 0 0 0    END OF DATA for DWUCK4                                      
STOP  End of data
