1********************DWUCK4 AT YOUR SERVICE********************

 installed         Mon May 21 11:05:50 1990                
 today is          Sun Jan 25 22:17:07 2026




















                    *******************************************************
                    *                                                     *
                    * User     : calemhoffman                             *
                    * Directory: <- /Users/calemhoffman/Documents/GitHub/ *
                    * Input    : Standard Input                           *
                    * Output   : Standard Output                          *
                    *                                                     *
                    *******************************************************
1
0DWUCK4-DISTORTED WAVES U.COLORADO- PC-VERSION  12/Jan /1995
 Elapsed time in seconds =   0.00
 Elapsed time in seconds =   0.00
0CONTROL INTEGERS
  1 2 3 4 5 6 7 8 9 A B C D E F G H I J K    RUN IDENTIFICATION                                             0/00/00   0.00.00
  1 0 0 1 0 0 0 0 0 0 2 0 0 0 0 0 0 0 0 0    36S(d,p)@ 16MeV    1398 keV  0d3/2 bound AK                 
 36S(d,p)@ 16MeV    1398 keV  0d3/2 bound AK                 
 Adwck4 entered
0ANGLE DATA          THETN=  60.0000   THET1=   0.0000   DTHET=   1.0000   A-ANG=   0.0000   B-ANG=   0.0000
0CARD SET 3 DATA     LMAX =  30          LTR=   2
                     NLTR =   1        2*JTR=   3
0CARD SET 4 DATA     DRF  =   0.1000   RZ   =   0.0000   RMAX =  50.0000   VCE  =   0.0000   FNRNG=   0.0000
 PARTICLE DATA 
0PARTICLE 1*******************************************************************************************************************
 INPUT DATA          ELAB =  16.0000   RC0  =   1.3030   AC   =   0.0000   2*STR=   2.0000
                     MASSP=   2.0000   MASST=  36.0000   Q    =   0.0000
                     ZP   =   1.0000   ZT   =  16.0000   PNLOC=   0.0000
 
 DERIVED DATA        ECM  =  15.1579   RC   =   4.3024   RHO  =   5.0434
                     K    =   1.1722   ETA  =   0.8909   DR   =   0.1000
0POTENTIAL PARAMETERS
 NX=1 VOLUME  W-S    V RL = -91.0070   R0RL =   1.1500   A RL =   0.7610   R RL =   3.7972   VSOR =   0.0000
                     V IM =  -2.0990   R0IM =   1.3350   A IM =   0.5250   R IM =   4.4081   VSOI =   0.0000   POWR =   0.0000
 NX=2 SURFACE W-S    V RL =   0.0000   R0RL =   0.0000   A RL =   0.0000   R RL =   0.0000   VSOR =   0.0000
                     V IM =  30.4410   R0IM =   1.3800   A IM =   0.7360   R IM =   4.5567   VSOI =   0.0000   POWR =   0.0000
 NX=4 L*S VOLUME     V RL = -14.2280   R0RL =   0.9720   A RL =   1.0110   R RL =   3.2095   VSOR =   0.0000
                     V IM =   0.0000   R0IM =   0.0000   A IM =   0.0000   R IM =   0.0000   VSOI =   0.0000   POWR =   0.0000
0PARTICLE 2*******************************************************************************************************************
 INPUT DATA          ELAB =  16.2670   RC0  =   1.2920   AC   =   0.0000   2*STR=   1.0000
                     MASSP=   1.0000   MASST=  37.0000   Q    =   0.6810
                     ZP   =   1.0000   ZT   =  16.0000   PNLOC=   0.0000
 
 DERIVED DATA        ECM  =  15.8389   RC   =   4.3052   RHO  =   3.6982
                     K    =   0.8590   ETA  =   0.6248   DR   =   0.0973
0POTENTIAL PARAMETERS
 NX=1 VOLUME  W-S    V RL = -53.5300   R0RL =   1.1820   A RL =   0.6720   R RL =   3.9387   VSOR =   0.0000
                     V IM =  -1.4060   R0IM =   1.1820   A IM =   0.6720   R IM =   3.9387   VSOI =   0.0000   POWR =   0.0000
 NX=2 SURFACE W-S    V RL =   0.0000   R0RL =   0.0000   A RL =   0.0000   R RL =   0.0000   VSOR =   0.0000
                     V IM =  18.7630   R0IM =   1.2900   A IM =   0.5380   R IM =   4.2986   VSOI =   0.0000   POWR =   0.0000
 NX=4 L*S VOLUME     V RL = -21.8720   R0RL =   0.9910   A RL =   0.5900   R RL =   3.3022   VSOR =   0.0000
                     V IM =   0.2840   R0IM =   0.9910   A IM =   0.5900   R IM =   3.3022   VSOI =   0.0000   POWR =   0.0000
136S(d,p)@ 16MeV    1398 keV  0d3/2 bound AK                    0/ 0/ 0
0FORM FACTOR DATA 
0PARTICLE 3*******************************************************************************************************************
 INPUT DATA          ELAB =  -2.9060   RC0  =   1.3000   AC   =   0.0000   2*STR=   1.0000
                     MASSP=   1.0000   MASST=  36.0000   Q    =  -2.9060
                     ZP   =   0.0000   ZT   =  16.0000   PNLOC=   0.0000
 
 DERIVED DATA        ECM  =  -2.9060   RC   =   4.2925   RHO  =   1.5788
                     K    =   0.3678   ETA  =   0.0000   DR   =   0.1000
0POTENTIAL PARAMETERS
 NX=1 VOLUME  W-S    V RL =  -1.0000   R0RL =   1.2500   A RL =   0.6500   R RL =   4.1274   VSOR =  36.4390
                     V IM =   1.1000   R0IM =   0.6500   A IM =   0.0000   R IM =   2.1463   VSOI =   0.0000   POWR =   0.0000
 
                     NODES=   0.0000   L    =   2.0000   2*J  =   3.0000   2*S  =   1.0000   FISW =   0.0000
 
                     V    =  38.1764   DET  =  -0.0000   NODES=   0.0000   RM   =   4.6500   E    =  -2.9060   ITER.=   4
0                    LMAX =  30        NSTEP= 400        NLTR =   1
 Bdwck4 entered
   Subroutine INTEG  entered
0REACSIG 1   1.39763E+02                                             REACSIG 2   8.56555E+01
   Subroutine RADINT entered
136S(d,p)@ 16MeV    1398 keV  0d3/2 bound AK                    0/00/00
0BASIC DATA          DR   =   0.1000   RMIN =   0.0000   RMAX =  40.0000   COUEX=   0.0000     IS1=   1.0000
                     FNRNG=   0.0000   PNLC1=   0.0000   PNLC2=   0.0000   PNLC3=   0.0000     IS2=   0.5000
 ANG MOM TRANSFER    LTR  =   2.       2*JTR=   3.       2*STR=   1.       Q    =   0.6810
   Subroutine INSIG  entered
0 Theta Inelsig,fm**2      Polz       Asy       Ayy       A22       A21       A20       T22       T21       T20  Theta
   0.00    1.2226E+00    0.0000    0.0000   -0.0114    0.0000    0.0000    0.0167    0.0000    0.0000    0.0000   0.00
   1.00    1.2240E+00   -0.0024    0.0008   -0.0111   -0.0001   -0.0001    0.0166    0.0000    0.0000    0.0000   1.00
   2.00    1.2281E+00   -0.0048    0.0014   -0.0103   -0.0004   -0.0003    0.0161    0.0000    0.0000    0.0000   2.00
   3.00    1.2348E+00   -0.0072    0.0016   -0.0091   -0.0008   -0.0005    0.0154    0.0000    0.0000    0.0000   3.00
   4.00    1.2437E+00   -0.0097    0.0012   -0.0073   -0.0014   -0.0007    0.0144    0.0000    0.0000    0.0000   4.00
   5.00    1.2544E+00   -0.0121    0.0001   -0.0051   -0.0022   -0.0009    0.0131    0.0000    0.0000    0.0000   5.00
   6.00    1.2665E+00   -0.0147   -0.0018   -0.0025   -0.0031   -0.0012    0.0117    0.0000    0.0000    0.0000   6.00
   7.00    1.2791E+00   -0.0172   -0.0046    0.0005   -0.0041   -0.0016    0.0101    0.0000    0.0000    0.0000   7.00
   8.00    1.2916E+00   -0.0199   -0.0082    0.0037   -0.0053   -0.0020    0.0083    0.0000    0.0000    0.0000   8.00
   9.00    1.3029E+00   -0.0225   -0.0126    0.0072   -0.0065   -0.0024    0.0064    0.0000    0.0000    0.0000   9.00
  10.00    1.3121E+00   -0.0252   -0.0178    0.0109   -0.0078   -0.0029    0.0044    0.0000    0.0000    0.0000  10.00
  11.00    1.3182E+00   -0.0280   -0.0236    0.0147   -0.0092   -0.0034    0.0024    0.0000    0.0000    0.0000  11.00
  12.00    1.3202E+00   -0.0307   -0.0298    0.0187   -0.0107   -0.0039    0.0003    0.0000    0.0000    0.0000  12.00
  13.00    1.3172E+00   -0.0334   -0.0365    0.0228   -0.0122   -0.0044   -0.0018    0.0000    0.0000    0.0000  13.00
  14.00    1.3082E+00   -0.0361   -0.0435    0.0271   -0.0138   -0.0050   -0.0039    0.0000    0.0000    0.0000  14.00
  15.00    1.2927E+00   -0.0387   -0.0505    0.0314   -0.0154   -0.0056   -0.0060    0.0000    0.0000    0.0000  15.00
  16.00    1.2702E+00   -0.0412   -0.0576    0.0359   -0.0171   -0.0062   -0.0081    0.0000    0.0000    0.0000  16.00
  17.00    1.2404E+00   -0.0435   -0.0645    0.0404   -0.0189   -0.0067   -0.0103    0.0000    0.0000    0.0000  17.00
  18.00    1.2034E+00   -0.0456   -0.0711    0.0451   -0.0207   -0.0073   -0.0124    0.0000    0.0000    0.0000  18.00
  19.00    1.1594E+00   -0.0474   -0.0774    0.0500   -0.0226   -0.0079   -0.0146    0.0000    0.0000    0.0000  19.00
  20.00    1.1090E+00   -0.0489   -0.0830    0.0550   -0.0246   -0.0085   -0.0169    0.0000    0.0000    0.0000  20.00
  21.00    1.0529E+00   -0.0500   -0.0880    0.0603   -0.0267   -0.0090   -0.0192    0.0000    0.0000    0.0000  21.00
  22.00    9.9189E-01   -0.0506   -0.0921    0.0658   -0.0289   -0.0096   -0.0216    0.0000    0.0000    0.0000  22.00
  23.00    9.2708E-01   -0.0507   -0.0952    0.0715   -0.0312   -0.0101   -0.0241    0.0000    0.0000    0.0000  23.00
  24.00    8.5957E-01   -0.0499   -0.0970    0.0775   -0.0336   -0.0106   -0.0267    0.0000    0.0000    0.0000  24.00
  25.00    7.9055E-01   -0.0483   -0.0973    0.0838   -0.0361   -0.0110   -0.0294    0.0000    0.0000    0.0000  25.00
  26.00    7.2117E-01   -0.0457   -0.0958    0.0904   -0.0388   -0.0114   -0.0323    0.0000    0.0000    0.0000  26.00
  27.00    6.5258E-01   -0.0419   -0.0922    0.0973   -0.0415   -0.0118   -0.0353    0.0000    0.0000    0.0000  27.00
  28.00    5.8583E-01   -0.0366   -0.0862    0.1044   -0.0443   -0.0121   -0.0385    0.0000    0.0000    0.0000  28.00
  29.00    5.2186E-01   -0.0297   -0.0771    0.1117   -0.0471   -0.0122   -0.0419    0.0000    0.0000    0.0000  29.00
  30.00    4.6146E-01   -0.0208   -0.0647    0.1191   -0.0499   -0.0123   -0.0456    0.0000    0.0000    0.0000  30.00
  31.00    4.0531E-01   -0.0096   -0.0484    0.1263   -0.0525   -0.0122   -0.0493    0.0000    0.0000    0.0000  31.00
  32.00    3.5390E-01    0.0040   -0.0277    0.1332   -0.0549   -0.0119   -0.0533    0.0000    0.0000    0.0000  32.00
  33.00    3.0756E-01    0.0204   -0.0021    0.1391   -0.0567   -0.0114   -0.0573    0.0000    0.0000    0.0000  33.00
  34.00    2.6647E-01    0.0395    0.0285    0.1437   -0.0577   -0.0106   -0.0612    0.0000    0.0000    0.0000  34.00
  35.00    2.3065E-01    0.0612    0.0641    0.1461   -0.0576   -0.0095   -0.0649    0.0000    0.0000    0.0000  35.00
  36.00    2.0000E-01    0.0850    0.1039    0.1455   -0.0560   -0.0081   -0.0681    0.0000    0.0000    0.0000  36.00
  37.00    1.7429E-01    0.1098    0.1462    0.1409   -0.0523   -0.0064   -0.0705    0.0000    0.0000    0.0000  37.00
  38.00    1.5320E-01    0.1341    0.1887    0.1315   -0.0464   -0.0043   -0.0717    0.0000    0.0000    0.0000  38.00
  39.00    1.3633E-01    0.1558    0.2277    0.1168   -0.0380   -0.0021   -0.0715    0.0000    0.0000    0.0000  39.00
  40.00    1.2322E-01    0.1725    0.2595    0.0969   -0.0272    0.0001   -0.0697    0.0000    0.0000    0.0000  40.00
  41.00    1.1338E-01    0.1823    0.2803    0.0727   -0.0146    0.0021   -0.0662    0.0000    0.0000    0.0000  41.00
  42.00    1.0629E-01    0.1839    0.2879    0.0456   -0.0010    0.0038   -0.0614    0.0000    0.0000    0.0000  42.00
  43.00    1.0145E-01    0.1772    0.2816    0.0177    0.0127    0.0050   -0.0555    0.0000    0.0000    0.0000  43.00
  44.00    9.8375E-02    0.1633    0.2627   -0.0092    0.0257    0.0056   -0.0493    0.0000    0.0000    0.0000  44.00
  45.00    9.6593E-02    0.1439    0.2341   -0.0335    0.0372    0.0057   -0.0430    0.0000    0.0000    0.0000  45.00
  46.00    9.5684E-02    0.1211    0.1990   -0.0545    0.0469    0.0052   -0.0373    0.0000    0.0000    0.0000  46.00
  47.00    9.5275E-02    0.0967    0.1604   -0.0718    0.0548    0.0044   -0.0321    0.0000    0.0000    0.0000  47.00
  48.00    9.5044E-02    0.0722    0.1209   -0.0854    0.0609    0.0032   -0.0278    0.0000    0.0000    0.0000  48.00
  49.00    9.4723E-02    0.0488    0.0825   -0.0959    0.0655    0.0018   -0.0243    0.0000    0.0000    0.0000  49.00
  50.00    9.4104E-02    0.0272    0.0464   -0.1036    0.0689    0.0003   -0.0216    0.0000    0.0000    0.0000  50.00
  51.00    9.3032E-02    0.0077    0.0133   -0.1090    0.0711   -0.0013   -0.0195    0.0000    0.0000    0.0000  51.00
  52.00    9.1402E-02   -0.0093   -0.0162   -0.1126    0.0726   -0.0030   -0.0181    0.0000    0.0000    0.0000  52.00
  53.00    8.9160E-02   -0.0238   -0.0421   -0.1147    0.0735   -0.0048   -0.0171    0.0000    0.0000    0.0000  53.00
  54.00    8.6293E-02   -0.0357   -0.0641   -0.1156    0.0738   -0.0066   -0.0166    0.0000    0.0000    0.0000  54.00
  55.00    8.2825E-02   -0.0450   -0.0823   -0.1156    0.0738   -0.0085   -0.0165    0.0000    0.0000    0.0000  55.00
  56.00    7.8808E-02   -0.0516   -0.0967   -0.1149    0.0734   -0.0104   -0.0167    0.0000    0.0000    0.0000  56.00
  57.00    7.4320E-02   -0.0554   -0.1070   -0.1134    0.0727   -0.0125   -0.0171    0.0000    0.0000    0.0000  57.00
  58.00    6.9455E-02   -0.0562   -0.1133   -0.1113    0.0718   -0.0146   -0.0178    0.0000    0.0000    0.0000  58.00
  59.00    6.4318E-02   -0.0538   -0.1153   -0.1086    0.0705   -0.0169   -0.0186    0.0000    0.0000    0.0000  59.00
0Tot-sig   1.2709E+00
1DWUCK4-DISTORTED WAVES U.COLORADO- PC-VERSION  12/Jan /1995
 Elapsed time in seconds =   0.00
 Elapsed time in seconds =   0.00
0CONTROL INTEGERS
  1 2 3 4 5 6 7 8 9 A B C D E F G H I J K    RUN IDENTIFICATION                                             0/00/00   0.00.00
  9 0 0 0 0 0 0 0 0 0 0 0 0 0 0 0 0 0 0 0    END OF DATA for DWUCK4                                      
STOP  End of data
