1********************DWUCK4 AT YOUR SERVICE********************

 installed         Mon May 21 11:05:50 1990                
 today is          Wed Jan 21 22:35:18 2026




















                    *******************************************************
                    *                                                     *
                    * User     : calemhoffman                             *
                    * Directory: <- /Users/calemhoffman/Documents/GitHub/ *
                    * Input    : Standard Input                           *
                    * Output   : Standard Output                          *
                    *                                                     *
                    *******************************************************
1
0DWUCK4-DISTORTED WAVES U.COLORADO- PC-VERSION  12/Jan /1995
 Elapsed time in seconds =   0.00
 Elapsed time in seconds =   0.00
0CONTROL INTEGERS
  1 2 3 4 5 6 7 8 9 A B C D E F G H I J K    RUN IDENTIFICATION                                             0/00/00   0.00.00
  1 0 0 1 0 0 0 0 0 0 2 0 0 0 0 0 0 0 0 0    36S(d,p)@ 16MeV    0 keV  0f7/2 bound QP                    
 36S(d,p)@ 16MeV    0 keV  0f7/2 bound QP                    
 Adwck4 entered
0ANGLE DATA          THETN=  90.0000   THET1=   0.0000   DTHET=   1.0000   A-ANG=   0.0000   B-ANG=   0.0000
0CARD SET 3 DATA     LMAX =  30          LTR=   3
                     NLTR =   1        2*JTR=   7
0CARD SET 4 DATA     DRF  =   0.1000   RZ   =   0.0000   RMAX =  50.0000   VCE  =   0.0000   FNRNG=   0.0000
 PARTICLE DATA 
0PARTICLE 1*******************************************************************************************************************
 INPUT DATA          ELAB =  16.0000   RC0  =   1.1500   AC   =   0.0000   2*STR=   2.0000
                     MASSP=   2.0000   MASST=  36.0000   Q    =   0.0000
                     ZP   =   1.0000   ZT   =  16.0000   PNLOC=   0.0000
 
 DERIVED DATA        ECM  =  15.1579   RC   =   3.7972   RHO  =   4.4512
                     K    =   1.1722   ETA  =   0.8909   DR   =   0.1000
0POTENTIAL PARAMETERS
 NX=1 VOLUME  W-S    V RL = -87.1710   R0RL =   1.1500   A RL =   0.8100   R RL =   3.7972   VSOR =   0.0000
                     V IM =   0.0000   R0IM =   0.0000   A IM =   0.0000   R IM =   0.0000   VSOI =   0.0000   POWR =   0.0000
 NX=2 SURFACE W-S    V RL =   0.0000   R0RL =   0.0000   A RL =   0.0000   R RL =   0.0000   VSOR =   0.0000
                     V IM =  49.6130   R0IM =   1.3400   A IM =   0.6800   R IM =   4.4246   VSOI =   0.0000   POWR =   0.0000
 NX=4 L*S VOLUME     V RL =   0.0000   R0RL =   0.0000   A RL =   0.0000   R RL =   0.0000   VSOR =   0.0000
                     V IM =   0.0000   R0IM =   0.0000   A IM =   0.0000   R IM =   0.0000   VSOI =   0.0000   POWR =   0.0000
0PARTICLE 2*******************************************************************************************************************
 INPUT DATA          ELAB =  17.7028   RC0  =   1.2500   AC   =   0.0000   2*STR=   1.0000
                     MASSP=   1.0000   MASST=  37.0000   Q    =   2.0790
                     ZP   =   1.0000   ZT   =  16.0000   PNLOC=   0.0000
 
 DERIVED DATA        ECM  =  17.2369   RC   =   4.1653   RHO  =   3.7325
                     K    =   0.8961   ETA  =   0.5989   DR   =   0.0973
0POTENTIAL PARAMETERS
 NX=1 VOLUME  W-S    V RL = -48.9260   R0RL =   1.2500   A RL =   0.6500   R RL =   4.1653   VSOR =   0.0000
                     V IM =   0.0000   R0IM =   0.0000   A IM =   0.0000   R IM =   0.0000   VSOI =   0.0000   POWR =   0.0000
 NX=2 SURFACE W-S    V RL =   0.0000   R0RL =   0.0000   A RL =   0.0000   R RL =   0.0000   VSOR =   0.0000
                     V IM =  25.3800   R0IM =   1.2500   A IM =   0.4700   R IM =   4.1653   VSOI =   0.0000   POWR =   0.0000
 NX=4 L*S VOLUME     V RL = -30.0000   R0RL =   1.2500   A RL =   0.4700   R RL =   4.1653   VSOR =   0.0000
                     V IM =   0.0000   R0IM =   0.0000   A IM =   0.0000   R IM =   0.0000   VSOI =   0.0000   POWR =   0.0000
136S(d,p)@ 16MeV    0 keV  0f7/2 bound QP                       0/ 0/ 0
0FORM FACTOR DATA 
0PARTICLE 3*******************************************************************************************************************
 INPUT DATA          ELAB =  -4.3040   RC0  =   1.3000   AC   =   0.0000   2*STR=   1.0000
                     MASSP=   1.0000   MASST=  36.0000   Q    =  -4.3040
                     ZP   =   0.0000   ZT   =  16.0000   PNLOC=   0.0000
 
 DERIVED DATA        ECM  =  -4.3040   RC   =   4.2925   RHO  =   1.9214
                     K    =   0.4476   ETA  =   0.0000   DR   =   0.1000
0POTENTIAL PARAMETERS
 NX=1 VOLUME  W-S    V RL =  -1.0000   R0RL =   1.2500   A RL =   0.6500   R RL =   4.1274   VSOR =  36.4390
                     V IM =   1.1000   R0IM =   0.6500   A IM =   0.0000   R IM =   2.1463   VSOI =   0.0000   POWR =   0.0000
 
                     NODES=   0.0000   L    =   3.0000   2*J  =   7.0000   2*S  =   1.0000   FISW =   0.0000
 
                     V    =  47.7006   DET  =   0.0000   NODES=   0.0000   RM   =   4.8500   E    =  -4.3040   ITER.=   4
0                    LMAX =  30        NSTEP= 400        NLTR =   1
 Bdwck4 entered
   Subroutine INTEG  entered
0REACSIG 1   1.41906E+02                                             REACSIG 2   7.79358E+01
   Subroutine RADINT entered
136S(d,p)@ 16MeV    0 keV  0f7/2 bound QP                       0/00/00
0BASIC DATA          DR   =   0.1000   RMIN =   0.0000   RMAX =  40.0000   COUEX=   0.0000     IS1=   1.0000
                     FNRNG=   0.0000   PNLC1=   0.0000   PNLC2=   0.0000   PNLC3=   0.0000     IS2=   0.5000
 ANG MOM TRANSFER    LTR  =   3.       2*JTR=   7.       2*STR=   1.       Q    =   2.0790
   Subroutine INSIG  entered
0 Theta Inelsig,fm**2      Polz       Asy       Ayy       A22       A21       A20       T22       T21       T20  Theta
   0.00    5.7243E-01    0.0000    0.0000    0.0566    0.0000    0.0000   -0.0794    0.0000    0.0000    0.0000   0.00
   1.00    5.7551E-01    0.0286    0.0541    0.0546    0.0006   -0.0013   -0.0781    0.0000    0.0000    0.0000   1.00
   2.00    5.8473E-01    0.0559    0.1057    0.0487    0.0025   -0.0025   -0.0744    0.0000    0.0000    0.0000   2.00
   3.00    6.0005E-01    0.0809    0.1528    0.0394    0.0054   -0.0036   -0.0685    0.0000    0.0000    0.0000   3.00
   4.00    6.2138E-01    0.1025    0.1937    0.0277    0.0091   -0.0044   -0.0609    0.0000    0.0000    0.0000   4.00
   5.00    6.4858E-01    0.1204    0.2274    0.0144    0.0132   -0.0050   -0.0521    0.0000    0.0000    0.0000   5.00
   6.00    6.8152E-01    0.1342    0.2536    0.0004    0.0174   -0.0054   -0.0427    0.0000    0.0000    0.0000   6.00
   7.00    7.1998E-01    0.1441    0.2725   -0.0132    0.0215   -0.0054   -0.0332    0.0000    0.0000    0.0000   7.00
   8.00    7.6373E-01    0.1504    0.2847   -0.0260    0.0251   -0.0053   -0.0240    0.0000    0.0000    0.0000   8.00
   9.00    8.1248E-01    0.1534    0.2910   -0.0372    0.0280   -0.0050   -0.0155    0.0000    0.0000    0.0000   9.00
  10.00    8.6587E-01    0.1539    0.2925   -0.0467    0.0304   -0.0045   -0.0077    0.0000    0.0000    0.0000  10.00
  11.00    9.2348E-01    0.1522    0.2902   -0.0542    0.0319   -0.0040   -0.0010    0.0000    0.0000    0.0000  11.00
  12.00    9.8478E-01    0.1488    0.2851   -0.0596    0.0327   -0.0033    0.0047    0.0000    0.0000    0.0000  12.00
  13.00    1.0492E+00    0.1444    0.2780   -0.0632    0.0329   -0.0027    0.0094    0.0000    0.0000    0.0000  13.00
  14.00    1.1159E+00    0.1392    0.2697   -0.0650    0.0324   -0.0020    0.0132    0.0000    0.0000    0.0000  14.00
  15.00    1.1843E+00    0.1336    0.2609   -0.0652    0.0314   -0.0014    0.0160    0.0000    0.0000    0.0000  15.00
  16.00    1.2532E+00    0.1280    0.2520   -0.0641    0.0299   -0.0008    0.0180    0.0000    0.0000    0.0000  16.00
  17.00    1.3218E+00    0.1224    0.2433   -0.0618    0.0280   -0.0002    0.0194    0.0000    0.0000    0.0000  17.00
  18.00    1.3890E+00    0.1171    0.2353   -0.0586    0.0259    0.0003    0.0201    0.0000    0.0000    0.0000  18.00
  19.00    1.4536E+00    0.1122    0.2280   -0.0547    0.0235    0.0008    0.0203    0.0000    0.0000    0.0000  19.00
  20.00    1.5146E+00    0.1078    0.2215   -0.0501    0.0210    0.0012    0.0201    0.0000    0.0000    0.0000  20.00
  21.00    1.5708E+00    0.1038    0.2160   -0.0451    0.0183    0.0016    0.0196    0.0000    0.0000    0.0000  21.00
  22.00    1.6211E+00    0.1005    0.2114   -0.0398    0.0156    0.0019    0.0187    0.0000    0.0000    0.0000  22.00
  23.00    1.6646E+00    0.0976    0.2078   -0.0343    0.0129    0.0022    0.0176    0.0000    0.0000    0.0000  23.00
  24.00    1.7004E+00    0.0954    0.2052   -0.0286    0.0101    0.0025    0.0163    0.0000    0.0000    0.0000  24.00
  25.00    1.7279E+00    0.0936    0.2033   -0.0227    0.0073    0.0027    0.0148    0.0000    0.0000    0.0000  25.00
  26.00    1.7464E+00    0.0924    0.2024   -0.0168    0.0046    0.0029    0.0131    0.0000    0.0000    0.0000  26.00
  27.00    1.7556E+00    0.0916    0.2022   -0.0109    0.0019    0.0030    0.0114    0.0000    0.0000    0.0000  27.00
  28.00    1.7555E+00    0.0913    0.2027   -0.0049   -0.0008    0.0031    0.0095    0.0000    0.0000    0.0000  28.00
  29.00    1.7459E+00    0.0915    0.2039    0.0012   -0.0035    0.0032    0.0075    0.0000    0.0000    0.0000  29.00
  30.00    1.7271E+00    0.0921    0.2057    0.0073   -0.0062    0.0033    0.0054    0.0000    0.0000    0.0000  30.00
  31.00    1.6996E+00    0.0931    0.2080    0.0135   -0.0089    0.0034    0.0032    0.0000    0.0000    0.0000  31.00
  32.00    1.6640E+00    0.0945    0.2109    0.0198   -0.0115    0.0035    0.0009    0.0000    0.0000    0.0000  32.00
  33.00    1.6208E+00    0.0964    0.2143    0.0261   -0.0142    0.0035   -0.0016    0.0000    0.0000    0.0000  33.00
  34.00    1.5711E+00    0.0986    0.2181    0.0326   -0.0169    0.0036   -0.0042    0.0000    0.0000    0.0000  34.00
  35.00    1.5157E+00    0.1012    0.2223    0.0393   -0.0196    0.0036   -0.0070    0.0000    0.0000    0.0000  35.00
  36.00    1.4556E+00    0.1041    0.2270    0.0461   -0.0223    0.0037   -0.0099    0.0000    0.0000    0.0000  36.00
  37.00    1.3918E+00    0.1075    0.2320    0.0531   -0.0251    0.0037   -0.0130    0.0000    0.0000    0.0000  37.00
  38.00    1.3254E+00    0.1113    0.2373    0.0604   -0.0280    0.0038   -0.0162    0.0000    0.0000    0.0000  38.00
  39.00    1.2574E+00    0.1155    0.2430    0.0678   -0.0308    0.0039   -0.0197    0.0000    0.0000    0.0000  39.00
  40.00    1.1887E+00    0.1200    0.2489    0.0755   -0.0338    0.0040   -0.0234    0.0000    0.0000    0.0000  40.00
  41.00    1.1202E+00    0.1250    0.2552    0.0833   -0.0367    0.0041   -0.0272    0.0000    0.0000    0.0000  41.00
  42.00    1.0528E+00    0.1304    0.2617    0.0914   -0.0397    0.0042   -0.0313    0.0000    0.0000    0.0000  42.00
  43.00    9.8706E-01    0.1362    0.2684    0.0996   -0.0428    0.0044   -0.0355    0.0000    0.0000    0.0000  43.00
  44.00    9.2372E-01    0.1423    0.2752    0.1079   -0.0458    0.0046   -0.0399    0.0000    0.0000    0.0000  44.00
  45.00    8.6324E-01    0.1488    0.2822    0.1163   -0.0487    0.0048   -0.0444    0.0000    0.0000    0.0000  45.00
  46.00    8.0604E-01    0.1556    0.2893    0.1245   -0.0517    0.0050   -0.0489    0.0000    0.0000    0.0000  46.00
  47.00    7.5240E-01    0.1626    0.2964    0.1327   -0.0545    0.0053   -0.0535    0.0000    0.0000    0.0000  47.00
  48.00    7.0252E-01    0.1697    0.3034    0.1406   -0.0572    0.0056   -0.0580    0.0000    0.0000    0.0000  48.00
  49.00    6.5649E-01    0.1769    0.3102    0.1481   -0.0597    0.0059   -0.0624    0.0000    0.0000    0.0000  49.00
  50.00    6.1433E-01    0.1841    0.3168    0.1550   -0.0621    0.0063   -0.0666    0.0000    0.0000    0.0000  50.00
  51.00    5.7599E-01    0.1910    0.3231    0.1614   -0.0642    0.0066   -0.0704    0.0000    0.0000    0.0000  51.00
  52.00    5.4134E-01    0.1977    0.3290    0.1670   -0.0660    0.0070   -0.0739    0.0000    0.0000    0.0000  52.00
  53.00    5.1022E-01    0.2040    0.3345    0.1718   -0.0675    0.0073   -0.0769    0.0000    0.0000    0.0000  53.00
  54.00    4.8242E-01    0.2098    0.3395    0.1757   -0.0688    0.0076   -0.0794    0.0000    0.0000    0.0000  54.00
  55.00    4.5771E-01    0.2150    0.3439    0.1788   -0.0698    0.0079   -0.0813    0.0000    0.0000    0.0000  55.00
  56.00    4.3585E-01    0.2195    0.3478    0.1812   -0.0705    0.0081   -0.0827    0.0000    0.0000    0.0000  56.00
  57.00    4.1657E-01    0.2233    0.3511    0.1828   -0.0711    0.0083   -0.0836    0.0000    0.0000    0.0000  57.00
  58.00    3.9962E-01    0.2264    0.3540    0.1838   -0.0716    0.0084   -0.0839    0.0000    0.0000    0.0000  58.00
  59.00    3.8477E-01    0.2289    0.3564    0.1845   -0.0720    0.0085   -0.0839    0.0000    0.0000    0.0000  59.00
  60.00    3.7177E-01    0.2308    0.3586    0.1849   -0.0724    0.0085   -0.0834    0.0000    0.0000    0.0000  60.00
  61.00    3.6042E-01    0.2322    0.3605    0.1853   -0.0729    0.0085   -0.0828    0.0000    0.0000    0.0000  61.00
  62.00    3.5053E-01    0.2333    0.3623    0.1858   -0.0736    0.0084   -0.0820    0.0000    0.0000    0.0000  62.00
  63.00    3.4192E-01    0.2341    0.3642    0.1867   -0.0744    0.0083   -0.0811    0.0000    0.0000    0.0000  63.00
  64.00    3.3444E-01    0.2349    0.3661    0.1881   -0.0755    0.0081   -0.0803    0.0000    0.0000    0.0000  64.00
  65.00    3.2797E-01    0.2357    0.3682    0.1901   -0.0770    0.0080   -0.0797    0.0000    0.0000    0.0000  65.00
  66.00    3.2239E-01    0.2367    0.3706    0.1928   -0.0787    0.0079   -0.0793    0.0000    0.0000    0.0000  66.00
  67.00    3.1762E-01    0.2380    0.3734    0.1962   -0.0807    0.0078   -0.0791    0.0000    0.0000    0.0000  67.00
  68.00    3.1359E-01    0.2396    0.3766    0.2003   -0.0830    0.0078   -0.0792    0.0000    0.0000    0.0000  68.00
  69.00    3.1021E-01    0.2417    0.3803    0.2050   -0.0856    0.0078   -0.0796    0.0000    0.0000    0.0000  69.00
  70.00    3.0744E-01    0.2444    0.3844    0.2104   -0.0884    0.0079   -0.0804    0.0000    0.0000    0.0000  70.00
  71.00    3.0524E-01    0.2475    0.3890    0.2162   -0.0913    0.0082   -0.0814    0.0000    0.0000    0.0000  71.00
  72.00    3.0354E-01    0.2513    0.3941    0.2224   -0.0944    0.0085   -0.0827    0.0000    0.0000    0.0000  72.00
  73.00    3.0232E-01    0.2555    0.3997    0.2288   -0.0975    0.0089   -0.0841    0.0000    0.0000    0.0000  73.00
  74.00    3.0152E-01    0.2603    0.4056    0.2352   -0.1005    0.0095   -0.0857    0.0000    0.0000    0.0000  74.00
  75.00    3.0110E-01    0.2655    0.4119    0.2415   -0.1035    0.0101   -0.0874    0.0000    0.0000    0.0000  75.00
  76.00    3.0100E-01    0.2711    0.4184    0.2475   -0.1062    0.0109   -0.0891    0.0000    0.0000    0.0000  76.00
  77.00    3.0118E-01    0.2771    0.4252    0.2530   -0.1088    0.0117   -0.0907    0.0000    0.0000    0.0000  77.00
  78.00    3.0157E-01    0.2832    0.4321    0.2580   -0.1111    0.0127   -0.0922    0.0000    0.0000    0.0000  78.00
  79.00    3.0211E-01    0.2895    0.4391    0.2623   -0.1130    0.0137   -0.0935    0.0000    0.0000    0.0000  79.00
  80.00    3.0274E-01    0.2959    0.4460    0.2659   -0.1146    0.0148   -0.0946    0.0000    0.0000    0.0000  80.00
  81.00    3.0338E-01    0.3022    0.4529    0.2686   -0.1158    0.0159   -0.0955    0.0000    0.0000    0.0000  81.00
  82.00    3.0398E-01    0.3085    0.4596    0.2705   -0.1167    0.0170   -0.0960    0.0000    0.0000    0.0000  82.00
  83.00    3.0446E-01    0.3145    0.4662    0.2714   -0.1171    0.0182   -0.0963    0.0000    0.0000    0.0000  83.00
  84.00    3.0476E-01    0.3203    0.4725    0.2715   -0.1172    0.0193   -0.0962    0.0000    0.0000    0.0000  84.00
  85.00    3.0481E-01    0.3259    0.4785    0.2708   -0.1169    0.0205   -0.0958    0.0000    0.0000    0.0000  85.00
  86.00    3.0455E-01    0.3310    0.4843    0.2692   -0.1163    0.0216   -0.0951    0.0000    0.0000    0.0000  86.00
  87.00    3.0394E-01    0.3358    0.4897    0.2668   -0.1154    0.0227   -0.0940    0.0000    0.0000    0.0000  87.00
  88.00    3.0292E-01    0.3402    0.4947    0.2637   -0.1141    0.0238   -0.0927    0.0000    0.0000    0.0000  88.00
  89.00    3.0147E-01    0.3440    0.4993    0.2599   -0.1126    0.0248   -0.0911    0.0000    0.0000    0.0000  89.00
0Tot-sig   5.5276E+00
1DWUCK4-DISTORTED WAVES U.COLORADO- PC-VERSION  12/Jan /1995
 Elapsed time in seconds =   0.00
 Elapsed time in seconds =   0.00
0CONTROL INTEGERS
  1 2 3 4 5 6 7 8 9 A B C D E F G H I J K    RUN IDENTIFICATION                                             0/00/00   0.00.00
  9 0 0 0 0 0 0 0 0 0 0 0 0 0 0 0 0 0 0 0    END OF DATA for DWUCK4                                      
STOP  End of data
