1********************DWUCK4 AT YOUR SERVICE********************

 installed         Mon May 21 11:05:50 1990                
 today is          Sun Jan 25 22:17:10 2026




















                    *******************************************************
                    *                                                     *
                    * User     : calemhoffman                             *
                    * Directory: <- /Users/calemhoffman/Documents/GitHub/ *
                    * Input    : Standard Input                           *
                    * Output   : Standard Output                          *
                    *                                                     *
                    *******************************************************
1
0DWUCK4-DISTORTED WAVES U.COLORADO- PC-VERSION  12/Jan /1995
 Elapsed time in seconds =   0.00
 Elapsed time in seconds =   0.00
0CONTROL INTEGERS
  1 2 3 4 5 6 7 8 9 A B C D E F G H I J K    RUN IDENTIFICATION                                             0/00/00   0.00.00
  1 0 0 1 0 0 0 0 0 0 2 0 0 0 0 0 0 0 0 0    36S(d,p)@ 16MeV    1398 keV  1p3/2 bound AK                 
 36S(d,p)@ 16MeV    1398 keV  1p3/2 bound AK                 
 Adwck4 entered
0ANGLE DATA          THETN=  60.0000   THET1=   0.0000   DTHET=   1.0000   A-ANG=   0.0000   B-ANG=   0.0000
0CARD SET 3 DATA     LMAX =  30          LTR=   1
                     NLTR =   1        2*JTR=   3
0CARD SET 4 DATA     DRF  =   0.1000   RZ   =   0.0000   RMAX =  50.0000   VCE  =   0.0000   FNRNG=   0.0000
 PARTICLE DATA 
0PARTICLE 1*******************************************************************************************************************
 INPUT DATA          ELAB =  16.0000   RC0  =   1.3030   AC   =   0.0000   2*STR=   2.0000
                     MASSP=   2.0000   MASST=  36.0000   Q    =   0.0000
                     ZP   =   1.0000   ZT   =  16.0000   PNLOC=   0.0000
 
 DERIVED DATA        ECM  =  15.1579   RC   =   4.3024   RHO  =   5.0434
                     K    =   1.1722   ETA  =   0.8909   DR   =   0.1000
0POTENTIAL PARAMETERS
 NX=1 VOLUME  W-S    V RL = -91.0070   R0RL =   1.1500   A RL =   0.7610   R RL =   3.7972   VSOR =   0.0000
                     V IM =  -2.0990   R0IM =   1.3350   A IM =   0.5250   R IM =   4.4081   VSOI =   0.0000   POWR =   0.0000
 NX=2 SURFACE W-S    V RL =   0.0000   R0RL =   0.0000   A RL =   0.0000   R RL =   0.0000   VSOR =   0.0000
                     V IM =  30.4410   R0IM =   1.3800   A IM =   0.7360   R IM =   4.5567   VSOI =   0.0000   POWR =   0.0000
 NX=4 L*S VOLUME     V RL = -14.2280   R0RL =   0.9720   A RL =   1.0110   R RL =   3.2095   VSOR =   0.0000
                     V IM =   0.0000   R0IM =   0.0000   A IM =   0.0000   R IM =   0.0000   VSOI =   0.0000   POWR =   0.0000
0PARTICLE 2*******************************************************************************************************************
 INPUT DATA          ELAB =  16.2670   RC0  =   1.2920   AC   =   0.0000   2*STR=   1.0000
                     MASSP=   1.0000   MASST=  37.0000   Q    =   0.6810
                     ZP   =   1.0000   ZT   =  16.0000   PNLOC=   0.0000
 
 DERIVED DATA        ECM  =  15.8389   RC   =   4.3052   RHO  =   3.6982
                     K    =   0.8590   ETA  =   0.6248   DR   =   0.0973
0POTENTIAL PARAMETERS
 NX=1 VOLUME  W-S    V RL = -53.5300   R0RL =   1.1820   A RL =   0.6720   R RL =   3.9387   VSOR =   0.0000
                     V IM =  -1.4060   R0IM =   1.1820   A IM =   0.6720   R IM =   3.9387   VSOI =   0.0000   POWR =   0.0000
 NX=2 SURFACE W-S    V RL =   0.0000   R0RL =   0.0000   A RL =   0.0000   R RL =   0.0000   VSOR =   0.0000
                     V IM =  18.7630   R0IM =   1.2900   A IM =   0.5380   R IM =   4.2986   VSOI =   0.0000   POWR =   0.0000
 NX=4 L*S VOLUME     V RL = -21.8720   R0RL =   0.9910   A RL =   0.5900   R RL =   3.3022   VSOR =   0.0000
                     V IM =   0.2840   R0IM =   0.9910   A IM =   0.5900   R IM =   3.3022   VSOI =   0.0000   POWR =   0.0000
136S(d,p)@ 16MeV    1398 keV  1p3/2 bound AK                    0/ 0/ 0
0FORM FACTOR DATA 
0PARTICLE 3*******************************************************************************************************************
 INPUT DATA          ELAB =  -2.9060   RC0  =   1.3000   AC   =   0.0000   2*STR=   1.0000
                     MASSP=   1.0000   MASST=  36.0000   Q    =  -2.9060
                     ZP   =   0.0000   ZT   =  16.0000   PNLOC=   0.0000
 
 DERIVED DATA        ECM  =  -2.9060   RC   =   4.2925   RHO  =   1.5788
                     K    =   0.3678   ETA  =   0.0000   DR   =   0.1000
0POTENTIAL PARAMETERS
 NX=1 VOLUME  W-S    V RL =  -1.0000   R0RL =   1.2500   A RL =   0.6500   R RL =   4.1274   VSOR =  36.4390
                     V IM =   1.1000   R0IM =   0.6500   A IM =   0.0000   R IM =   2.1463   VSOI =   0.0000   POWR =   0.0000
 
                     NODES=   1.0000   L    =   1.0000   2*J  =   3.0000   2*S  =   1.0000   FISW =   0.0000
 
                     V    =  50.8051   DET  =   0.0000   NODES=   1.0000   RM   =   5.7500   E    =  -2.9060   ITER.=   4
0                    LMAX =  30        NSTEP= 400        NLTR =   1
 Bdwck4 entered
   Subroutine INTEG  entered
0REACSIG 1   1.39763E+02                                             REACSIG 2   8.56555E+01
   Subroutine RADINT entered
136S(d,p)@ 16MeV    1398 keV  1p3/2 bound AK                    0/00/00
0BASIC DATA          DR   =   0.1000   RMIN =   0.0000   RMAX =  40.0000   COUEX=   0.0000     IS1=   1.0000
                     FNRNG=   0.0000   PNLC1=   0.0000   PNLC2=   0.0000   PNLC3=   0.0000     IS2=   0.5000
 ANG MOM TRANSFER    LTR  =   1.       2*JTR=   3.       2*STR=   1.       Q    =   0.6810
   Subroutine INSIG  entered
0 Theta Inelsig,fm**2      Polz       Asy       Ayy       A22       A21       A20       T22       T21       T20  Theta
   0.00    9.4601E+00    0.0000    0.0000   -0.0185    0.0000    0.0000    0.0268    0.0000    0.0000    0.0000   0.00
   1.00    9.4470E+00    0.0045    0.0074   -0.0183   -0.0001    0.0008    0.0267    0.0000    0.0000    0.0000   1.00
   2.00    9.4067E+00    0.0089    0.0146   -0.0177   -0.0003    0.0016    0.0264    0.0000    0.0000    0.0000   2.00
   3.00    9.3366E+00    0.0130    0.0216   -0.0168   -0.0006    0.0024    0.0258    0.0000    0.0000    0.0000   3.00
   4.00    9.2327E+00    0.0169    0.0283   -0.0155   -0.0011    0.0032    0.0251    0.0000    0.0000    0.0000   4.00
   5.00    9.0902E+00    0.0204    0.0346   -0.0138   -0.0017    0.0039    0.0243    0.0000    0.0000    0.0000   5.00
   6.00    8.9041E+00    0.0235    0.0405   -0.0118   -0.0024    0.0045    0.0233    0.0000    0.0000    0.0000   6.00
   7.00    8.6702E+00    0.0262    0.0459   -0.0096   -0.0033    0.0051    0.0221    0.0000    0.0000    0.0000   7.00
   8.00    8.3855E+00    0.0285    0.0509   -0.0071   -0.0042    0.0057    0.0209    0.0000    0.0000    0.0000   8.00
   9.00    8.0486E+00    0.0303    0.0555   -0.0043   -0.0053    0.0062    0.0195    0.0000    0.0000    0.0000   9.00
  10.00    7.6607E+00    0.0319    0.0598   -0.0012   -0.0065    0.0066    0.0181    0.0000    0.0000    0.0000  10.00
  11.00    7.2250E+00    0.0330    0.0637    0.0022   -0.0078    0.0070    0.0165    0.0000    0.0000    0.0000  11.00
  12.00    6.7471E+00    0.0340    0.0675    0.0059   -0.0092    0.0074    0.0149    0.0000    0.0000    0.0000  12.00
  13.00    6.2347E+00    0.0347    0.0711    0.0099   -0.0108    0.0077    0.0131    0.0000    0.0000    0.0000  13.00
  14.00    5.6971E+00    0.0352    0.0747    0.0143   -0.0126    0.0080    0.0111    0.0000    0.0000    0.0000  14.00
  15.00    5.1447E+00    0.0357    0.0783    0.0192   -0.0146    0.0083    0.0090    0.0000    0.0000    0.0000  15.00
  16.00    4.5885E+00    0.0361    0.0820    0.0247   -0.0167    0.0085    0.0066    0.0000    0.0000    0.0000  16.00
  17.00    4.0392E+00    0.0367    0.0861    0.0308   -0.0192    0.0086    0.0040    0.0000    0.0000    0.0000  17.00
  18.00    3.5074E+00    0.0376    0.0906    0.0376   -0.0219    0.0087    0.0010    0.0000    0.0000    0.0000  18.00
  19.00    3.0021E+00    0.0389    0.0958    0.0453   -0.0249    0.0086   -0.0025    0.0000    0.0000    0.0000  19.00
  20.00    2.5312E+00    0.0408    0.1018    0.0540   -0.0283    0.0085   -0.0064    0.0000    0.0000    0.0000  20.00
  21.00    2.1009E+00    0.0439    0.1091    0.0637   -0.0320    0.0081   -0.0111    0.0000    0.0000    0.0000  21.00
  22.00    1.7157E+00    0.0484    0.1180    0.0747   -0.0361    0.0074   -0.0166    0.0000    0.0000    0.0000  22.00
  23.00    1.3779E+00    0.0552    0.1289    0.0867   -0.0404    0.0064   -0.0231    0.0000    0.0000    0.0000  23.00
  24.00    1.0886E+00    0.0652    0.1424    0.0996   -0.0448    0.0046   -0.0306    0.0000    0.0000    0.0000  24.00
  25.00    8.4701E-01    0.0797    0.1590    0.1127   -0.0487    0.0020   -0.0394    0.0000    0.0000    0.0000  25.00
  26.00    6.5102E-01    0.1003    0.1786    0.1242   -0.0514   -0.0021   -0.0490    0.0000    0.0000    0.0000  26.00
  27.00    4.9749E-01    0.1287    0.2006    0.1309   -0.0513   -0.0080   -0.0589    0.0000    0.0000    0.0000  27.00
  28.00    3.8241E-01    0.1653    0.2217    0.1274   -0.0459   -0.0163   -0.0671    0.0000    0.0000    0.0000  28.00
  29.00    3.0122E-01    0.2076    0.2357    0.1068   -0.0326   -0.0269   -0.0704    0.0000    0.0000    0.0000  29.00
  30.00    2.4904E-01    0.2474    0.2332    0.0635   -0.0098   -0.0388   -0.0650    0.0000    0.0000    0.0000  30.00
  31.00    2.2092E-01    0.2723    0.2068    0.0004    0.0200   -0.0492   -0.0489    0.0000    0.0000    0.0000  31.00
  32.00    2.1205E-01    0.2732    0.1580   -0.0690    0.0502   -0.0555   -0.0248    0.0000    0.0000    0.0000  32.00
  33.00    2.1788E-01    0.2513    0.0979   -0.1287    0.0741   -0.0571    0.0012    0.0000    0.0000    0.0000  33.00
  34.00    2.3427E-01    0.2155    0.0383   -0.1703    0.0889   -0.0549    0.0238    0.0000    0.0000    0.0000  34.00
  35.00    2.5759E-01    0.1753   -0.0143   -0.1941    0.0955   -0.0508    0.0410    0.0000    0.0000    0.0000  35.00
  36.00    2.8474E-01    0.1360   -0.0585   -0.2042    0.0965   -0.0462    0.0530    0.0000    0.0000    0.0000  36.00
  37.00    3.1319E-01    0.1000   -0.0954   -0.2053    0.0939   -0.0418    0.0608    0.0000    0.0000    0.0000  37.00
  38.00    3.4095E-01    0.0677   -0.1269   -0.2006    0.0893   -0.0378    0.0655    0.0000    0.0000    0.0000  38.00
  39.00    3.6657E-01    0.0386   -0.1546   -0.1921    0.0834   -0.0345    0.0680    0.0000    0.0000    0.0000  39.00
  40.00    3.8906E-01    0.0122   -0.1796   -0.1812    0.0767   -0.0317    0.0688    0.0000    0.0000    0.0000  40.00
  41.00    4.0783E-01   -0.0120   -0.2027   -0.1684    0.0696   -0.0293    0.0683    0.0000    0.0000    0.0000  41.00
  42.00    4.2268E-01   -0.0344   -0.2242   -0.1541    0.0619   -0.0274    0.0668    0.0000    0.0000    0.0000  42.00
  43.00    4.3364E-01   -0.0554   -0.2442   -0.1385    0.0539   -0.0257    0.0644    0.0000    0.0000    0.0000  43.00
  44.00    4.4098E-01   -0.0750   -0.2628   -0.1217    0.0455   -0.0243    0.0611    0.0000    0.0000    0.0000  44.00
  45.00    4.4512E-01   -0.0933   -0.2796   -0.1036    0.0368   -0.0231    0.0570    0.0000    0.0000    0.0000  45.00
  46.00    4.4657E-01   -0.1103   -0.2943   -0.0844    0.0277   -0.0220    0.0521    0.0000    0.0000    0.0000  46.00
  47.00    4.4585E-01   -0.1258   -0.3066   -0.0643    0.0183   -0.0211    0.0465    0.0000    0.0000    0.0000  47.00
  48.00    4.4353E-01   -0.1396   -0.3160   -0.0434    0.0088   -0.0202    0.0403    0.0000    0.0000    0.0000  48.00
  49.00    4.4011E-01   -0.1516   -0.3220   -0.0220   -0.0007   -0.0193    0.0335    0.0000    0.0000    0.0000  49.00
  50.00    4.3602E-01   -0.1616   -0.3243   -0.0006   -0.0101   -0.0185    0.0262    0.0000    0.0000    0.0000  50.00
  51.00    4.3164E-01   -0.1694   -0.3227    0.0206   -0.0193   -0.0176    0.0186    0.0000    0.0000    0.0000  51.00
  52.00    4.2726E-01   -0.1750   -0.3169    0.0410   -0.0279   -0.0167    0.0109    0.0000    0.0000    0.0000  52.00
  53.00    4.2307E-01   -0.1783   -0.3070    0.0602   -0.0358   -0.0158    0.0031    0.0000    0.0000    0.0000  53.00
  54.00    4.1919E-01   -0.1793   -0.2933    0.0778   -0.0429   -0.0149   -0.0044    0.0000    0.0000    0.0000  54.00
  55.00    4.1563E-01   -0.1784   -0.2762    0.0933   -0.0489   -0.0140   -0.0115    0.0000    0.0000    0.0000  55.00
  56.00    4.1238E-01   -0.1756   -0.2561    0.1064   -0.0538   -0.0130   -0.0181    0.0000    0.0000    0.0000  56.00
  57.00    4.0934E-01   -0.1713   -0.2336    0.1170   -0.0575   -0.0121   -0.0240    0.0000    0.0000    0.0000  57.00
  58.00    4.0639E-01   -0.1657   -0.2094    0.1250   -0.0600   -0.0111   -0.0292    0.0000    0.0000    0.0000  58.00
  59.00    4.0336E-01   -0.1593   -0.1841    0.1303   -0.0613   -0.0102   -0.0335    0.0000    0.0000    0.0000  59.00
0Tot-sig   5.0380E+00
1DWUCK4-DISTORTED WAVES U.COLORADO- PC-VERSION  12/Jan /1995
 Elapsed time in seconds =   0.00
 Elapsed time in seconds =   0.00
0CONTROL INTEGERS
  1 2 3 4 5 6 7 8 9 A B C D E F G H I J K    RUN IDENTIFICATION                                             0/00/00   0.00.00
  9 0 0 0 0 0 0 0 0 0 0 0 0 0 0 0 0 0 0 0    END OF DATA for DWUCK4                                      
STOP  End of data
