1********************DWUCK4 AT YOUR SERVICE********************

 installed         Mon May 21 11:05:50 1990                
 today is          Sun Jan 25 22:17:12 2026




















                    *******************************************************
                    *                                                     *
                    * User     : calemhoffman                             *
                    * Directory: <- /Users/calemhoffman/Documents/GitHub/ *
                    * Input    : Standard Input                           *
                    * Output   : Standard Output                          *
                    *                                                     *
                    *******************************************************
1
0DWUCK4-DISTORTED WAVES U.COLORADO- PC-VERSION  12/Jan /1995
 Elapsed time in seconds =   0.00
 Elapsed time in seconds =   0.00
0CONTROL INTEGERS
  1 2 3 4 5 6 7 8 9 A B C D E F G H I J K    RUN IDENTIFICATION                                             0/00/00   0.00.00
  1 0 0 1 0 0 0 0 0 0 2 0 0 0 0 0 0 0 0 0    36S(d,p)@ 16MeV    1398 keV  1p3/2 bound QP                 
 36S(d,p)@ 16MeV    1398 keV  1p3/2 bound QP                 
 Adwck4 entered
0ANGLE DATA          THETN=  60.0000   THET1=   0.0000   DTHET=   1.0000   A-ANG=   0.0000   B-ANG=   0.0000
0CARD SET 3 DATA     LMAX =  30          LTR=   1
                     NLTR =   1        2*JTR=   3
0CARD SET 4 DATA     DRF  =   0.1000   RZ   =   0.0000   RMAX =  50.0000   VCE  =   0.0000   FNRNG=   0.0000
 PARTICLE DATA 
0PARTICLE 1*******************************************************************************************************************
 INPUT DATA          ELAB =  16.0000   RC0  =   1.1500   AC   =   0.0000   2*STR=   2.0000
                     MASSP=   2.0000   MASST=  36.0000   Q    =   0.0000
                     ZP   =   1.0000   ZT   =  16.0000   PNLOC=   0.0000
 
 DERIVED DATA        ECM  =  15.1579   RC   =   3.7972   RHO  =   4.4512
                     K    =   1.1722   ETA  =   0.8909   DR   =   0.1000
0POTENTIAL PARAMETERS
 NX=1 VOLUME  W-S    V RL = -87.1710   R0RL =   1.1500   A RL =   0.8100   R RL =   3.7972   VSOR =   0.0000
                     V IM =   0.0000   R0IM =   0.0000   A IM =   0.0000   R IM =   0.0000   VSOI =   0.0000   POWR =   0.0000
 NX=2 SURFACE W-S    V RL =   0.0000   R0RL =   0.0000   A RL =   0.0000   R RL =   0.0000   VSOR =   0.0000
                     V IM =  49.6130   R0IM =   1.3400   A IM =   0.6800   R IM =   4.4246   VSOI =   0.0000   POWR =   0.0000
 NX=4 L*S VOLUME     V RL =   0.0000   R0RL =   0.0000   A RL =   0.0000   R RL =   0.0000   VSOR =   0.0000
                     V IM =   0.0000   R0IM =   0.0000   A IM =   0.0000   R IM =   0.0000   VSOI =   0.0000   POWR =   0.0000
0PARTICLE 2*******************************************************************************************************************
 INPUT DATA          ELAB =  16.2670   RC0  =   1.2500   AC   =   0.0000   2*STR=   1.0000
                     MASSP=   1.0000   MASST=  37.0000   Q    =   0.6810
                     ZP   =   1.0000   ZT   =  16.0000   PNLOC=   0.0000
 
 DERIVED DATA        ECM  =  15.8389   RC   =   4.1653   RHO  =   3.5779
                     K    =   0.8590   ETA  =   0.6248   DR   =   0.0973
0POTENTIAL PARAMETERS
 NX=1 VOLUME  W-S    V RL = -49.6950   R0RL =   1.2500   A RL =   0.6500   R RL =   4.1653   VSOR =   0.0000
                     V IM =   0.0000   R0IM =   0.0000   A IM =   0.0000   R IM =   0.0000   VSOI =   0.0000   POWR =   0.0000
 NX=2 SURFACE W-S    V RL =   0.0000   R0RL =   0.0000   A RL =   0.0000   R RL =   0.0000   VSOR =   0.0000
                     V IM =  25.3800   R0IM =   1.2500   A IM =   0.4700   R IM =   4.1653   VSOI =   0.0000   POWR =   0.0000
 NX=4 L*S VOLUME     V RL = -30.0000   R0RL =   1.2500   A RL =   0.4700   R RL =   4.1653   VSOR =   0.0000
                     V IM =   0.0000   R0IM =   0.0000   A IM =   0.0000   R IM =   0.0000   VSOI =   0.0000   POWR =   0.0000
136S(d,p)@ 16MeV    1398 keV  1p3/2 bound QP                    0/ 0/ 0
0FORM FACTOR DATA 
0PARTICLE 3*******************************************************************************************************************
 INPUT DATA          ELAB =  -2.9060   RC0  =   1.3000   AC   =   0.0000   2*STR=   1.0000
                     MASSP=   1.0000   MASST=  36.0000   Q    =  -2.9060
                     ZP   =   0.0000   ZT   =  16.0000   PNLOC=   0.0000
 
 DERIVED DATA        ECM  =  -2.9060   RC   =   4.2925   RHO  =   1.5788
                     K    =   0.3678   ETA  =   0.0000   DR   =   0.1000
0POTENTIAL PARAMETERS
 NX=1 VOLUME  W-S    V RL =  -1.0000   R0RL =   1.2500   A RL =   0.6500   R RL =   4.1274   VSOR =  36.4390
                     V IM =   1.1000   R0IM =   0.6500   A IM =   0.0000   R IM =   2.1463   VSOI =   0.0000   POWR =   0.0000
 
                     NODES=   1.0000   L    =   1.0000   2*J  =   3.0000   2*S  =   1.0000   FISW =   0.0000
 
                     V    =  50.8051   DET  =   0.0000   NODES=   1.0000   RM   =   5.7500   E    =  -2.9060   ITER.=   4
0                    LMAX =  30        NSTEP= 400        NLTR =   1
 Bdwck4 entered
   Subroutine INTEG  entered
0REACSIG 1   1.41906E+02                                             REACSIG 2   7.62796E+01
   Subroutine RADINT entered
136S(d,p)@ 16MeV    1398 keV  1p3/2 bound QP                    0/00/00
0BASIC DATA          DR   =   0.1000   RMIN =   0.0000   RMAX =  40.0000   COUEX=   0.0000     IS1=   1.0000
                     FNRNG=   0.0000   PNLC1=   0.0000   PNLC2=   0.0000   PNLC3=   0.0000     IS2=   0.5000
 ANG MOM TRANSFER    LTR  =   1.       2*JTR=   3.       2*STR=   1.       Q    =   0.6810
   Subroutine INSIG  entered
0 Theta Inelsig,fm**2      Polz       Asy       Ayy       A22       A21       A20       T22       T21       T20  Theta
   0.00    1.1200E+01    0.0000    0.0000   -0.0101    0.0000    0.0000    0.0148    0.0000    0.0000    0.0000   0.00
   1.00    1.1180E+01    0.0040    0.0047   -0.0100   -0.0000    0.0004    0.0148    0.0000    0.0000    0.0000   1.00
   2.00    1.1121E+01    0.0079    0.0093   -0.0098   -0.0001    0.0007    0.0147    0.0000    0.0000    0.0000   2.00
   3.00    1.1020E+01    0.0116    0.0138   -0.0094   -0.0003    0.0011    0.0145    0.0000    0.0000    0.0000   3.00
   4.00    1.0874E+01    0.0152    0.0182   -0.0088   -0.0005    0.0014    0.0142    0.0000    0.0000    0.0000   4.00
   5.00    1.0678E+01    0.0184    0.0225   -0.0081   -0.0008    0.0017    0.0139    0.0000    0.0000    0.0000   5.00
   6.00    1.0431E+01    0.0214    0.0265   -0.0072   -0.0011    0.0020    0.0135    0.0000    0.0000    0.0000   6.00
   7.00    1.0127E+01    0.0240    0.0304   -0.0062   -0.0016    0.0023    0.0131    0.0000    0.0000    0.0000   7.00
   8.00    9.7669E+00    0.0263    0.0341   -0.0049   -0.0021    0.0026    0.0126    0.0000    0.0000    0.0000   8.00
   9.00    9.3498E+00    0.0282    0.0377   -0.0033   -0.0027    0.0028    0.0120    0.0000    0.0000    0.0000   9.00
  10.00    8.8786E+00    0.0298    0.0411   -0.0016   -0.0035    0.0030    0.0113    0.0000    0.0000    0.0000  10.00
  11.00    8.3582E+00    0.0311    0.0444    0.0005   -0.0044    0.0032    0.0105    0.0000    0.0000    0.0000  11.00
  12.00    7.7956E+00    0.0322    0.0477    0.0030   -0.0054    0.0034    0.0096    0.0000    0.0000    0.0000  12.00
  13.00    7.1998E+00    0.0330    0.0510    0.0059   -0.0066    0.0035    0.0086    0.0000    0.0000    0.0000  13.00
  14.00    6.5813E+00    0.0335    0.0544    0.0092   -0.0081    0.0036    0.0074    0.0000    0.0000    0.0000  14.00
  15.00    5.9514E+00    0.0340    0.0579    0.0132   -0.0098    0.0036    0.0059    0.0000    0.0000    0.0000  15.00
  16.00    5.3218E+00    0.0343    0.0617    0.0179   -0.0118    0.0036    0.0043    0.0000    0.0000    0.0000  16.00
  17.00    4.7040E+00    0.0347    0.0659    0.0234   -0.0142    0.0036    0.0023    0.0000    0.0000    0.0000  17.00
  18.00    4.1084E+00    0.0353    0.0707    0.0298   -0.0169    0.0035   -0.0001    0.0000    0.0000    0.0000  18.00
  19.00    3.5446E+00    0.0361    0.0764    0.0375   -0.0202    0.0032   -0.0029    0.0000    0.0000    0.0000  19.00
  20.00    3.0204E+00    0.0376    0.0833    0.0465   -0.0240    0.0029   -0.0063    0.0000    0.0000    0.0000  20.00
  21.00    2.5416E+00    0.0401    0.0917    0.0570   -0.0284    0.0024   -0.0104    0.0000    0.0000    0.0000  21.00
  22.00    2.1125E+00    0.0440    0.1023    0.0694   -0.0336    0.0016   -0.0153    0.0000    0.0000    0.0000  22.00
  23.00    1.7353E+00    0.0502    0.1157    0.0837   -0.0394    0.0006   -0.0212    0.0000    0.0000    0.0000  23.00
  24.00    1.4103E+00    0.0597    0.1327    0.0999   -0.0460   -0.0008   -0.0280    0.0000    0.0000    0.0000  24.00
  25.00    1.1365E+00    0.0737    0.1543    0.1176   -0.0530   -0.0026   -0.0359    0.0000    0.0000    0.0000  25.00
  26.00    9.1133E-01    0.0940    0.1813    0.1358   -0.0600   -0.0051   -0.0445    0.0000    0.0000    0.0000  26.00
  27.00    7.3127E-01    0.1220    0.2138    0.1526   -0.0661   -0.0082   -0.0533    0.0000    0.0000    0.0000  27.00
  28.00    5.9196E-01    0.1588    0.2509    0.1646   -0.0699   -0.0119   -0.0610    0.0000    0.0000    0.0000  28.00
  29.00    4.8853E-01    0.2037    0.2892    0.1672   -0.0694   -0.0160   -0.0657    0.0000    0.0000    0.0000  29.00
  30.00    4.1586E-01    0.2528    0.3228    0.1557   -0.0629   -0.0200   -0.0655    0.0000    0.0000    0.0000  30.00
  31.00    3.6881E-01    0.2993    0.3445    0.1276   -0.0495   -0.0232   -0.0586    0.0000    0.0000    0.0000  31.00
  32.00    3.4242E-01    0.3353    0.3486    0.0850   -0.0304   -0.0251   -0.0451    0.0000    0.0000    0.0000  32.00
  33.00    3.3209E-01    0.3556    0.3339    0.0340   -0.0084   -0.0254   -0.0269    0.0000    0.0000    0.0000  33.00
  34.00    3.3363E-01    0.3593    0.3040   -0.0179    0.0134   -0.0243   -0.0070    0.0000    0.0000    0.0000  34.00
  35.00    3.4343E-01    0.3496    0.2646   -0.0648    0.0326   -0.0223    0.0123    0.0000    0.0000    0.0000  35.00
  36.00    3.5841E-01    0.3306    0.2211   -0.1038    0.0481   -0.0198    0.0295    0.0000    0.0000    0.0000  36.00
  37.00    3.7609E-01    0.3063    0.1770   -0.1343    0.0599   -0.0171    0.0438    0.0000    0.0000    0.0000  37.00
  38.00    3.9456E-01    0.2794    0.1344   -0.1569    0.0682   -0.0146    0.0553    0.0000    0.0000    0.0000  38.00
  39.00    4.1241E-01    0.2518    0.0942   -0.1727    0.0737   -0.0122    0.0642    0.0000    0.0000    0.0000  39.00
  40.00    4.2871E-01    0.2244    0.0568   -0.1825    0.0767   -0.0101    0.0708    0.0000    0.0000    0.0000  40.00
  41.00    4.4294E-01    0.1977    0.0222   -0.1873    0.0776   -0.0082    0.0753    0.0000    0.0000    0.0000  41.00
  42.00    4.5489E-01    0.1722   -0.0094   -0.1874    0.0766   -0.0065    0.0779    0.0000    0.0000    0.0000  42.00
  43.00    4.6462E-01    0.1480   -0.0381   -0.1834    0.0740   -0.0051    0.0787    0.0000    0.0000    0.0000  43.00
  44.00    4.7237E-01    0.1253   -0.0634   -0.1755    0.0698   -0.0038    0.0778    0.0000    0.0000    0.0000  44.00
  45.00    4.7851E-01    0.1044   -0.0852   -0.1640    0.0642   -0.0026    0.0753    0.0000    0.0000    0.0000  45.00
  46.00    4.8347E-01    0.0856   -0.1031   -0.1490    0.0572   -0.0016    0.0711    0.0000    0.0000    0.0000  46.00
  47.00    4.8770E-01    0.0691   -0.1166   -0.1309    0.0490   -0.0007    0.0655    0.0000    0.0000    0.0000  47.00
  48.00    4.9162E-01    0.0552   -0.1254   -0.1100    0.0399    0.0001    0.0585    0.0000    0.0000    0.0000  48.00
  49.00    4.9559E-01    0.0441   -0.1293   -0.0869    0.0299    0.0008    0.0503    0.0000    0.0000    0.0000  49.00
  50.00    4.9990E-01    0.0361   -0.1282   -0.0621    0.0193    0.0014    0.0411    0.0000    0.0000    0.0000  50.00
  51.00    5.0474E-01    0.0311   -0.1222   -0.0363    0.0085    0.0019    0.0312    0.0000    0.0000    0.0000  51.00
  52.00    5.1020E-01    0.0291   -0.1114   -0.0101   -0.0024    0.0024    0.0207    0.0000    0.0000    0.0000  52.00
  53.00    5.1629E-01    0.0301   -0.0964    0.0158   -0.0130    0.0028    0.0101    0.0000    0.0000    0.0000  53.00
  54.00    5.2293E-01    0.0337   -0.0778    0.0408   -0.0231    0.0032   -0.0004    0.0000    0.0000    0.0000  54.00
  55.00    5.2993E-01    0.0397   -0.0561    0.0644   -0.0326    0.0036   -0.0106    0.0000    0.0000    0.0000  55.00
  56.00    5.3708E-01    0.0476   -0.0320    0.0863   -0.0413    0.0040   -0.0204    0.0000    0.0000    0.0000  56.00
  57.00    5.4410E-01    0.0572   -0.0063    0.1061   -0.0490    0.0043   -0.0294    0.0000    0.0000    0.0000  57.00
  58.00    5.5068E-01    0.0681    0.0205    0.1237   -0.0558    0.0047   -0.0377    0.0000    0.0000    0.0000  58.00
  59.00    5.5649E-01    0.0799    0.0478    0.1390   -0.0616    0.0050   -0.0452    0.0000    0.0000    0.0000  59.00
0Tot-sig   6.2148E+00
1DWUCK4-DISTORTED WAVES U.COLORADO- PC-VERSION  12/Jan /1995
 Elapsed time in seconds =   0.00
 Elapsed time in seconds =   0.00
0CONTROL INTEGERS
  1 2 3 4 5 6 7 8 9 A B C D E F G H I J K    RUN IDENTIFICATION                                             0/00/00   0.00.00
  9 0 0 0 0 0 0 0 0 0 0 0 0 0 0 0 0 0 0 0    END OF DATA for DWUCK4                                      
STOP  End of data
