1********************DWUCK4 AT YOUR SERVICE********************

 installed         Mon May 21 11:05:50 1990                
 today is          Wed Jan 21 22:21:29 2026




















                    *******************************************************
                    *                                                     *
                    * User     : calemhoffman                             *
                    * Directory: <- /Users/calemhoffman/Documents/GitHub/ *
                    * Input    : Standard Input                           *
                    * Output   : Standard Output                          *
                    *                                                     *
                    *******************************************************
1
0DWUCK4-DISTORTED WAVES U.COLORADO- PC-VERSION  12/Jan /1995
 Elapsed time in seconds =   0.00
 Elapsed time in seconds =   0.00
0CONTROL INTEGERS
  1 2 3 4 5 6 7 8 9 A B C D E F G H I J K    RUN IDENTIFICATION                                             0/00/00   0.00.00
  1 0 0 1 0 0 0 0 0 0 2 0 0 0 0 0 0 0 0 0    36S(d,p)@ 16MeV    0 keV  0f7/2 bound AK                    
 36S(d,p)@ 16MeV    0 keV  0f7/2 bound AK                    
 Adwck4 entered
0ANGLE DATA          THETN=  90.0000   THET1=   0.0000   DTHET=   1.0000   A-ANG=   0.0000   B-ANG=   0.0000
0CARD SET 3 DATA     LMAX =  30          LTR=   3
                     NLTR =   1        2*JTR=   7
0CARD SET 4 DATA     DRF  =   0.1000   RZ   =   0.0000   RMAX =  50.0000   VCE  =   0.0000   FNRNG=   0.0000
 PARTICLE DATA 
0PARTICLE 1*******************************************************************************************************************
 INPUT DATA          ELAB =  16.0000   RC0  =   1.3030   AC   =   0.0000   2*STR=   2.0000
                     MASSP=   2.0000   MASST=  36.0000   Q    =   0.0000
                     ZP   =   1.0000   ZT   =  16.0000   PNLOC=   0.0000
 
 DERIVED DATA        ECM  =  15.1579   RC   =   4.3024   RHO  =   5.0434
                     K    =   1.1722   ETA  =   0.8909   DR   =   0.1000
0POTENTIAL PARAMETERS
 NX=1 VOLUME  W-S    V RL = -91.0070   R0RL =   1.1500   A RL =   0.7610   R RL =   3.7972   VSOR =   0.0000
                     V IM =  -2.0990   R0IM =   1.3350   A IM =   0.5250   R IM =   4.4081   VSOI =   0.0000   POWR =   0.0000
 NX=2 SURFACE W-S    V RL =   0.0000   R0RL =   0.0000   A RL =   0.0000   R RL =   0.0000   VSOR =   0.0000
                     V IM =  10.3400   R0IM =   1.3800   A IM =   0.7360   R IM =   4.5567   VSOI =   0.0000   POWR =   0.0000
 NX=4 L*S VOLUME     V RL =  -3.5570   R0RL =   0.9720   A RL =   1.0110   R RL =   3.2095   VSOR =   0.0000
                     V IM =   0.0000   R0IM =   0.0000   A IM =   0.0000   R IM =   0.0000   VSOI =   0.0000   POWR =   0.0000
0PARTICLE 2*******************************************************************************************************************
 INPUT DATA          ELAB =  17.7028   RC0  =   1.2920   AC   =   0.0000   2*STR=   1.0000
                     MASSP=   1.0000   MASST=  37.0000   Q    =   2.0790
                     ZP   =   1.0000   ZT   =  16.0000   PNLOC=   0.0000
 
 DERIVED DATA        ECM  =  17.2369   RC   =   4.3052   RHO  =   3.8579
                     K    =   0.8961   ETA  =   0.5989   DR   =   0.0973
0POTENTIAL PARAMETERS
 NX=1 VOLUME  W-S    V RL = -52.9680   R0RL =   1.1820   A RL =   0.6720   R RL =   3.9387   VSOR =   0.0000
                     V IM =  -1.5530   R0IM =   1.1820   A IM =   0.6720   R IM =   3.9387   VSOI =   0.0000   POWR =   0.0000
 NX=2 SURFACE W-S    V RL =   0.0000   R0RL =   0.0000   A RL =   0.0000   R RL =   0.0000   VSOR =   0.0000
                     V IM =   8.6190   R0IM =   1.2900   A IM =   0.5380   R IM =   4.2986   VSOI =   0.0000   POWR =   0.0000
 NX=4 L*S VOLUME     V RL =  -5.4380   R0RL =   0.9910   A RL =   0.5900   R RL =   3.3022   VSOR =   0.0000
                     V IM =   0.0800   R0IM =   0.9910   A IM =   0.5900   R IM =   3.3022   VSOI =   0.0000   POWR =   0.0000
136S(d,p)@ 16MeV    0 keV  0f7/2 bound AK                       0/ 0/ 0
0FORM FACTOR DATA 
0PARTICLE 3*******************************************************************************************************************
 INPUT DATA          ELAB =  -4.3040   RC0  =   1.3000   AC   =   0.0000   2*STR=   1.0000
                     MASSP=   1.0000   MASST=  36.0000   Q    =  -4.3040
                     ZP   =   0.0000   ZT   =  16.0000   PNLOC=   0.0000
 
 DERIVED DATA        ECM  =  -4.3040   RC   =   4.2925   RHO  =   1.9214
                     K    =   0.4476   ETA  =   0.0000   DR   =   0.1000
0POTENTIAL PARAMETERS
 NX=1 VOLUME  W-S    V RL =  -1.0000   R0RL =   1.2500   A RL =   0.6500   R RL =   4.1274   VSOR =   6.0000
                     V IM =   1.1000   R0IM =   0.6500   A IM =   0.0000   R IM =   2.1463   VSOI =   0.0000   POWR =   0.0000
 
                     NODES=   0.0000   L    =   3.0000   2*J  =   7.0000   2*S  =   1.0000   FISW =   0.0000
 
                     V    =  53.4202   DET  =  -0.0001   NODES=   0.0000   RM   =   4.7500   E    =  -4.3040   ITER.=   5
0                    LMAX =  30        NSTEP= 400        NLTR =   1
 Bdwck4 entered
   Subroutine INTEG  entered
0REACSIG 1   1.12051E+02                                             REACSIG 2   7.06017E+01
   Subroutine RADINT entered
136S(d,p)@ 16MeV    0 keV  0f7/2 bound AK                       0/00/00
0BASIC DATA          DR   =   0.1000   RMIN =   0.0000   RMAX =  40.0000   COUEX=   0.0000     IS1=   1.0000
                     FNRNG=   0.0000   PNLC1=   0.0000   PNLC2=   0.0000   PNLC3=   0.0000     IS2=   0.5000
 ANG MOM TRANSFER    LTR  =   3.       2*JTR=   7.       2*STR=   1.       Q    =   2.0790
   Subroutine INSIG  entered
0 Theta Inelsig,fm**2      Polz       Asy       Ayy       A22       A21       A20       T22       T21       T20  Theta
   0.00    1.4932E-01    0.0000    0.0000   -0.3241    0.0000    0.0000    0.4586    0.0000    0.0000    0.0000   0.00
   1.00    1.5567E-01   -0.0426    0.0269   -0.3086   -0.0007   -0.0103    0.4383    0.0000    0.0000    0.0000   1.00
   2.00    1.7463E-01   -0.0770    0.0459   -0.2689   -0.0024   -0.0183    0.3865    0.0000    0.0000    0.0000   2.00
   3.00    2.0591E-01   -0.1000    0.0539   -0.2192   -0.0047   -0.0232    0.3218    0.0000    0.0000    0.0000   3.00
   4.00    2.4905E-01   -0.1133    0.0530   -0.1710   -0.0069   -0.0253    0.2592    0.0000    0.0000    0.0000   4.00
   5.00    3.0341E-01   -0.1200    0.0463   -0.1296   -0.0089   -0.0257    0.2055    0.0000    0.0000    0.0000   5.00
   6.00    3.6820E-01   -0.1228    0.0366   -0.0959   -0.0106   -0.0250    0.1621    0.0000    0.0000    0.0000   6.00
   7.00    4.4249E-01   -0.1235    0.0261   -0.0690   -0.0121   -0.0239    0.1278    0.0000    0.0000    0.0000   7.00
   8.00    5.2525E-01   -0.1230    0.0156   -0.0477   -0.0135   -0.0225    0.1009    0.0000    0.0000    0.0000   8.00
   9.00    6.1534E-01   -0.1219    0.0060   -0.0305   -0.0147   -0.0211    0.0796    0.0000    0.0000    0.0000   9.00
  10.00    7.1153E-01   -0.1204   -0.0025   -0.0166   -0.0158   -0.0198    0.0626    0.0000    0.0000    0.0000  10.00
  11.00    8.1254E-01   -0.1186   -0.0096   -0.0051   -0.0168   -0.0185    0.0489    0.0000    0.0000    0.0000  11.00
  12.00    9.1704E-01   -0.1165   -0.0153    0.0047   -0.0179   -0.0173    0.0377    0.0000    0.0000    0.0000  12.00
  13.00    1.0237E+00   -0.1140   -0.0196    0.0130   -0.0189   -0.0162    0.0284    0.0000    0.0000    0.0000  13.00
  14.00    1.1310E+00   -0.1112   -0.0223    0.0203   -0.0199   -0.0152    0.0206    0.0000    0.0000    0.0000  14.00
  15.00    1.2376E+00   -0.1080   -0.0235    0.0269   -0.0210   -0.0142    0.0140    0.0000    0.0000    0.0000  15.00
  16.00    1.3422E+00   -0.1042   -0.0233    0.0328   -0.0220   -0.0133    0.0082    0.0000    0.0000    0.0000  16.00
  17.00    1.4434E+00   -0.1000   -0.0216    0.0382   -0.0231   -0.0125    0.0032    0.0000    0.0000    0.0000  17.00
  18.00    1.5398E+00   -0.0953   -0.0185    0.0433   -0.0243   -0.0118   -0.0012    0.0000    0.0000    0.0000  18.00
  19.00    1.6303E+00   -0.0900   -0.0141    0.0482   -0.0254   -0.0110   -0.0052    0.0000    0.0000    0.0000  19.00
  20.00    1.7138E+00   -0.0842   -0.0084    0.0528   -0.0266   -0.0104   -0.0089    0.0000    0.0000    0.0000  20.00
  21.00    1.7891E+00   -0.0777   -0.0014    0.0573   -0.0279   -0.0097   -0.0122    0.0000    0.0000    0.0000  21.00
  22.00    1.8555E+00   -0.0707    0.0068    0.0617   -0.0291   -0.0091   -0.0153    0.0000    0.0000    0.0000  22.00
  23.00    1.9122E+00   -0.0630    0.0163    0.0660   -0.0304   -0.0085   -0.0181    0.0000    0.0000    0.0000  23.00
  24.00    1.9588E+00   -0.0547    0.0269    0.0703   -0.0318   -0.0080   -0.0209    0.0000    0.0000    0.0000  24.00
  25.00    1.9950E+00   -0.0457    0.0386    0.0745   -0.0332   -0.0074   -0.0235    0.0000    0.0000    0.0000  25.00
  26.00    2.0206E+00   -0.0360    0.0514    0.0788   -0.0346   -0.0069   -0.0260    0.0000    0.0000    0.0000  26.00
  27.00    2.0356E+00   -0.0256    0.0653    0.0830   -0.0361   -0.0064   -0.0284    0.0000    0.0000    0.0000  27.00
  28.00    2.0405E+00   -0.0146    0.0803    0.0873   -0.0376   -0.0058   -0.0308    0.0000    0.0000    0.0000  28.00
  29.00    2.0355E+00   -0.0028    0.0962    0.0915   -0.0391   -0.0053   -0.0331    0.0000    0.0000    0.0000  29.00
  30.00    2.0215E+00    0.0098    0.1132    0.0957   -0.0406   -0.0048   -0.0353    0.0000    0.0000    0.0000  30.00
  31.00    1.9991E+00    0.0230    0.1311    0.0999   -0.0421   -0.0043   -0.0375    0.0000    0.0000    0.0000  31.00
  32.00    1.9693E+00    0.0370    0.1499    0.1040   -0.0436   -0.0038   -0.0396    0.0000    0.0000    0.0000  32.00
  33.00    1.9330E+00    0.0517    0.1696    0.1080   -0.0450   -0.0033   -0.0417    0.0000    0.0000    0.0000  33.00
  34.00    1.8914E+00    0.0670    0.1900    0.1118   -0.0464   -0.0028   -0.0437    0.0000    0.0000    0.0000  34.00
  35.00    1.8455E+00    0.0830    0.2110    0.1154   -0.0477   -0.0023   -0.0457    0.0000    0.0000    0.0000  35.00
  36.00    1.7965E+00    0.0995    0.2324    0.1188   -0.0489   -0.0018   -0.0475    0.0000    0.0000    0.0000  36.00
  37.00    1.7455E+00    0.1163    0.2542    0.1219   -0.0500   -0.0013   -0.0492    0.0000    0.0000    0.0000  37.00
  38.00    1.6935E+00    0.1335    0.2760    0.1246   -0.0509   -0.0008   -0.0508    0.0000    0.0000    0.0000  38.00
  39.00    1.6415E+00    0.1507    0.2977    0.1268   -0.0516   -0.0003   -0.0522    0.0000    0.0000    0.0000  39.00
  40.00    1.5904E+00    0.1678    0.3188    0.1286   -0.0521    0.0001   -0.0534    0.0000    0.0000    0.0000  40.00
  41.00    1.5411E+00    0.1846    0.3393    0.1297   -0.0524    0.0006   -0.0544    0.0000    0.0000    0.0000  41.00
  42.00    1.4942E+00    0.2007    0.3585    0.1303   -0.0524    0.0010   -0.0552    0.0000    0.0000    0.0000  42.00
  43.00    1.4503E+00    0.2159    0.3764    0.1302   -0.0522    0.0014   -0.0556    0.0000    0.0000    0.0000  43.00
  44.00    1.4098E+00    0.2299    0.3924    0.1294   -0.0517    0.0018   -0.0558    0.0000    0.0000    0.0000  44.00
  45.00    1.3730E+00    0.2425    0.4064    0.1279   -0.0509    0.0022   -0.0557    0.0000    0.0000    0.0000  45.00
  46.00    1.3403E+00    0.2534    0.4181    0.1259   -0.0498    0.0025   -0.0553    0.0000    0.0000    0.0000  46.00
  47.00    1.3115E+00    0.2624    0.4272    0.1232   -0.0486    0.0027   -0.0546    0.0000    0.0000    0.0000  47.00
  48.00    1.2868E+00    0.2694    0.4338    0.1200   -0.0471    0.0030   -0.0537    0.0000    0.0000    0.0000  48.00
  49.00    1.2660E+00    0.2743    0.4378    0.1165   -0.0455    0.0031   -0.0525    0.0000    0.0000    0.0000  49.00
  50.00    1.2489E+00    0.2771    0.4393    0.1126   -0.0438    0.0033   -0.0512    0.0000    0.0000    0.0000  50.00
  51.00    1.2352E+00    0.2780    0.4384    0.1085   -0.0421    0.0034   -0.0497    0.0000    0.0000    0.0000  51.00
  52.00    1.2246E+00    0.2770    0.4355    0.1044   -0.0404    0.0035   -0.0481    0.0000    0.0000    0.0000  52.00
  53.00    1.2168E+00    0.2743    0.4308    0.1003   -0.0387    0.0036   -0.0464    0.0000    0.0000    0.0000  53.00
  54.00    1.2114E+00    0.2702    0.4247    0.0963   -0.0371    0.0037   -0.0448    0.0000    0.0000    0.0000  54.00
  55.00    1.2079E+00    0.2649    0.4175    0.0926   -0.0356    0.0037   -0.0431    0.0000    0.0000    0.0000  55.00
  56.00    1.2060E+00    0.2587    0.4095    0.0891   -0.0342    0.0038   -0.0415    0.0000    0.0000    0.0000  56.00
  57.00    1.2053E+00    0.2518    0.4012    0.0859   -0.0330    0.0039   -0.0399    0.0000    0.0000    0.0000  57.00
  58.00    1.2053E+00    0.2445    0.3928    0.0830   -0.0320    0.0040   -0.0384    0.0000    0.0000    0.0000  58.00
  59.00    1.2058E+00    0.2371    0.3845    0.0805   -0.0311    0.0041   -0.0371    0.0000    0.0000    0.0000  59.00
  60.00    1.2064E+00    0.2296    0.3768    0.0782   -0.0303    0.0043   -0.0358    0.0000    0.0000    0.0000  60.00
  61.00    1.2068E+00    0.2223    0.3697    0.0763   -0.0297    0.0045   -0.0346    0.0000    0.0000    0.0000  61.00
  62.00    1.2068E+00    0.2153    0.3634    0.0746   -0.0292    0.0047   -0.0335    0.0000    0.0000    0.0000  62.00
  63.00    1.2062E+00    0.2089    0.3580    0.0731   -0.0287    0.0050   -0.0324    0.0000    0.0000    0.0000  63.00
  64.00    1.2049E+00    0.2030    0.3538    0.0718   -0.0284    0.0052   -0.0315    0.0000    0.0000    0.0000  64.00
  65.00    1.2027E+00    0.1977    0.3507    0.0706   -0.0280    0.0056   -0.0305    0.0000    0.0000    0.0000  65.00
  66.00    1.1997E+00    0.1931    0.3487    0.0694   -0.0277    0.0059   -0.0296    0.0000    0.0000    0.0000  66.00
  67.00    1.1957E+00    0.1893    0.3480    0.0681   -0.0273    0.0063   -0.0287    0.0000    0.0000    0.0000  67.00
  68.00    1.1910E+00    0.1863    0.3484    0.0668   -0.0270    0.0068   -0.0278    0.0000    0.0000    0.0000  68.00
  69.00    1.1854E+00    0.1840    0.3500    0.0653   -0.0265    0.0072   -0.0269    0.0000    0.0000    0.0000  69.00
  70.00    1.1791E+00    0.1825    0.3527    0.0636   -0.0259    0.0077   -0.0258    0.0000    0.0000    0.0000  70.00
  71.00    1.1724E+00    0.1818    0.3564    0.0616   -0.0252    0.0082   -0.0248    0.0000    0.0000    0.0000  71.00
  72.00    1.1652E+00    0.1818    0.3611    0.0594   -0.0244    0.0087   -0.0236    0.0000    0.0000    0.0000  72.00
  73.00    1.1578E+00    0.1824    0.3665    0.0567   -0.0234    0.0091   -0.0223    0.0000    0.0000    0.0000  73.00
  74.00    1.1504E+00    0.1836    0.3726    0.0537   -0.0222    0.0096   -0.0209    0.0000    0.0000    0.0000  74.00
  75.00    1.1431E+00    0.1853    0.3792    0.0503   -0.0209    0.0101   -0.0194    0.0000    0.0000    0.0000  75.00
  76.00    1.1362E+00    0.1874    0.3861    0.0465   -0.0193    0.0105   -0.0178    0.0000    0.0000    0.0000  76.00
  77.00    1.1298E+00    0.1898    0.3931    0.0423   -0.0176    0.0109   -0.0160    0.0000    0.0000    0.0000  77.00
  78.00    1.1241E+00    0.1924    0.4000    0.0378   -0.0158    0.0112   -0.0142    0.0000    0.0000    0.0000  78.00
  79.00    1.1193E+00    0.1950    0.4066    0.0329   -0.0138    0.0115   -0.0122    0.0000    0.0000    0.0000  79.00
  80.00    1.1155E+00    0.1975    0.4128    0.0277   -0.0116    0.0117   -0.0101    0.0000    0.0000    0.0000  80.00
  81.00    1.1127E+00    0.1999    0.4183    0.0224   -0.0094    0.0118   -0.0080    0.0000    0.0000    0.0000  81.00
  82.00    1.1111E+00    0.2020    0.4229    0.0168   -0.0071    0.0119   -0.0059    0.0000    0.0000    0.0000  82.00
  83.00    1.1108E+00    0.2036    0.4266    0.0113   -0.0048    0.0119   -0.0037    0.0000    0.0000    0.0000  83.00
  84.00    1.1116E+00    0.2048    0.4293    0.0057   -0.0025    0.0118   -0.0015    0.0000    0.0000    0.0000  84.00
  85.00    1.1137E+00    0.2054    0.4307    0.0003   -0.0002    0.0117    0.0006    0.0000    0.0000    0.0000  85.00
  86.00    1.1170E+00    0.2053    0.4310   -0.0049    0.0020    0.0115    0.0027    0.0000    0.0000    0.0000  86.00
  87.00    1.1213E+00    0.2046    0.4301   -0.0099    0.0041    0.0112    0.0046    0.0000    0.0000    0.0000  87.00
  88.00    1.1266E+00    0.2032    0.4280   -0.0145    0.0060    0.0109    0.0065    0.0000    0.0000    0.0000  88.00
  89.00    1.1328E+00    0.2011    0.4249   -0.0187    0.0077    0.0105    0.0082    0.0000    0.0000    0.0000  89.00
0Tot-sig   1.6712E+01
1DWUCK4-DISTORTED WAVES U.COLORADO- PC-VERSION  12/Jan /1995
 Elapsed time in seconds =   0.00
 Elapsed time in seconds =   0.00
0CONTROL INTEGERS
  1 2 3 4 5 6 7 8 9 A B C D E F G H I J K    RUN IDENTIFICATION                                             0/00/00   0.00.00
  9 0 0 0 0 0 0 0 0 0 0 0 0 0 0 0 0 0 0 0    END OF DATA for DWUCK4                                      
STOP  End of data
