1********************DWUCK4 AT YOUR SERVICE********************

 installed         Mon May 21 11:05:50 1990                
 today is          Sun Jan 25 22:23:31 2026




















                    *******************************************************
                    *                                                     *
                    * User     : calemhoffman                             *
                    * Directory: <- /Users/calemhoffman/Documents/GitHub/ *
                    * Input    : Standard Input                           *
                    * Output   : Standard Output                          *
                    *                                                     *
                    *******************************************************
1
0DWUCK4-DISTORTED WAVES U.COLORADO- PC-VERSION  12/Jan /1995
 Elapsed time in seconds =   0.00
 Elapsed time in seconds =   0.00
0CONTROL INTEGERS
  1 2 3 4 5 6 7 8 9 A B C D E F G H I J K    RUN IDENTIFICATION                                             0/00/00   0.00.00
  1 0 0 1 0 0 0 0 0 0 2 0 0 0 0 0 0 0 0 0    36S(d,p)@ 16MeV    1992 keV  1p3/2 bound AK                 
 36S(d,p)@ 16MeV    1992 keV  1p3/2 bound AK                 
 Adwck4 entered
0ANGLE DATA          THETN=  60.0000   THET1=   0.0000   DTHET=   1.0000   A-ANG=   0.0000   B-ANG=   0.0000
0CARD SET 3 DATA     LMAX =  30          LTR=   1
                     NLTR =   1        2*JTR=   3
0CARD SET 4 DATA     DRF  =   0.1000   RZ   =   0.0000   RMAX =  50.0000   VCE  =   0.0000   FNRNG=   0.0000
 PARTICLE DATA 
0PARTICLE 1*******************************************************************************************************************
 INPUT DATA          ELAB =  16.0000   RC0  =   1.3030   AC   =   0.0000   2*STR=   2.0000
                     MASSP=   2.0000   MASST=  36.0000   Q    =   0.0000
                     ZP   =   1.0000   ZT   =  16.0000   PNLOC=   0.0000
 
 DERIVED DATA        ECM  =  15.1579   RC   =   4.3024   RHO  =   5.0434
                     K    =   1.1722   ETA  =   0.8909   DR   =   0.1000
0POTENTIAL PARAMETERS
 NX=1 VOLUME  W-S    V RL = -91.0070   R0RL =   1.1500   A RL =   0.7610   R RL =   3.7972   VSOR =   0.0000
                     V IM =  -2.0990   R0IM =   1.3350   A IM =   0.5250   R IM =   4.4081   VSOI =   0.0000   POWR =   0.0000
 NX=2 SURFACE W-S    V RL =   0.0000   R0RL =   0.0000   A RL =   0.0000   R RL =   0.0000   VSOR =   0.0000
                     V IM =  30.4410   R0IM =   1.3800   A IM =   0.7360   R IM =   4.5567   VSOI =   0.0000   POWR =   0.0000
 NX=4 L*S VOLUME     V RL = -14.2280   R0RL =   0.9720   A RL =   1.0110   R RL =   3.2095   VSOR =   0.0000
                     V IM =   0.0000   R0IM =   0.0000   A IM =   0.0000   R IM =   0.0000   VSOI =   0.0000   POWR =   0.0000
0PARTICLE 2*******************************************************************************************************************
 INPUT DATA          ELAB =  15.6569   RC0  =   1.2920   AC   =   0.0000   2*STR=   1.0000
                     MASSP=   1.0000   MASST=  37.0000   Q    =   0.0870
                     ZP   =   1.0000   ZT   =  16.0000   PNLOC=   0.0000
 
 DERIVED DATA        ECM  =  15.2449   RC   =   4.3052   RHO  =   3.6282
                     K    =   0.8427   ETA  =   0.6368   DR   =   0.0973
0POTENTIAL PARAMETERS
 NX=1 VOLUME  W-S    V RL = -53.7700   R0RL =   1.1820   A RL =   0.6720   R RL =   3.9387   VSOR =   0.0000
                     V IM =  -1.3450   R0IM =   1.1820   A IM =   0.6720   R IM =   3.9387   VSOI =   0.0000   POWR =   0.0000
 NX=2 SURFACE W-S    V RL =   0.0000   R0RL =   0.0000   A RL =   0.0000   R RL =   0.0000   VSOR =   0.0000
                     V IM =  18.8380   R0IM =   1.2900   A IM =   0.5380   R IM =   4.2986   VSOI =   0.0000   POWR =   0.0000
 NX=4 L*S VOLUME     V RL = -21.9240   R0RL =   0.9910   A RL =   0.5900   R RL =   3.3022   VSOR =   0.0000
                     V IM =   0.2720   R0IM =   0.9910   A IM =   0.5900   R IM =   3.3022   VSOI =   0.0000   POWR =   0.0000
136S(d,p)@ 16MeV    1992 keV  1p3/2 bound AK                    0/ 0/ 0
0FORM FACTOR DATA 
0PARTICLE 3*******************************************************************************************************************
 INPUT DATA          ELAB =  -2.3120   RC0  =   1.3000   AC   =   0.0000   2*STR=   1.0000
                     MASSP=   1.0000   MASST=  36.0000   Q    =  -2.3120
                     ZP   =   0.0000   ZT   =  16.0000   PNLOC=   0.0000
 
 DERIVED DATA        ECM  =  -2.3120   RC   =   4.2925   RHO  =   1.4082
                     K    =   0.3281   ETA  =   0.0000   DR   =   0.1000
0POTENTIAL PARAMETERS
 NX=1 VOLUME  W-S    V RL =  -1.0000   R0RL =   1.2500   A RL =   0.6500   R RL =   4.1274   VSOR =  36.4390
                     V IM =   1.1000   R0IM =   0.6500   A IM =   0.0000   R IM =   2.1463   VSOI =   0.0000   POWR =   0.0000
 
                     NODES=   1.0000   L    =   1.0000   2*J  =   3.0000   2*S  =   1.0000   FISW =   0.0000
 
                     V    =  49.4373   DET  =  -0.0001   NODES=   1.0000   RM   =   5.8500   E    =  -2.3120   ITER.=   3
0                    LMAX =  30        NSTEP= 400        NLTR =   1
 Bdwck4 entered
   Subroutine INTEG  entered
0REACSIG 1   1.39763E+02                                             REACSIG 2   8.62059E+01
   Subroutine RADINT entered
136S(d,p)@ 16MeV    1992 keV  1p3/2 bound AK                    0/00/00
0BASIC DATA          DR   =   0.1000   RMIN =   0.0000   RMAX =  40.0000   COUEX=   0.0000     IS1=   1.0000
                     FNRNG=   0.0000   PNLC1=   0.0000   PNLC2=   0.0000   PNLC3=   0.0000     IS2=   0.5000
 ANG MOM TRANSFER    LTR  =   1.       2*JTR=   3.       2*STR=   1.       Q    =   0.0870
   Subroutine INSIG  entered
0 Theta Inelsig,fm**2      Polz       Asy       Ayy       A22       A21       A20       T22       T21       T20  Theta
   0.00    9.8017E+00    0.0000    0.0000   -0.0194    0.0000    0.0000    0.0280    0.0000    0.0000    0.0000   0.00
   1.00    9.7807E+00    0.0037    0.0057   -0.0192   -0.0000    0.0009    0.0279    0.0000    0.0000    0.0000   1.00
   2.00    9.7170E+00    0.0074    0.0113   -0.0188   -0.0002    0.0017    0.0277    0.0000    0.0000    0.0000   2.00
   3.00    9.6094E+00    0.0109    0.0168   -0.0182   -0.0004    0.0026    0.0273    0.0000    0.0000    0.0000   3.00
   4.00    9.4559E+00    0.0142    0.0221   -0.0173   -0.0008    0.0034    0.0269    0.0000    0.0000    0.0000   4.00
   5.00    9.2542E+00    0.0172    0.0272   -0.0161   -0.0012    0.0041    0.0263    0.0000    0.0000    0.0000   5.00
   6.00    9.0027E+00    0.0198    0.0320   -0.0147   -0.0017    0.0049    0.0255    0.0000    0.0000    0.0000   6.00
   7.00    8.7001E+00    0.0221    0.0365   -0.0131   -0.0023    0.0056    0.0247    0.0000    0.0000    0.0000   7.00
   8.00    8.3469E+00    0.0241    0.0408   -0.0112   -0.0030    0.0063    0.0238    0.0000    0.0000    0.0000   8.00
   9.00    7.9448E+00    0.0256    0.0448   -0.0091   -0.0038    0.0069    0.0228    0.0000    0.0000    0.0000   9.00
  10.00    7.4976E+00    0.0269    0.0485   -0.0067   -0.0047    0.0075    0.0217    0.0000    0.0000    0.0000  10.00
  11.00    7.0108E+00    0.0277    0.0520   -0.0041   -0.0057    0.0081    0.0205    0.0000    0.0000    0.0000  11.00
  12.00    6.4918E+00    0.0283    0.0553   -0.0012   -0.0069    0.0087    0.0192    0.0000    0.0000    0.0000  12.00
  13.00    5.9490E+00    0.0285    0.0584    0.0020   -0.0082    0.0092    0.0177    0.0000    0.0000    0.0000  13.00
  14.00    5.3923E+00    0.0285    0.0614    0.0057   -0.0096    0.0097    0.0161    0.0000    0.0000    0.0000  14.00
  15.00    4.8318E+00    0.0283    0.0644    0.0097   -0.0112    0.0102    0.0143    0.0000    0.0000    0.0000  15.00
  16.00    4.2775E+00    0.0279    0.0673    0.0143   -0.0131    0.0107    0.0123    0.0000    0.0000    0.0000  16.00
  17.00    3.7394E+00    0.0274    0.0703    0.0195   -0.0151    0.0111    0.0100    0.0000    0.0000    0.0000  17.00
  18.00    3.2261E+00    0.0268    0.0735    0.0253   -0.0174    0.0115    0.0073    0.0000    0.0000    0.0000  18.00
  19.00    2.7452E+00    0.0264    0.0768    0.0319   -0.0199    0.0118    0.0041    0.0000    0.0000    0.0000  19.00
  20.00    2.3030E+00    0.0262    0.0806    0.0394   -0.0227    0.0121    0.0004    0.0000    0.0000    0.0000  20.00
  21.00    1.9037E+00    0.0265    0.0848    0.0478   -0.0257    0.0122   -0.0040    0.0000    0.0000    0.0000  21.00
  22.00    1.5503E+00    0.0278    0.0897    0.0572   -0.0290    0.0120   -0.0092    0.0000    0.0000    0.0000  22.00
  23.00    1.2439E+00    0.0304    0.0955    0.0674   -0.0323    0.0115   -0.0155    0.0000    0.0000    0.0000  23.00
  24.00    9.8417E-01    0.0353    0.1021    0.0780   -0.0354    0.0104   -0.0229    0.0000    0.0000    0.0000  24.00
  25.00    7.6956E-01    0.0436    0.1097    0.0881   -0.0378    0.0084   -0.0315    0.0000    0.0000    0.0000  25.00
  26.00    5.9734E-01    0.0565    0.1177    0.0960   -0.0384    0.0052   -0.0409    0.0000    0.0000    0.0000  26.00
  27.00    4.6394E-01    0.0756    0.1249    0.0984   -0.0360    0.0001   -0.0504    0.0000    0.0000    0.0000  27.00
  28.00    3.6520E-01    0.1015    0.1290    0.0908   -0.0284   -0.0070   -0.0582    0.0000    0.0000    0.0000  28.00
  29.00    2.9659E-01    0.1327    0.1261    0.0682   -0.0141   -0.0163   -0.0613    0.0000    0.0000    0.0000  29.00
  30.00    2.5344E-01    0.1639    0.1125    0.0286    0.0070   -0.0265   -0.0569    0.0000    0.0000    0.0000  30.00
  31.00    2.3112E-01    0.1875    0.0871   -0.0236    0.0318   -0.0358   -0.0438    0.0000    0.0000    0.0000  31.00
  32.00    2.2521E-01    0.1972    0.0529   -0.0780    0.0553   -0.0423   -0.0246    0.0000    0.0000    0.0000  32.00
  33.00    2.3162E-01    0.1925    0.0158   -0.1242    0.0734   -0.0453   -0.0034    0.0000    0.0000    0.0000  33.00
  34.00    2.4669E-01    0.1771   -0.0197   -0.1575    0.0847   -0.0454    0.0159    0.0000    0.0000    0.0000  34.00
  35.00    2.6725E-01    0.1559   -0.0514   -0.1781    0.0901   -0.0438    0.0317    0.0000    0.0000    0.0000  35.00
  36.00    2.9063E-01    0.1325   -0.0794   -0.1887    0.0913   -0.0413    0.0437    0.0000    0.0000    0.0000  36.00
  37.00    3.1469E-01    0.1088   -0.1042   -0.1922    0.0898   -0.0386    0.0525    0.0000    0.0000    0.0000  37.00
  38.00    3.3776E-01    0.0857   -0.1269   -0.1908    0.0864   -0.0360    0.0587    0.0000    0.0000    0.0000  38.00
  39.00    3.5865E-01    0.0635   -0.1482   -0.1860    0.0819   -0.0337    0.0629    0.0000    0.0000    0.0000  39.00
  40.00    3.7658E-01    0.0423   -0.1685   -0.1786    0.0766   -0.0316    0.0655    0.0000    0.0000    0.0000  40.00
  41.00    3.9111E-01    0.0220   -0.1882   -0.1693    0.0707   -0.0299    0.0667    0.0000    0.0000    0.0000  41.00
  42.00    4.0210E-01    0.0024   -0.2073   -0.1583    0.0643   -0.0284    0.0669    0.0000    0.0000    0.0000  42.00
  43.00    4.0965E-01   -0.0165   -0.2258   -0.1458    0.0574   -0.0271    0.0661    0.0000    0.0000    0.0000  43.00
  44.00    4.1403E-01   -0.0347   -0.2434   -0.1317    0.0500   -0.0259    0.0643    0.0000    0.0000    0.0000  44.00
  45.00    4.1561E-01   -0.0522   -0.2599   -0.1162    0.0422   -0.0250    0.0615    0.0000    0.0000    0.0000  45.00
  46.00    4.1485E-01   -0.0688   -0.2748   -0.0993    0.0339   -0.0241    0.0579    0.0000    0.0000    0.0000  46.00
  47.00    4.1224E-01   -0.0843   -0.2877   -0.0811    0.0252   -0.0234    0.0535    0.0000    0.0000    0.0000  47.00
  48.00    4.0824E-01   -0.0986   -0.2981   -0.0617    0.0162   -0.0226    0.0482    0.0000    0.0000    0.0000  48.00
  49.00    4.0330E-01   -0.1115   -0.3056   -0.0415    0.0070   -0.0219    0.0422    0.0000    0.0000    0.0000  49.00
  50.00    3.9779E-01   -0.1227   -0.3097   -0.0207   -0.0023   -0.0212    0.0355    0.0000    0.0000    0.0000  50.00
  51.00    3.9204E-01   -0.1320   -0.3101    0.0003   -0.0115   -0.0205    0.0282    0.0000    0.0000    0.0000  51.00
  52.00    3.8628E-01   -0.1393   -0.3067    0.0211   -0.0204   -0.0198    0.0206    0.0000    0.0000    0.0000  52.00
  53.00    3.8069E-01   -0.1446   -0.2993    0.0412   -0.0288   -0.0190    0.0127    0.0000    0.0000    0.0000  53.00
  54.00    3.7536E-01   -0.1478   -0.2881    0.0602   -0.0365   -0.0182    0.0048    0.0000    0.0000    0.0000  54.00
  55.00    3.7032E-01   -0.1490   -0.2734    0.0777   -0.0434   -0.0174   -0.0029    0.0000    0.0000    0.0000  55.00
  56.00    3.6555E-01   -0.1484   -0.2555    0.0933   -0.0494   -0.0165   -0.0104    0.0000    0.0000    0.0000  56.00
  57.00    3.6098E-01   -0.1461   -0.2350    0.1067   -0.0542   -0.0157   -0.0174    0.0000    0.0000    0.0000  57.00
  58.00    3.5652E-01   -0.1425   -0.2125    0.1177   -0.0580   -0.0148   -0.0238    0.0000    0.0000    0.0000  58.00
  59.00    3.5204E-01   -0.1378   -0.1885    0.1263   -0.0606   -0.0139   -0.0295    0.0000    0.0000    0.0000  59.00
0Tot-sig   4.5976E+00
1DWUCK4-DISTORTED WAVES U.COLORADO- PC-VERSION  12/Jan /1995
 Elapsed time in seconds =   0.00
 Elapsed time in seconds =   0.00
0CONTROL INTEGERS
  1 2 3 4 5 6 7 8 9 A B C D E F G H I J K    RUN IDENTIFICATION                                             0/00/00   0.00.00
  9 0 0 0 0 0 0 0 0 0 0 0 0 0 0 0 0 0 0 0    END OF DATA for DWUCK4                                      
STOP  End of data
