1********************DWUCK4 AT YOUR SERVICE********************

 installed         Mon May 21 11:05:50 1990                
 today is          Sun Jan 25 22:23:32 2026




















                    *******************************************************
                    *                                                     *
                    * User     : calemhoffman                             *
                    * Directory: <- /Users/calemhoffman/Documents/GitHub/ *
                    * Input    : Standard Input                           *
                    * Output   : Standard Output                          *
                    *                                                     *
                    *******************************************************
1
0DWUCK4-DISTORTED WAVES U.COLORADO- PC-VERSION  12/Jan /1995
 Elapsed time in seconds =   0.00
 Elapsed time in seconds =   0.00
0CONTROL INTEGERS
  1 2 3 4 5 6 7 8 9 A B C D E F G H I J K    RUN IDENTIFICATION                                             0/00/00   0.00.00
  1 0 0 1 0 0 0 0 0 0 2 0 0 0 0 0 0 0 0 0    36S(d,p)@ 16MeV    1992 keV  1p3/2 bound QP                 
 36S(d,p)@ 16MeV    1992 keV  1p3/2 bound QP                 
 Adwck4 entered
0ANGLE DATA          THETN=  60.0000   THET1=   0.0000   DTHET=   1.0000   A-ANG=   0.0000   B-ANG=   0.0000
0CARD SET 3 DATA     LMAX =  30          LTR=   1
                     NLTR =   1        2*JTR=   3
0CARD SET 4 DATA     DRF  =   0.1000   RZ   =   0.0000   RMAX =  50.0000   VCE  =   0.0000   FNRNG=   0.0000
 PARTICLE DATA 
0PARTICLE 1*******************************************************************************************************************
 INPUT DATA          ELAB =  16.0000   RC0  =   1.1500   AC   =   0.0000   2*STR=   2.0000
                     MASSP=   2.0000   MASST=  36.0000   Q    =   0.0000
                     ZP   =   1.0000   ZT   =  16.0000   PNLOC=   0.0000
 
 DERIVED DATA        ECM  =  15.1579   RC   =   3.7972   RHO  =   4.4512
                     K    =   1.1722   ETA  =   0.8909   DR   =   0.1000
0POTENTIAL PARAMETERS
 NX=1 VOLUME  W-S    V RL = -87.1710   R0RL =   1.1500   A RL =   0.8100   R RL =   3.7972   VSOR =   0.0000
                     V IM =   0.0000   R0IM =   0.0000   A IM =   0.0000   R IM =   0.0000   VSOI =   0.0000   POWR =   0.0000
 NX=2 SURFACE W-S    V RL =   0.0000   R0RL =   0.0000   A RL =   0.0000   R RL =   0.0000   VSOR =   0.0000
                     V IM =  49.6130   R0IM =   1.3400   A IM =   0.6800   R IM =   4.4246   VSOI =   0.0000   POWR =   0.0000
 NX=4 L*S VOLUME     V RL =   0.0000   R0RL =   0.0000   A RL =   0.0000   R RL =   0.0000   VSOR =   0.0000
                     V IM =   0.0000   R0IM =   0.0000   A IM =   0.0000   R IM =   0.0000   VSOI =   0.0000   POWR =   0.0000
0PARTICLE 2*******************************************************************************************************************
 INPUT DATA          ELAB =  15.6569   RC0  =   1.2500   AC   =   0.0000   2*STR=   1.0000
                     MASSP=   1.0000   MASST=  37.0000   Q    =   0.0870
                     ZP   =   1.0000   ZT   =  16.0000   PNLOC=   0.0000
 
 DERIVED DATA        ECM  =  15.2449   RC   =   4.1653   RHO  =   3.5102
                     K    =   0.8427   ETA  =   0.6368   DR   =   0.0973
0POTENTIAL PARAMETERS
 NX=1 VOLUME  W-S    V RL = -50.0210   R0RL =   1.2500   A RL =   0.6500   R RL =   4.1653   VSOR =   0.0000
                     V IM =   0.0000   R0IM =   0.0000   A IM =   0.0000   R IM =   0.0000   VSOI =   0.0000   POWR =   0.0000
 NX=2 SURFACE W-S    V RL =   0.0000   R0RL =   0.0000   A RL =   0.0000   R RL =   0.0000   VSOR =   0.0000
                     V IM =  25.3800   R0IM =   1.2500   A IM =   0.4700   R IM =   4.1653   VSOI =   0.0000   POWR =   0.0000
 NX=4 L*S VOLUME     V RL = -30.0000   R0RL =   1.2500   A RL =   0.4700   R RL =   4.1653   VSOR =   0.0000
                     V IM =   0.0000   R0IM =   0.0000   A IM =   0.0000   R IM =   0.0000   VSOI =   0.0000   POWR =   0.0000
136S(d,p)@ 16MeV    1992 keV  1p3/2 bound QP                    0/ 0/ 0
0FORM FACTOR DATA 
0PARTICLE 3*******************************************************************************************************************
 INPUT DATA          ELAB =  -2.3120   RC0  =   1.3000   AC   =   0.0000   2*STR=   1.0000
                     MASSP=   1.0000   MASST=  36.0000   Q    =  -2.3120
                     ZP   =   0.0000   ZT   =  16.0000   PNLOC=   0.0000
 
 DERIVED DATA        ECM  =  -2.3120   RC   =   4.2925   RHO  =   1.4082
                     K    =   0.3281   ETA  =   0.0000   DR   =   0.1000
0POTENTIAL PARAMETERS
 NX=1 VOLUME  W-S    V RL =  -1.0000   R0RL =   1.2500   A RL =   0.6500   R RL =   4.1274   VSOR =  36.4390
                     V IM =   1.1000   R0IM =   0.6500   A IM =   0.0000   R IM =   2.1463   VSOI =   0.0000   POWR =   0.0000
 
                     NODES=   1.0000   L    =   1.0000   2*J  =   3.0000   2*S  =   1.0000   FISW =   0.0000
 
                     V    =  49.4373   DET  =  -0.0001   NODES=   1.0000   RM   =   5.8500   E    =  -2.3120   ITER.=   3
0                    LMAX =  30        NSTEP= 400        NLTR =   1
 Bdwck4 entered
   Subroutine INTEG  entered
0REACSIG 1   1.41906E+02                                             REACSIG 2   7.56588E+01
   Subroutine RADINT entered
136S(d,p)@ 16MeV    1992 keV  1p3/2 bound QP                    0/00/00
0BASIC DATA          DR   =   0.1000   RMIN =   0.0000   RMAX =  40.0000   COUEX=   0.0000     IS1=   1.0000
                     FNRNG=   0.0000   PNLC1=   0.0000   PNLC2=   0.0000   PNLC3=   0.0000     IS2=   0.5000
 ANG MOM TRANSFER    LTR  =   1.       2*JTR=   3.       2*STR=   1.       Q    =   0.0870
   Subroutine INSIG  entered
0 Theta Inelsig,fm**2      Polz       Asy       Ayy       A22       A21       A20       T22       T21       T20  Theta
   0.00    1.1703E+01    0.0000    0.0000   -0.0095    0.0000    0.0000    0.0141    0.0000    0.0000    0.0000   0.00
   1.00    1.1675E+01    0.0034    0.0036   -0.0095   -0.0000    0.0003    0.0140    0.0000    0.0000    0.0000   1.00
   2.00    1.1591E+01    0.0067    0.0071   -0.0093   -0.0001    0.0006    0.0140    0.0000    0.0000    0.0000   2.00
   3.00    1.1449E+01    0.0099    0.0107   -0.0090   -0.0002    0.0010    0.0139    0.0000    0.0000    0.0000   3.00
   4.00    1.1249E+01    0.0130    0.0142   -0.0087   -0.0004    0.0013    0.0137    0.0000    0.0000    0.0000   4.00
   5.00    1.0989E+01    0.0159    0.0176   -0.0081   -0.0006    0.0016    0.0135    0.0000    0.0000    0.0000   5.00
   6.00    1.0669E+01    0.0186    0.0210   -0.0075   -0.0009    0.0019    0.0132    0.0000    0.0000    0.0000   6.00
   7.00    1.0290E+01    0.0210    0.0244   -0.0066   -0.0012    0.0021    0.0129    0.0000    0.0000    0.0000   7.00
   8.00    9.8526E+00    0.0232    0.0277   -0.0056   -0.0017    0.0024    0.0125    0.0000    0.0000    0.0000   8.00
   9.00    9.3613E+00    0.0252    0.0310   -0.0043   -0.0022    0.0026    0.0121    0.0000    0.0000    0.0000   9.00
  10.00    8.8214E+00    0.0268    0.0342   -0.0028   -0.0029    0.0029    0.0116    0.0000    0.0000    0.0000  10.00
  11.00    8.2401E+00    0.0282    0.0375   -0.0010   -0.0036    0.0031    0.0109    0.0000    0.0000    0.0000  11.00
  12.00    7.6262E+00    0.0294    0.0407    0.0012   -0.0046    0.0033    0.0102    0.0000    0.0000    0.0000  12.00
  13.00    6.9899E+00    0.0303    0.0441    0.0038   -0.0057    0.0034    0.0093    0.0000    0.0000    0.0000  13.00
  14.00    6.3421E+00    0.0310    0.0475    0.0069   -0.0071    0.0036    0.0082    0.0000    0.0000    0.0000  14.00
  15.00    5.6940E+00    0.0316    0.0511    0.0106   -0.0087    0.0037    0.0069    0.0000    0.0000    0.0000  15.00
  16.00    5.0567E+00    0.0319    0.0549    0.0150   -0.0106    0.0037    0.0054    0.0000    0.0000    0.0000  16.00
  17.00    4.4405E+00    0.0323    0.0590    0.0203   -0.0129    0.0038    0.0035    0.0000    0.0000    0.0000  17.00
  18.00    3.8546E+00    0.0326    0.0637    0.0266   -0.0156    0.0037    0.0012    0.0000    0.0000    0.0000  18.00
  19.00    3.3069E+00    0.0332    0.0690    0.0340   -0.0187    0.0035   -0.0016    0.0000    0.0000    0.0000  19.00
  20.00    2.8035E+00    0.0341    0.0752    0.0429   -0.0225    0.0033   -0.0049    0.0000    0.0000    0.0000  20.00
  21.00    2.3487E+00    0.0357    0.0827    0.0533   -0.0268    0.0028   -0.0090    0.0000    0.0000    0.0000  21.00
  22.00    1.9451E+00    0.0386    0.0918    0.0655   -0.0319    0.0022   -0.0139    0.0000    0.0000    0.0000  22.00
  23.00    1.5936E+00    0.0432    0.1031    0.0796   -0.0376    0.0012   -0.0198    0.0000    0.0000    0.0000  23.00
  24.00    1.2934E+00    0.0506    0.1171    0.0955   -0.0440   -0.0001   -0.0266    0.0000    0.0000    0.0000  24.00
  25.00    1.0426E+00    0.0618    0.1344    0.1127   -0.0508   -0.0019   -0.0345    0.0000    0.0000    0.0000  25.00
  26.00    8.3799E-01    0.0784    0.1555    0.1302   -0.0574   -0.0043   -0.0429    0.0000    0.0000    0.0000  26.00
  27.00    6.7562E-01    0.1018    0.1801    0.1457   -0.0629   -0.0074   -0.0514    0.0000    0.0000    0.0000  27.00
  28.00    5.5097E-01    0.1328    0.2070    0.1558   -0.0658   -0.0111   -0.0586    0.0000    0.0000    0.0000  28.00
  29.00    4.5915E-01    0.1707    0.2332    0.1562   -0.0643   -0.0151   -0.0626    0.0000    0.0000    0.0000  29.00
  30.00    3.9522E-01    0.2124    0.2541    0.1427   -0.0570   -0.0191   -0.0615    0.0000    0.0000    0.0000  30.00
  31.00    3.5431E-01    0.2524    0.2647    0.1139   -0.0434   -0.0224   -0.0541    0.0000    0.0000    0.0000  31.00
  32.00    3.3180E-01    0.2843    0.2617    0.0722   -0.0248   -0.0244   -0.0407    0.0000    0.0000    0.0000  32.00
  33.00    3.2347E-01    0.3041    0.2454    0.0236   -0.0039   -0.0250   -0.0232    0.0000    0.0000    0.0000  33.00
  34.00    3.2557E-01    0.3109    0.2187   -0.0253    0.0165   -0.0243   -0.0041    0.0000    0.0000    0.0000  34.00
  35.00    3.3484E-01    0.3066    0.1858   -0.0696    0.0345   -0.0226    0.0144    0.0000    0.0000    0.0000  35.00
  36.00    3.4858E-01    0.2945    0.1502   -0.1066    0.0492   -0.0205    0.0308    0.0000    0.0000    0.0000  36.00
  37.00    3.6464E-01    0.2773    0.1144   -0.1360    0.0605   -0.0182    0.0447    0.0000    0.0000    0.0000  37.00
  38.00    3.8134E-01    0.2573    0.0797   -0.1581    0.0686   -0.0159    0.0561    0.0000    0.0000    0.0000  38.00
  39.00    3.9748E-01    0.2359    0.0468   -0.1737    0.0740   -0.0138    0.0650    0.0000    0.0000    0.0000  39.00
  40.00    4.1228E-01    0.2141    0.0159   -0.1838    0.0771   -0.0118    0.0717    0.0000    0.0000    0.0000  40.00
  41.00    4.2528E-01    0.1924   -0.0128   -0.1889    0.0781   -0.0100    0.0764    0.0000    0.0000    0.0000  41.00
  42.00    4.3632E-01    0.1712   -0.0391   -0.1895    0.0773   -0.0084    0.0792    0.0000    0.0000    0.0000  42.00
  43.00    4.4544E-01    0.1508   -0.0629   -0.1860    0.0748   -0.0069    0.0803    0.0000    0.0000    0.0000  43.00
  44.00    4.5285E-01    0.1316   -0.0838   -0.1786    0.0708   -0.0056    0.0796    0.0000    0.0000    0.0000  44.00
  45.00    4.5885E-01    0.1137   -0.1016   -0.1677    0.0654   -0.0044    0.0774    0.0000    0.0000    0.0000  45.00
  46.00    4.6380E-01    0.0975   -0.1158   -0.1533    0.0587   -0.0034    0.0735    0.0000    0.0000    0.0000  46.00
  47.00    4.6804E-01    0.0832   -0.1260   -0.1358    0.0508   -0.0025    0.0682    0.0000    0.0000    0.0000  47.00
  48.00    4.7192E-01    0.0712   -0.1320   -0.1156    0.0418   -0.0016    0.0615    0.0000    0.0000    0.0000  48.00
  49.00    4.7573E-01    0.0616   -0.1335   -0.0931    0.0321   -0.0009    0.0536    0.0000    0.0000    0.0000  49.00
  50.00    4.7967E-01    0.0546   -0.1305   -0.0689    0.0217   -0.0002    0.0447    0.0000    0.0000    0.0000  50.00
  51.00    4.8390E-01    0.0503   -0.1230   -0.0435    0.0111    0.0004    0.0350    0.0000    0.0000    0.0000  51.00
  52.00    4.8846E-01    0.0487   -0.1113   -0.0176    0.0003    0.0009    0.0248    0.0000    0.0000    0.0000  52.00
  53.00    4.9336E-01    0.0497   -0.0956    0.0082   -0.0103    0.0014    0.0143    0.0000    0.0000    0.0000  53.00
  54.00    4.9850E-01    0.0531   -0.0767    0.0334   -0.0206    0.0018    0.0038    0.0000    0.0000    0.0000  54.00
  55.00    5.0372E-01    0.0587   -0.0548    0.0576   -0.0303    0.0023   -0.0065    0.0000    0.0000    0.0000  55.00
  56.00    5.0885E-01    0.0663   -0.0308    0.0802   -0.0393    0.0027   -0.0165    0.0000    0.0000    0.0000  56.00
  57.00    5.1364E-01    0.0754   -0.0051    0.1012   -0.0476    0.0031   -0.0259    0.0000    0.0000    0.0000  57.00
  58.00    5.1784E-01    0.0859    0.0217    0.1201   -0.0549    0.0035   -0.0347    0.0000    0.0000    0.0000  58.00
  59.00    5.2120E-01    0.0973    0.0492    0.1371   -0.0614    0.0039   -0.0428    0.0000    0.0000    0.0000  59.00
0Tot-sig   5.8839E+00
1DWUCK4-DISTORTED WAVES U.COLORADO- PC-VERSION  12/Jan /1995
 Elapsed time in seconds =   0.00
 Elapsed time in seconds =   0.00
0CONTROL INTEGERS
  1 2 3 4 5 6 7 8 9 A B C D E F G H I J K    RUN IDENTIFICATION                                             0/00/00   0.00.00
  9 0 0 0 0 0 0 0 0 0 0 0 0 0 0 0 0 0 0 0    END OF DATA for DWUCK4                                      
STOP  End of data
