1********************DWUCK4 AT YOUR SERVICE********************

 installed         Mon May 21 11:05:50 1990                
 today is          Tue Jan 27 10:59:51 2026




















                    *******************************************************
                    *                                                     *
                    * User     : calemhoffman                             *
                    * Directory: <- /Users/calemhoffman/Documents/GitHub/ *
                    * Input    : Standard Input                           *
                    * Output   : Standard Output                          *
                    *                                                     *
                    *******************************************************
1
0DWUCK4-DISTORTED WAVES U.COLORADO- PC-VERSION  12/Jan /1995
 Elapsed time in seconds =   0.00
 Elapsed time in seconds =   0.00
0CONTROL INTEGERS
  1 2 3 4 5 6 7 8 9 A B C D E F G H I J K    RUN IDENTIFICATION                                             0/00/00   0.00.00
  1 0 0 1 0 0 0 0 0 0 2 0 0 0 0 0 0 0 0 0    36S(d,p)@4005keV L=1 J=1/2 1p1/2 AK                         
 36S(d,p)@4005keV L=1 J=1/2 1p1/2 AK                         
 Adwck4 entered
0ANGLE DATA          THETN=  60.0000   THET1=   0.0000   DTHET=   1.0000   A-ANG=   0.0000   B-ANG=   0.0000
0CARD SET 3 DATA     LMAX =  30          LTR=   1
                     NLTR =   1        2*JTR=   2
0CARD SET 4 DATA     DRF  =   0.1000   RZ   =   0.0000   RMAX =  50.0000   VCE  =   0.0000   FNRNG=   0.0000
 PARTICLE DATA 
0PARTICLE 1*******************************************************************************************************************
 INPUT DATA          ELAB =  16.0000   RC0  =   1.3030   AC   =   0.0000   2*STR=   0.0000
                     MASSP=   2.0000   MASST=  36.0000   Q    =   0.0000
                     ZP   =   1.0000   ZT   =  16.0000   PNLOC=   2.0000
 
 DERIVED DATA        ECM  =  15.1579   RC   =   4.3024   RHO  =   5.0434
                     K    =   1.1722   ETA  =   0.8909   DR   =   0.1000
0POTENTIAL PARAMETERS
 NX=1 VOLUME  W-S    V RL = -91.0070   R0RL =   1.1500   A RL =   0.7610   R RL =   3.7972   VSOR =   0.0000
                     V IM =  -2.0990   R0IM =   1.3350   A IM =   0.5250   R IM =   4.4081   VSOI =   0.0000   POWR =   0.0000
 NX=2 SURFACE W-S    V RL =   0.0000   R0RL =   0.0000   A RL =   0.0000   R RL =   0.0000   VSOR =   0.0000
                     V IM =  30.4410   R0IM =   1.3800   A IM =   0.7360   R IM =   4.5567   VSOI =   0.0000   POWR =   0.0000
 NX=4 L*S VOLUME     V RL = -14.2280   R0RL =   0.9720   A RL =   1.0110   R RL =   3.2095   VSOR =   0.0000
                     V IM =   0.0000   R0IM =   0.0000   A IM =   0.0000   R IM =   0.0000   VSOI =   0.0000   POWR =   0.0000
0PARTICLE 2*******************************************************************************************************************
 INPUT DATA          ELAB =  13.5895   RC0  =   1.2920   AC   =   0.0000   2*STR=   0.0000
                     MASSP=   1.0000   MASST=  37.0000   Q    =  -1.9260
                     ZP   =   1.0000   ZT   =  16.0000   PNLOC=   1.0000
 
 DERIVED DATA        ECM  =  13.2319   RC   =   4.3052   RHO  =   3.3801
                     K    =   0.7851   ETA  =   0.6835   DR   =   0.0973
0POTENTIAL PARAMETERS
 NX=1 VOLUME  W-S    V RL = -54.5890   R0RL =   1.1820   A RL =   0.6720   R RL =   3.9387   VSOR =   0.0000
                     V IM =  -1.1450   R0IM =   1.1820   A IM =   0.6720   R IM =   3.9387   VSOI =   0.0000   POWR =   0.0000
 NX=2 SURFACE W-S    V RL =   0.0000   R0RL =   0.0000   A RL =   0.0000   R RL =   0.0000   VSOR =   0.0000
                     V IM =  19.0020   R0IM =   1.2900   A IM =   0.5380   R IM =   4.2986   VSOI =   0.0000   POWR =   0.0000
 NX=4 L*S VOLUME     V RL = -22.1000   R0RL =   0.9910   A RL =   0.5900   R RL =   3.3022   VSOR =   0.0000
                     V IM =   0.2280   R0IM =   0.9910   A IM =   0.5900   R IM =   3.3022   VSOI =   0.0000   POWR =   0.0000
136S(d,p)@4005keV L=1 J=1/2 1p1/2 AK                            0/ 0/ 0
0FORM FACTOR DATA 
0PARTICLE 3*******************************************************************************************************************
 INPUT DATA          ELAB =  -0.2990   RC0  =   1.3000   AC   =   0.0000   2*STR=   0.0000
                     MASSP=   1.0000   MASST=  36.0000   Q    =  -0.2990
                     ZP   =   0.0000   ZT   =  16.0000   PNLOC=   1.0000
 
 DERIVED DATA        ECM  =  -0.2990   RC   =   4.2925   RHO  =   0.5064
                     K    =   0.1180   ETA  =   0.0000   DR   =   0.1000
0POTENTIAL PARAMETERS
 NX=1 VOLUME  W-S    V RL =  -1.0000   R0RL =   1.2500   A RL =   0.6500   R RL =   4.1274   VSOR =  36.4390
                     V IM =   1.1000   R0IM =   0.6500   A IM =   0.0000   R IM =   2.1463   VSOI =   0.0000   POWR =   0.0000
 
                     NODES=   1.0000   L    =   1.0000   2*J  =   2.0000   2*S  =   1.0000   FISW =   0.0000
 
                     V    =  46.9038   DET  =   0.0000   NODES=   1.0000   RM   =   6.3500   E    =  -0.2990   ITER.=   5
0Non-locality correction is applied, parameter =   2.000
0Non-locality correction is applied, parameter =   1.000
0                    LMAX =  30        NSTEP= 400        NLTR =   1
 Bdwck4 entered
   Subroutine INTEG  entered
0REACSIG 1   1.39730E+02                                             REACSIG 2   8.81987E+01
   Subroutine RADINT entered
136S(d,p)@4005keV L=1 J=1/2 1p1/2 AK                            0/00/00
0BASIC DATA          DR   =   0.1000   RMIN =   0.0000   RMAX =  40.0000   COUEX=   0.0000     IS1=   0.0000
                     FNRNG=   0.0000   PNLC1=   2.0000   PNLC2=   1.0000   PNLC3=   1.0000     IS2=   0.0000
 ANG MOM TRANSFER    LTR  =   1.       2*JTR=   2.       2*STR=   0.       Q    =  -1.9260
   Subroutine INSIG  entered
0 Theta Inelsig,fm**2      Polz       Asy       Ayy       A22       A21       A20       T22       T21       T20  Theta
   0.00    9.6300E+00    0.0000    0.0000    0.0000    0.0000    0.0000    0.0000    0.0000    0.0000    0.0000   0.00
   1.00    9.5965E+00    0.0000    0.0000    0.0000    0.0000    0.0000    0.0000    0.0000    0.0000    0.0000   1.00
   2.00    9.4953E+00    0.0000    0.0000    0.0000    0.0000    0.0000    0.0000    0.0000    0.0000    0.0000   2.00
   3.00    9.3250E+00    0.0000    0.0000    0.0000    0.0000    0.0000    0.0000    0.0000    0.0000    0.0000   3.00
   4.00    9.0839E+00    0.0000    0.0000    0.0000    0.0000    0.0000    0.0000    0.0000    0.0000    0.0000   4.00
   5.00    8.7717E+00    0.0000    0.0000    0.0000    0.0000    0.0000    0.0000    0.0000    0.0000    0.0000   5.00
   6.00    8.3908E+00    0.0000    0.0000    0.0000    0.0000    0.0000    0.0000    0.0000    0.0000    0.0000   6.00
   7.00    7.9471E+00    0.0000    0.0000    0.0000    0.0000    0.0000    0.0000    0.0000    0.0000    0.0000   7.00
   8.00    7.4511E+00    0.0000    0.0000    0.0000    0.0000    0.0000    0.0000    0.0000    0.0000    0.0000   8.00
   9.00    6.9176E+00    0.0000    0.0000    0.0000    0.0000    0.0000    0.0000    0.0000    0.0000    0.0000   9.00
  10.00    6.3641E+00    0.0000    0.0000    0.0000    0.0000    0.0000    0.0000    0.0000    0.0000    0.0000  10.00
  11.00    5.8095E+00    0.0000    0.0000    0.0000    0.0000    0.0000    0.0000    0.0000    0.0000    0.0000  11.00
  12.00    5.2718E+00    0.0000    0.0000    0.0000    0.0000    0.0000    0.0000    0.0000    0.0000    0.0000  12.00
  13.00    4.7658E+00    0.0000    0.0000    0.0000    0.0000    0.0000    0.0000    0.0000    0.0000    0.0000  13.00
  14.00    4.3016E+00    0.0000    0.0000    0.0000    0.0000    0.0000    0.0000    0.0000    0.0000    0.0000  14.00
  15.00    3.8838E+00    0.0000    0.0000    0.0000    0.0000    0.0000    0.0000    0.0000    0.0000    0.0000  15.00
  16.00    3.5117E+00    0.0000    0.0000    0.0000    0.0000    0.0000    0.0000    0.0000    0.0000    0.0000  16.00
  17.00    3.1805E+00    0.0000    0.0000    0.0000    0.0000    0.0000    0.0000    0.0000    0.0000    0.0000  17.00
  18.00    2.8830E+00    0.0000    0.0000    0.0000    0.0000    0.0000    0.0000    0.0000    0.0000    0.0000  18.00
  19.00    2.6121E+00    0.0000    0.0000    0.0000    0.0000    0.0000    0.0000    0.0000    0.0000    0.0000  19.00
  20.00    2.3625E+00    0.0000    0.0000    0.0000    0.0000    0.0000    0.0000    0.0000    0.0000    0.0000  20.00
  21.00    2.1315E+00    0.0000    0.0000    0.0000    0.0000    0.0000    0.0000    0.0000    0.0000    0.0000  21.00
  22.00    1.9196E+00    0.0000    0.0000    0.0000    0.0000    0.0000    0.0000    0.0000    0.0000    0.0000  22.00
  23.00    1.7292E+00    0.0000    0.0000    0.0000    0.0000    0.0000    0.0000    0.0000    0.0000    0.0000  23.00
  24.00    1.5631E+00    0.0000    0.0000    0.0000    0.0000    0.0000    0.0000    0.0000    0.0000    0.0000  24.00
  25.00    1.4229E+00    0.0000    0.0000    0.0000    0.0000    0.0000    0.0000    0.0000    0.0000    0.0000  25.00
  26.00    1.3084E+00    0.0000    0.0000    0.0000    0.0000    0.0000    0.0000    0.0000    0.0000    0.0000  26.00
  27.00    1.2171E+00    0.0000    0.0000    0.0000    0.0000    0.0000    0.0000    0.0000    0.0000    0.0000  27.00
  28.00    1.1446E+00    0.0000    0.0000    0.0000    0.0000    0.0000    0.0000    0.0000    0.0000    0.0000  28.00
  29.00    1.0855E+00    0.0000    0.0000    0.0000    0.0000    0.0000    0.0000    0.0000    0.0000    0.0000  29.00
  30.00    1.0346E+00    0.0000    0.0000    0.0000    0.0000    0.0000    0.0000    0.0000    0.0000    0.0000  30.00
  31.00    9.8732E-01    0.0000    0.0000    0.0000    0.0000    0.0000    0.0000    0.0000    0.0000    0.0000  31.00
  32.00    9.4064E-01    0.0000    0.0000    0.0000    0.0000    0.0000    0.0000    0.0000    0.0000    0.0000  32.00
  33.00    8.9300E-01    0.0000    0.0000    0.0000    0.0000    0.0000    0.0000    0.0000    0.0000    0.0000  33.00
  34.00    8.4426E-01    0.0000    0.0000    0.0000    0.0000    0.0000    0.0000    0.0000    0.0000    0.0000  34.00
  35.00    7.9530E-01    0.0000    0.0000    0.0000    0.0000    0.0000    0.0000    0.0000    0.0000    0.0000  35.00
  36.00    7.4732E-01    0.0000    0.0000    0.0000    0.0000    0.0000    0.0000    0.0000    0.0000    0.0000  36.00
  37.00    7.0127E-01    0.0000    0.0000    0.0000    0.0000    0.0000    0.0000    0.0000    0.0000    0.0000  37.00
  38.00    6.5749E-01    0.0000    0.0000    0.0000    0.0000    0.0000    0.0000    0.0000    0.0000    0.0000  38.00
  39.00    6.1566E-01    0.0000    0.0000    0.0000    0.0000    0.0000    0.0000    0.0000    0.0000    0.0000  39.00
  40.00    5.7511E-01    0.0000    0.0000    0.0000    0.0000    0.0000    0.0000    0.0000    0.0000    0.0000  40.00
  41.00    5.3527E-01    0.0000    0.0000    0.0000    0.0000    0.0000    0.0000    0.0000    0.0000    0.0000  41.00
  42.00    4.9600E-01    0.0000    0.0000    0.0000    0.0000    0.0000    0.0000    0.0000    0.0000    0.0000  42.00
  43.00    4.5775E-01    0.0000    0.0000    0.0000    0.0000    0.0000    0.0000    0.0000    0.0000    0.0000  43.00
  44.00    4.2146E-01    0.0000    0.0000    0.0000    0.0000    0.0000    0.0000    0.0000    0.0000    0.0000  44.00
  45.00    3.8824E-01    0.0000    0.0000    0.0000    0.0000    0.0000    0.0000    0.0000    0.0000    0.0000  45.00
  46.00    3.5909E-01    0.0000    0.0000    0.0000    0.0000    0.0000    0.0000    0.0000    0.0000    0.0000  46.00
  47.00    3.3464E-01    0.0000    0.0000    0.0000    0.0000    0.0000    0.0000    0.0000    0.0000    0.0000  47.00
  48.00    3.1498E-01    0.0000    0.0000    0.0000    0.0000    0.0000    0.0000    0.0000    0.0000    0.0000  48.00
  49.00    2.9967E-01    0.0000    0.0000    0.0000    0.0000    0.0000    0.0000    0.0000    0.0000    0.0000  49.00
  50.00    2.8782E-01    0.0000    0.0000    0.0000    0.0000    0.0000    0.0000    0.0000    0.0000    0.0000  50.00
  51.00    2.7834E-01    0.0000    0.0000    0.0000    0.0000    0.0000    0.0000    0.0000    0.0000    0.0000  51.00
  52.00    2.7017E-01    0.0000    0.0000    0.0000    0.0000    0.0000    0.0000    0.0000    0.0000    0.0000  52.00
  53.00    2.6260E-01    0.0000    0.0000    0.0000    0.0000    0.0000    0.0000    0.0000    0.0000    0.0000  53.00
  54.00    2.5541E-01    0.0000    0.0000    0.0000    0.0000    0.0000    0.0000    0.0000    0.0000    0.0000  54.00
  55.00    2.4881E-01    0.0000    0.0000    0.0000    0.0000    0.0000    0.0000    0.0000    0.0000    0.0000  55.00
  56.00    2.4333E-01    0.0000    0.0000    0.0000    0.0000    0.0000    0.0000    0.0000    0.0000    0.0000  56.00
  57.00    2.3947E-01    0.0000    0.0000    0.0000    0.0000    0.0000    0.0000    0.0000    0.0000    0.0000  57.00
  58.00    2.3755E-01    0.0000    0.0000    0.0000    0.0000    0.0000    0.0000    0.0000    0.0000    0.0000  58.00
  59.00    2.3758E-01    0.0000    0.0000    0.0000    0.0000    0.0000    0.0000    0.0000    0.0000    0.0000  59.00
0Tot-sig   4.6493E+00
1DWUCK4-DISTORTED WAVES U.COLORADO- PC-VERSION  12/Jan /1995
 Elapsed time in seconds =   0.00
 Elapsed time in seconds =   0.00
0CONTROL INTEGERS
  1 2 3 4 5 6 7 8 9 A B C D E F G H I J K    RUN IDENTIFICATION                                             0/00/00   0.00.00
  9 0 0 0 0 0 0 0 0 0 0 0 0 0 0 0 0 0 0 0    END OF DATA for DWUCK4                                      

STDERR:
STOP  End of data
