1********************DWUCK4 AT YOUR SERVICE********************

 installed         Mon May 21 11:05:50 1990                
 today is          Wed Jan 21 22:21:34 2026




















                    *******************************************************
                    *                                                     *
                    * User     : calemhoffman                             *
                    * Directory: <- /Users/calemhoffman/Documents/GitHub/ *
                    * Input    : Standard Input                           *
                    * Output   : Standard Output                          *
                    *                                                     *
                    *******************************************************
1
0DWUCK4-DISTORTED WAVES U.COLORADO- PC-VERSION  12/Jan /1995
 Elapsed time in seconds =   0.00
 Elapsed time in seconds =   0.00
0CONTROL INTEGERS
  1 2 3 4 5 6 7 8 9 A B C D E F G H I J K    RUN IDENTIFICATION                                             0/00/00   0.00.00
  1 0 0 1 0 0 0 0 0 0 2 0 0 0 0 0 0 0 0 0    36S(d,p)@ 16MeV    0 keV  0f7/2 bound QP                    
 36S(d,p)@ 16MeV    0 keV  0f7/2 bound QP                    
 Adwck4 entered
0ANGLE DATA          THETN=  90.0000   THET1=   0.0000   DTHET=   1.0000   A-ANG=   0.0000   B-ANG=   0.0000
0CARD SET 3 DATA     LMAX =  30          LTR=   3
                     NLTR =   1        2*JTR=   7
0CARD SET 4 DATA     DRF  =   0.1000   RZ   =   0.0000   RMAX =  50.0000   VCE  =   0.0000   FNRNG=   0.0000
 PARTICLE DATA 
0PARTICLE 1*******************************************************************************************************************
 INPUT DATA          ELAB =  16.0000   RC0  =   1.1500   AC   =   0.0000   2*STR=   2.0000
                     MASSP=   2.0000   MASST=  36.0000   Q    =   0.0000
                     ZP   =   1.0000   ZT   =  16.0000   PNLOC=   0.0000
 
 DERIVED DATA        ECM  =  15.1579   RC   =   3.7972   RHO  =   4.4512
                     K    =   1.1722   ETA  =   0.8909   DR   =   0.1000
0POTENTIAL PARAMETERS
 NX=1 VOLUME  W-S    V RL = -87.1710   R0RL =   1.1500   A RL =   0.8100   R RL =   3.7972   VSOR =   0.0000
                     V IM =   0.0000   R0IM =   0.0000   A IM =   0.0000   R IM =   0.0000   VSOI =   0.0000   POWR =   0.0000
 NX=2 SURFACE W-S    V RL =   0.0000   R0RL =   0.0000   A RL =   0.0000   R RL =   0.0000   VSOR =   0.0000
                     V IM =  18.2400   R0IM =   1.3400   A IM =   0.6800   R IM =   4.4246   VSOI =   0.0000   POWR =   0.0000
 NX=4 L*S VOLUME     V RL =   0.0000   R0RL =   0.0000   A RL =   0.0000   R RL =   0.0000   VSOR =   0.0000
                     V IM =   0.0000   R0IM =   0.0000   A IM =   0.0000   R IM =   0.0000   VSOI =   0.0000   POWR =   0.0000
0PARTICLE 2*******************************************************************************************************************
 INPUT DATA          ELAB =  17.7028   RC0  =   1.2500   AC   =   0.0000   2*STR=   1.0000
                     MASSP=   1.0000   MASST=  37.0000   Q    =   2.0790
                     ZP   =   1.0000   ZT   =  16.0000   PNLOC=   0.0000
 
 DERIVED DATA        ECM  =  17.2369   RC   =   4.1653   RHO  =   3.7325
                     K    =   0.8961   ETA  =   0.5989   DR   =   0.0973
0POTENTIAL PARAMETERS
 NX=1 VOLUME  W-S    V RL = -48.9260   R0RL =   1.2500   A RL =   0.6500   R RL =   4.1653   VSOR =   0.0000
                     V IM =   0.0000   R0IM =   0.0000   A IM =   0.0000   R IM =   0.0000   VSOI =   0.0000   POWR =   0.0000
 NX=2 SURFACE W-S    V RL =   0.0000   R0RL =   0.0000   A RL =   0.0000   R RL =   0.0000   VSOR =   0.0000
                     V IM =  13.5000   R0IM =   1.2500   A IM =   0.4700   R IM =   4.1653   VSOI =   0.0000   POWR =   0.0000
 NX=4 L*S VOLUME     V RL =  -7.5000   R0RL =   1.2500   A RL =   0.4700   R RL =   4.1653   VSOR =   0.0000
                     V IM =   0.0000   R0IM =   0.0000   A IM =   0.0000   R IM =   0.0000   VSOI =   0.0000   POWR =   0.0000
136S(d,p)@ 16MeV    0 keV  0f7/2 bound QP                       0/ 0/ 0
0FORM FACTOR DATA 
0PARTICLE 3*******************************************************************************************************************
 INPUT DATA          ELAB =  -4.3040   RC0  =   1.3000   AC   =   0.0000   2*STR=   1.0000
                     MASSP=   1.0000   MASST=  36.0000   Q    =  -4.3040
                     ZP   =   0.0000   ZT   =  16.0000   PNLOC=   0.0000
 
 DERIVED DATA        ECM  =  -4.3040   RC   =   4.2925   RHO  =   1.9214
                     K    =   0.4476   ETA  =   0.0000   DR   =   0.1000
0POTENTIAL PARAMETERS
 NX=1 VOLUME  W-S    V RL =  -1.0000   R0RL =   1.2500   A RL =   0.6500   R RL =   4.1274   VSOR =   6.0000
                     V IM =   1.1000   R0IM =   0.6500   A IM =   0.0000   R IM =   2.1463   VSOI =   0.0000   POWR =   0.0000
 
                     NODES=   0.0000   L    =   3.0000   2*J  =   7.0000   2*S  =   1.0000   FISW =   0.0000
 
                     V    =  53.4202   DET  =  -0.0001   NODES=   0.0000   RM   =   4.7500   E    =  -4.3040   ITER.=   5
0                    LMAX =  30        NSTEP= 400        NLTR =   1
 Bdwck4 entered
   Subroutine INTEG  entered
0REACSIG 1   1.14646E+02                                             REACSIG 2   5.93546E+01
   Subroutine RADINT entered
136S(d,p)@ 16MeV    0 keV  0f7/2 bound QP                       0/00/00
0BASIC DATA          DR   =   0.1000   RMIN =   0.0000   RMAX =  40.0000   COUEX=   0.0000     IS1=   1.0000
                     FNRNG=   0.0000   PNLC1=   0.0000   PNLC2=   0.0000   PNLC3=   0.0000     IS2=   0.5000
 ANG MOM TRANSFER    LTR  =   3.       2*JTR=   7.       2*STR=   1.       Q    =   2.0790
   Subroutine INSIG  entered
0 Theta Inelsig,fm**2      Polz       Asy       Ayy       A22       A21       A20       T22       T21       T20  Theta
   0.00    5.2951E-01    0.0000    0.0000   -0.1632    0.0000    0.0000    0.2312    0.0000    0.0000    0.0000   0.00
   1.00    5.3596E-01    0.0081    0.0505   -0.1603   -0.0003   -0.0063    0.2277    0.0000    0.0000    0.0000   1.00
   2.00    5.5524E-01    0.0151    0.0964   -0.1519   -0.0010   -0.0121    0.2179    0.0000    0.0000    0.0000   2.00
   3.00    5.8708E-01    0.0201    0.1342   -0.1393   -0.0023   -0.0171    0.2030    0.0000    0.0000    0.0000   3.00
   4.00    6.3103E-01    0.0228    0.1621   -0.1239   -0.0038   -0.0210    0.1849    0.0000    0.0000    0.0000   4.00
   5.00    6.8652E-01    0.0231    0.1801   -0.1070   -0.0055   -0.0238    0.1652    0.0000    0.0000    0.0000   5.00
   6.00    7.5280E-01    0.0215    0.1893   -0.0898   -0.0073   -0.0256    0.1454    0.0000    0.0000    0.0000   6.00
   7.00    8.2899E-01    0.0183    0.1914   -0.0732   -0.0092   -0.0265    0.1264    0.0000    0.0000    0.0000   7.00
   8.00    9.1411E-01    0.0140    0.1882   -0.0574   -0.0110   -0.0269    0.1088    0.0000    0.0000    0.0000   8.00
   9.00    1.0070E+00    0.0092    0.1814   -0.0429   -0.0129   -0.0267    0.0928    0.0000    0.0000    0.0000   9.00
  10.00    1.1066E+00    0.0041    0.1723   -0.0295   -0.0147   -0.0263    0.0784    0.0000    0.0000    0.0000  10.00
  11.00    1.2115E+00   -0.0009    0.1622   -0.0173   -0.0166   -0.0256    0.0655    0.0000    0.0000    0.0000  11.00
  12.00    1.3204E+00   -0.0055    0.1518   -0.0061   -0.0183   -0.0247    0.0541    0.0000    0.0000    0.0000  12.00
  13.00    1.4320E+00   -0.0097    0.1417    0.0041   -0.0201   -0.0238    0.0440    0.0000    0.0000    0.0000  13.00
  14.00    1.5447E+00   -0.0132    0.1325    0.0135   -0.0219   -0.0228    0.0350    0.0000    0.0000    0.0000  14.00
  15.00    1.6572E+00   -0.0159    0.1243    0.0222   -0.0236   -0.0218    0.0269    0.0000    0.0000    0.0000  15.00
  16.00    1.7680E+00   -0.0179    0.1175    0.0303   -0.0253   -0.0208    0.0197    0.0000    0.0000    0.0000  16.00
  17.00    1.8757E+00   -0.0190    0.1121    0.0379   -0.0270   -0.0199    0.0132    0.0000    0.0000    0.0000  17.00
  18.00    1.9789E+00   -0.0193    0.1082    0.0450   -0.0288   -0.0189    0.0073    0.0000    0.0000    0.0000  18.00
  19.00    2.0763E+00   -0.0186    0.1059    0.0518   -0.0305   -0.0180    0.0020    0.0000    0.0000    0.0000  19.00
  20.00    2.1668E+00   -0.0170    0.1051    0.0583   -0.0322   -0.0172   -0.0030    0.0000    0.0000    0.0000  20.00
  21.00    2.2492E+00   -0.0145    0.1059    0.0645   -0.0339   -0.0163   -0.0075    0.0000    0.0000    0.0000  21.00
  22.00    2.3227E+00   -0.0111    0.1082    0.0705   -0.0357   -0.0155   -0.0118    0.0000    0.0000    0.0000  22.00
  23.00    2.3864E+00   -0.0068    0.1120    0.0764   -0.0374   -0.0148   -0.0157    0.0000    0.0000    0.0000  23.00
  24.00    2.4400E+00   -0.0016    0.1173    0.0821   -0.0392   -0.0141   -0.0194    0.0000    0.0000    0.0000  24.00
  25.00    2.4829E+00    0.0046    0.1239    0.0876   -0.0410   -0.0134   -0.0229    0.0000    0.0000    0.0000  25.00
  26.00    2.5152E+00    0.0117    0.1319    0.0931   -0.0427   -0.0127   -0.0263    0.0000    0.0000    0.0000  26.00
  27.00    2.5367E+00    0.0196    0.1413    0.0984   -0.0445   -0.0120   -0.0295    0.0000    0.0000    0.0000  27.00
  28.00    2.5479E+00    0.0285    0.1519    0.1037   -0.0463   -0.0114   -0.0326    0.0000    0.0000    0.0000  28.00
  29.00    2.5492E+00    0.0383    0.1637    0.1088   -0.0481   -0.0108   -0.0355    0.0000    0.0000    0.0000  29.00
  30.00    2.5411E+00    0.0490    0.1767    0.1139   -0.0498   -0.0102   -0.0383    0.0000    0.0000    0.0000  30.00
  31.00    2.5245E+00    0.0605    0.1908    0.1188   -0.0516   -0.0095   -0.0411    0.0000    0.0000    0.0000  31.00
  32.00    2.5003E+00    0.0729    0.2059    0.1236   -0.0532   -0.0089   -0.0437    0.0000    0.0000    0.0000  32.00
  33.00    2.4695E+00    0.0860    0.2220    0.1281   -0.0549   -0.0083   -0.0462    0.0000    0.0000    0.0000  33.00
  34.00    2.4331E+00    0.0999    0.2388    0.1325   -0.0564   -0.0077   -0.0486    0.0000    0.0000    0.0000  34.00
  35.00    2.3922E+00    0.1144    0.2564    0.1366   -0.0578   -0.0071   -0.0508    0.0000    0.0000    0.0000  35.00
  36.00    2.3479E+00    0.1295    0.2745    0.1404   -0.0592   -0.0064   -0.0530    0.0000    0.0000    0.0000  36.00
  37.00    2.3014E+00    0.1450    0.2929    0.1438   -0.0604   -0.0058   -0.0549    0.0000    0.0000    0.0000  37.00
  38.00    2.2536E+00    0.1607    0.3115    0.1468   -0.0614   -0.0051   -0.0567    0.0000    0.0000    0.0000  38.00
  39.00    2.2055E+00    0.1766    0.3300    0.1494   -0.0622   -0.0044   -0.0583    0.0000    0.0000    0.0000  39.00
  40.00    2.1581E+00    0.1924    0.3483    0.1514   -0.0628   -0.0038   -0.0596    0.0000    0.0000    0.0000  40.00
  41.00    2.1120E+00    0.2078    0.3659    0.1529   -0.0632   -0.0031   -0.0607    0.0000    0.0000    0.0000  41.00
  42.00    2.0680E+00    0.2228    0.3828    0.1538   -0.0634   -0.0024   -0.0616    0.0000    0.0000    0.0000  42.00
  43.00    2.0267E+00    0.2370    0.3986    0.1540   -0.0633   -0.0017   -0.0622    0.0000    0.0000    0.0000  43.00
  44.00    1.9884E+00    0.2503    0.4131    0.1537   -0.0629   -0.0010   -0.0625    0.0000    0.0000    0.0000  44.00
  45.00    1.9535E+00    0.2625    0.4260    0.1527   -0.0623   -0.0003   -0.0626    0.0000    0.0000    0.0000  45.00
  46.00    1.9223E+00    0.2732    0.4372    0.1512   -0.0615    0.0003   -0.0624    0.0000    0.0000    0.0000  46.00
  47.00    1.8949E+00    0.2825    0.4466    0.1491   -0.0605    0.0009   -0.0619    0.0000    0.0000    0.0000  47.00
  48.00    1.8712E+00    0.2902    0.4540    0.1465   -0.0593    0.0015   -0.0613    0.0000    0.0000    0.0000  48.00
  49.00    1.8511E+00    0.2963    0.4595    0.1435   -0.0580    0.0021   -0.0604    0.0000    0.0000    0.0000  49.00
  50.00    1.8347E+00    0.3007    0.4630    0.1402   -0.0565    0.0026   -0.0593    0.0000    0.0000    0.0000  50.00
  51.00    1.8216E+00    0.3034    0.4647    0.1367   -0.0549    0.0031   -0.0581    0.0000    0.0000    0.0000  51.00
  52.00    1.8115E+00    0.3045    0.4646    0.1330   -0.0534    0.0035   -0.0568    0.0000    0.0000    0.0000  52.00
  53.00    1.8042E+00    0.3042    0.4630    0.1293   -0.0518    0.0039   -0.0554    0.0000    0.0000    0.0000  53.00
  54.00    1.7993E+00    0.3026    0.4600    0.1256   -0.0502    0.0042   -0.0539    0.0000    0.0000    0.0000  54.00
  55.00    1.7965E+00    0.2998    0.4558    0.1219   -0.0487    0.0045   -0.0525    0.0000    0.0000    0.0000  55.00
  56.00    1.7955E+00    0.2960    0.4508    0.1184   -0.0473    0.0048   -0.0511    0.0000    0.0000    0.0000  56.00
  57.00    1.7957E+00    0.2915    0.4450    0.1151   -0.0459    0.0050   -0.0496    0.0000    0.0000    0.0000  57.00
  58.00    1.7970E+00    0.2863    0.4389    0.1120   -0.0447    0.0052   -0.0483    0.0000    0.0000    0.0000  58.00
  59.00    1.7990E+00    0.2807    0.4325    0.1092   -0.0436    0.0054   -0.0470    0.0000    0.0000    0.0000  59.00
  60.00    1.8013E+00    0.2748    0.4261    0.1066   -0.0426    0.0055   -0.0458    0.0000    0.0000    0.0000  60.00
  61.00    1.8036E+00    0.2688    0.4199    0.1042   -0.0417    0.0057   -0.0446    0.0000    0.0000    0.0000  61.00
  62.00    1.8058E+00    0.2629    0.4141    0.1021   -0.0409    0.0058   -0.0435    0.0000    0.0000    0.0000  62.00
  63.00    1.8076E+00    0.2571    0.4087    0.1002   -0.0403    0.0059   -0.0425    0.0000    0.0000    0.0000  63.00
  64.00    1.8087E+00    0.2517    0.4040    0.0986   -0.0397    0.0061   -0.0416    0.0000    0.0000    0.0000  64.00
  65.00    1.8091E+00    0.2466    0.4001    0.0970   -0.0392    0.0062   -0.0407    0.0000    0.0000    0.0000  65.00
  66.00    1.8087E+00    0.2420    0.3969    0.0956   -0.0387    0.0064   -0.0398    0.0000    0.0000    0.0000  66.00
  67.00    1.8073E+00    0.2379    0.3946    0.0943   -0.0383    0.0066   -0.0390    0.0000    0.0000    0.0000  67.00
  68.00    1.8050E+00    0.2344    0.3933    0.0931   -0.0379    0.0068   -0.0382    0.0000    0.0000    0.0000  68.00
  69.00    1.8016E+00    0.2315    0.3929    0.0918   -0.0375    0.0070   -0.0374    0.0000    0.0000    0.0000  69.00
  70.00    1.7973E+00    0.2293    0.3935    0.0905   -0.0371    0.0072   -0.0365    0.0000    0.0000    0.0000  70.00
  71.00    1.7921E+00    0.2277    0.3949    0.0891   -0.0366    0.0075   -0.0357    0.0000    0.0000    0.0000  71.00
  72.00    1.7861E+00    0.2267    0.3973    0.0876   -0.0361    0.0078   -0.0348    0.0000    0.0000    0.0000  72.00
  73.00    1.7794E+00    0.2264    0.4005    0.0859   -0.0355    0.0081   -0.0338    0.0000    0.0000    0.0000  73.00
  74.00    1.7722E+00    0.2267    0.4044    0.0840   -0.0349    0.0084   -0.0327    0.0000    0.0000    0.0000  74.00
  75.00    1.7644E+00    0.2275    0.4090    0.0820   -0.0341    0.0088   -0.0316    0.0000    0.0000    0.0000  75.00
  76.00    1.7565E+00    0.2288    0.4141    0.0796   -0.0333    0.0091   -0.0304    0.0000    0.0000    0.0000  76.00
  77.00    1.7484E+00    0.2305    0.4197    0.0771   -0.0324    0.0095   -0.0291    0.0000    0.0000    0.0000  77.00
  78.00    1.7403E+00    0.2325    0.4255    0.0743   -0.0313    0.0099   -0.0277    0.0000    0.0000    0.0000  78.00
  79.00    1.7325E+00    0.2348    0.4315    0.0712   -0.0301    0.0103   -0.0263    0.0000    0.0000    0.0000  79.00
  80.00    1.7250E+00    0.2373    0.4375    0.0679   -0.0289    0.0106   -0.0247    0.0000    0.0000    0.0000  80.00
  81.00    1.7180E+00    0.2398    0.4433    0.0644   -0.0275    0.0110   -0.0230    0.0000    0.0000    0.0000  81.00
  82.00    1.7117E+00    0.2424    0.4488    0.0606   -0.0260    0.0114   -0.0213    0.0000    0.0000    0.0000  82.00
  83.00    1.7061E+00    0.2448    0.4538    0.0567   -0.0245    0.0117   -0.0196    0.0000    0.0000    0.0000  83.00
  84.00    1.7014E+00    0.2470    0.4583    0.0527   -0.0229    0.0120   -0.0177    0.0000    0.0000    0.0000  84.00
  85.00    1.6976E+00    0.2489    0.4621    0.0486   -0.0213    0.0123   -0.0159    0.0000    0.0000    0.0000  85.00
  86.00    1.6947E+00    0.2504    0.4652    0.0445   -0.0197    0.0125   -0.0141    0.0000    0.0000    0.0000  86.00
  87.00    1.6927E+00    0.2516    0.4673    0.0404   -0.0181    0.0127   -0.0123    0.0000    0.0000    0.0000  87.00
  88.00    1.6916E+00    0.2523    0.4686    0.0363   -0.0165    0.0129   -0.0105    0.0000    0.0000    0.0000  88.00
  89.00    1.6915E+00    0.2524    0.4690    0.0324   -0.0149    0.0130   -0.0087    0.0000    0.0000    0.0000  89.00
0Tot-sig   2.3212E+01
1DWUCK4-DISTORTED WAVES U.COLORADO- PC-VERSION  12/Jan /1995
 Elapsed time in seconds =   0.00
 Elapsed time in seconds =   0.00
0CONTROL INTEGERS
  1 2 3 4 5 6 7 8 9 A B C D E F G H I J K    RUN IDENTIFICATION                                             0/00/00   0.00.00
  9 0 0 0 0 0 0 0 0 0 0 0 0 0 0 0 0 0 0 0    END OF DATA for DWUCK4                                      
STOP  End of data
