1********************DWUCK4 AT YOUR SERVICE********************

 installed         Mon May 21 11:05:50 1990                
 today is          Sat Jan 24 23:15:17 2026




















                    *******************************************************
                    *                                                     *
                    * User     : calemhoffman                             *
                    * Directory: <- /Users/calemhoffman/Documents/GitHub/ *
                    * Input    : Standard Input                           *
                    * Output   : Standard Output                          *
                    *                                                     *
                    *******************************************************
1
0DWUCK4-DISTORTED WAVES U.COLORADO- PC-VERSION  12/Jan /1995
 Elapsed time in seconds =   0.00
 Elapsed time in seconds =   0.00
0CONTROL INTEGERS
  1 2 3 4 5 6 7 8 9 A B C D E F G H I J K    RUN IDENTIFICATION                                             0/00/00   0.00.00
  1 0 0 1 0 0 0 0 0 0 2 0 0 0 0 0 0 0 0 0    36S(d,p)@ 16MeV    645 keV  1p3/2 bound QP                  
 36S(d,p)@ 16MeV    645 keV  1p3/2 bound QP                  
 Adwck4 entered
0ANGLE DATA          THETN=  60.0000   THET1=   0.0000   DTHET=   1.0000   A-ANG=   0.0000   B-ANG=   0.0000
0CARD SET 3 DATA     LMAX =  30          LTR=   1
                     NLTR =   1        2*JTR=   3
0CARD SET 4 DATA     DRF  =   0.1000   RZ   =   0.0000   RMAX =  50.0000   VCE  =   0.0000   FNRNG=   0.0000
 PARTICLE DATA 
0PARTICLE 1*******************************************************************************************************************
 INPUT DATA          ELAB =  16.0000   RC0  =   1.1500   AC   =   0.0000   2*STR=   2.0000
                     MASSP=   2.0000   MASST=  36.0000   Q    =   0.0000
                     ZP   =   1.0000   ZT   =  16.0000   PNLOC=   0.0000
 
 DERIVED DATA        ECM  =  15.1579   RC   =   3.7972   RHO  =   4.4512
                     K    =   1.1722   ETA  =   0.8909   DR   =   0.1000
0POTENTIAL PARAMETERS
 NX=1 VOLUME  W-S    V RL = -87.1710   R0RL =   1.1500   A RL =   0.8100   R RL =   3.7972   VSOR =   0.0000
                     V IM =   0.0000   R0IM =   0.0000   A IM =   0.0000   R IM =   0.0000   VSOI =   0.0000   POWR =   0.0000
 NX=2 SURFACE W-S    V RL =   0.0000   R0RL =   0.0000   A RL =   0.0000   R RL =   0.0000   VSOR =   0.0000
                     V IM =  49.6130   R0IM =   1.3400   A IM =   0.6800   R IM =   4.4246   VSOI =   0.0000   POWR =   0.0000
 NX=4 L*S VOLUME     V RL =   0.0000   R0RL =   0.0000   A RL =   0.0000   R RL =   0.0000   VSOR =   0.0000
                     V IM =   0.0000   R0IM =   0.0000   A IM =   0.0000   R IM =   0.0000   VSOI =   0.0000   POWR =   0.0000
0PARTICLE 2*******************************************************************************************************************
 INPUT DATA          ELAB =  17.0403   RC0  =   1.2500   AC   =   0.0000   2*STR=   1.0000
                     MASSP=   1.0000   MASST=  37.0000   Q    =   1.4340
                     ZP   =   1.0000   ZT   =  16.0000   PNLOC=   0.0000
 
 DERIVED DATA        ECM  =  16.5919   RC   =   4.1653   RHO  =   3.6620
                     K    =   0.8792   ETA  =   0.6104   DR   =   0.0973
0POTENTIAL PARAMETERS
 NX=1 VOLUME  W-S    V RL = -49.2810   R0RL =   1.2500   A RL =   0.6500   R RL =   4.1653   VSOR =   0.0000
                     V IM =   0.0000   R0IM =   0.0000   A IM =   0.0000   R IM =   0.0000   VSOI =   0.0000   POWR =   0.0000
 NX=2 SURFACE W-S    V RL =   0.0000   R0RL =   0.0000   A RL =   0.0000   R RL =   0.0000   VSOR =   0.0000
                     V IM =  25.3800   R0IM =   1.2500   A IM =   0.4700   R IM =   4.1653   VSOI =   0.0000   POWR =   0.0000
 NX=4 L*S VOLUME     V RL = -30.0000   R0RL =   1.2500   A RL =   0.4700   R RL =   4.1653   VSOR =   0.0000
                     V IM =   0.0000   R0IM =   0.0000   A IM =   0.0000   R IM =   0.0000   VSOI =   0.0000   POWR =   0.0000
136S(d,p)@ 16MeV    645 keV  1p3/2 bound QP                     0/ 0/ 0
0FORM FACTOR DATA 
0PARTICLE 3*******************************************************************************************************************
 INPUT DATA          ELAB =  -3.6590   RC0  =   1.3000   AC   =   0.0000   2*STR=   1.0000
                     MASSP=   1.0000   MASST=  36.0000   Q    =  -3.6590
                     ZP   =   0.0000   ZT   =  16.0000   PNLOC=   0.0000
 
 DERIVED DATA        ECM  =  -3.6590   RC   =   4.2925   RHO  =   1.7716
                     K    =   0.4127   ETA  =   0.0000   DR   =   0.1000
0POTENTIAL PARAMETERS
 NX=1 VOLUME  W-S    V RL =  -1.0000   R0RL =   1.2500   A RL =   0.6500   R RL =   4.1274   VSOR =  36.4390
                     V IM =   1.1000   R0IM =   0.6500   A IM =   0.0000   R IM =   2.1463   VSOI =   0.0000   POWR =   0.0000
 
                     NODES=   1.0000   L    =   1.0000   2*J  =   3.0000   2*S  =   1.0000   FISW =   0.0000
 
                     V    =  52.4426   DET  =  -0.0001   NODES=   1.0000   RM   =   5.6500   E    =  -3.6590   ITER.=   4
0                    LMAX =  30        NSTEP= 400        NLTR =   1
 Bdwck4 entered
   Subroutine INTEG  entered
0REACSIG 1   1.41906E+02                                             REACSIG 2   7.71742E+01
   Subroutine RADINT entered
136S(d,p)@ 16MeV    645 keV  1p3/2 bound QP                     0/00/00
0BASIC DATA          DR   =   0.1000   RMIN =   0.0000   RMAX =  40.0000   COUEX=   0.0000     IS1=   1.0000
                     FNRNG=   0.0000   PNLC1=   0.0000   PNLC2=   0.0000   PNLC3=   0.0000     IS2=   0.5000
 ANG MOM TRANSFER    LTR  =   1.       2*JTR=   3.       2*STR=   1.       Q    =   1.4340
   Subroutine INSIG  entered
0 Theta Inelsig,fm**2      Polz       Asy       Ayy       A22       A21       A20       T22       T21       T20  Theta
   0.00    1.0211E+01    0.0000    0.0000   -0.0113    0.0000    0.0000    0.0166    0.0000    0.0000    0.0000   0.00
   1.00    1.0202E+01    0.0047    0.0058   -0.0112   -0.0000    0.0004    0.0165    0.0000    0.0000    0.0000   1.00
   2.00    1.0174E+01    0.0092    0.0115   -0.0109   -0.0002    0.0009    0.0164    0.0000    0.0000    0.0000   2.00
   3.00    1.0124E+01    0.0135    0.0170   -0.0103   -0.0004    0.0013    0.0161    0.0000    0.0000    0.0000   3.00
   4.00    1.0045E+01    0.0175    0.0222   -0.0096   -0.0006    0.0017    0.0157    0.0000    0.0000    0.0000   4.00
   5.00    9.9315E+00    0.0210    0.0270   -0.0087   -0.0010    0.0021    0.0152    0.0000    0.0000    0.0000   5.00
   6.00    9.7762E+00    0.0241    0.0316   -0.0075   -0.0014    0.0024    0.0147    0.0000    0.0000    0.0000   6.00
   7.00    9.5723E+00    0.0268    0.0357   -0.0061   -0.0020    0.0027    0.0140    0.0000    0.0000    0.0000   7.00
   8.00    9.3146E+00    0.0290    0.0395   -0.0045   -0.0026    0.0030    0.0133    0.0000    0.0000    0.0000   8.00
   9.00    8.9997E+00    0.0307    0.0430   -0.0027   -0.0033    0.0032    0.0126    0.0000    0.0000    0.0000   9.00
  10.00    8.6267E+00    0.0321    0.0462   -0.0006   -0.0042    0.0034    0.0117    0.0000    0.0000    0.0000  10.00
  11.00    8.1976E+00    0.0330    0.0493    0.0019   -0.0052    0.0035    0.0107    0.0000    0.0000    0.0000  11.00
  12.00    7.7170E+00    0.0337    0.0521    0.0046   -0.0064    0.0037    0.0096    0.0000    0.0000    0.0000  12.00
  13.00    7.1922E+00    0.0341    0.0550    0.0078   -0.0077    0.0038    0.0084    0.0000    0.0000    0.0000  13.00
  14.00    6.6326E+00    0.0343    0.0579    0.0115   -0.0093    0.0038    0.0071    0.0000    0.0000    0.0000  14.00
  15.00    6.0491E+00    0.0343    0.0609    0.0158   -0.0111    0.0038    0.0055    0.0000    0.0000    0.0000  15.00
  16.00    5.4537E+00    0.0344    0.0642    0.0207   -0.0132    0.0037    0.0037    0.0000    0.0000    0.0000  16.00
  17.00    4.8586E+00    0.0345    0.0681    0.0265   -0.0157    0.0036    0.0016    0.0000    0.0000    0.0000  17.00
  18.00    4.2754E+00    0.0350    0.0726    0.0332   -0.0186    0.0034   -0.0009    0.0000    0.0000    0.0000  18.00
  19.00    3.7152E+00    0.0358    0.0781    0.0411   -0.0219    0.0031   -0.0039    0.0000    0.0000    0.0000  19.00
  20.00    3.1872E+00    0.0375    0.0850    0.0503   -0.0258    0.0027   -0.0074    0.0000    0.0000    0.0000  20.00
  21.00    2.6992E+00    0.0404    0.0939    0.0611   -0.0303    0.0021   -0.0116    0.0000    0.0000    0.0000  21.00
  22.00    2.2570E+00    0.0451    0.1052    0.0737   -0.0356    0.0013   -0.0165    0.0000    0.0000    0.0000  22.00
  23.00    1.8642E+00    0.0524    0.1200    0.0882   -0.0415    0.0002   -0.0224    0.0000    0.0000    0.0000  23.00
  24.00    1.5228E+00    0.0635    0.1392    0.1046   -0.0482   -0.0012   -0.0293    0.0000    0.0000    0.0000  24.00
  25.00    1.2325E+00    0.0797    0.1640    0.1225   -0.0553   -0.0031   -0.0371    0.0000    0.0000    0.0000  25.00
  26.00    9.9193E-01    0.1028    0.1956    0.1411   -0.0625   -0.0055   -0.0458    0.0000    0.0000    0.0000  26.00
  27.00    7.9804E-01    0.1344    0.2345    0.1584   -0.0689   -0.0084   -0.0546    0.0000    0.0000    0.0000  27.00
  28.00    6.4688E-01    0.1755    0.2799    0.1712   -0.0731   -0.0119   -0.0625    0.0000    0.0000    0.0000  28.00
  29.00    5.3378E-01    0.2252    0.3284    0.1750   -0.0732   -0.0157   -0.0677    0.0000    0.0000    0.0000  29.00
  30.00    4.5363E-01    0.2792    0.3736    0.1650   -0.0673   -0.0193   -0.0679    0.0000    0.0000    0.0000  30.00
  31.00    4.0116E-01    0.3299    0.4064    0.1384   -0.0544   -0.0221   -0.0617    0.0000    0.0000    0.0000  31.00
  32.00    3.7117E-01    0.3686    0.4194    0.0967   -0.0357   -0.0235   -0.0488    0.0000    0.0000    0.0000  32.00
  33.00    3.5876E-01    0.3893    0.4100    0.0459   -0.0136   -0.0234   -0.0310    0.0000    0.0000    0.0000  33.00
  34.00    3.5943E-01    0.3914    0.3813   -0.0063    0.0085   -0.0219   -0.0112    0.0000    0.0000    0.0000  34.00
  35.00    3.6919E-01    0.3782    0.3400   -0.0540    0.0281   -0.0196    0.0081    0.0000    0.0000    0.0000  35.00
  36.00    3.8468E-01    0.3549    0.2923   -0.0940    0.0441   -0.0169    0.0254    0.0000    0.0000    0.0000  36.00
  37.00    4.0314E-01    0.3260    0.2431   -0.1254    0.0564   -0.0142    0.0398    0.0000    0.0000    0.0000  37.00
  38.00    4.2240E-01    0.2945    0.1951   -0.1489    0.0652   -0.0116    0.0515    0.0000    0.0000    0.0000  38.00
  39.00    4.4090E-01    0.2626    0.1495   -0.1653    0.0710   -0.0092    0.0605    0.0000    0.0000    0.0000  39.00
  40.00    4.5759E-01    0.2312    0.1069   -0.1759    0.0743   -0.0071    0.0672    0.0000    0.0000    0.0000  40.00
  41.00    4.7186E-01    0.2009    0.0675   -0.1812    0.0755   -0.0052    0.0718    0.0000    0.0000    0.0000  41.00
  42.00    4.8352E-01    0.1721    0.0313   -0.1819    0.0748   -0.0036    0.0746    0.0000    0.0000    0.0000  42.00
  43.00    4.9263E-01    0.1449   -0.0017   -0.1785    0.0724   -0.0022    0.0755    0.0000    0.0000    0.0000  43.00
  44.00    4.9952E-01    0.1195   -0.0312   -0.1710    0.0684   -0.0009    0.0747    0.0000    0.0000    0.0000  44.00
  45.00    5.0462E-01    0.0962   -0.0568   -0.1598    0.0630    0.0001    0.0722    0.0000    0.0000    0.0000  45.00
  46.00    5.0847E-01    0.0752   -0.0783   -0.1450    0.0561    0.0011    0.0681    0.0000    0.0000    0.0000  46.00
  47.00    5.1162E-01    0.0568   -0.0952   -0.1270    0.0480    0.0018    0.0625    0.0000    0.0000    0.0000  47.00
  48.00    5.1460E-01    0.0414   -0.1070   -0.1061    0.0389    0.0025    0.0554    0.0000    0.0000    0.0000  48.00
  49.00    5.1785E-01    0.0291   -0.1135   -0.0829    0.0288    0.0031    0.0471    0.0000    0.0000    0.0000  49.00
  50.00    5.2174E-01    0.0202   -0.1146   -0.0579    0.0182    0.0036    0.0378    0.0000    0.0000    0.0000  50.00
  51.00    5.2653E-01    0.0147   -0.1104   -0.0319    0.0073    0.0040    0.0277    0.0000    0.0000    0.0000  51.00
  52.00    5.3235E-01    0.0125   -0.1010   -0.0055   -0.0036    0.0044    0.0171    0.0000    0.0000    0.0000  52.00
  53.00    5.3922E-01    0.0136   -0.0870    0.0203   -0.0142    0.0047    0.0065    0.0000    0.0000    0.0000  53.00
  54.00    5.4705E-01    0.0175   -0.0691    0.0451   -0.0242    0.0050   -0.0040    0.0000    0.0000    0.0000  54.00
  55.00    5.5565E-01    0.0239   -0.0480    0.0683   -0.0334    0.0053   -0.0141    0.0000    0.0000    0.0000  55.00
  56.00    5.6476E-01    0.0324   -0.0244    0.0894   -0.0418    0.0056   -0.0236    0.0000    0.0000    0.0000  56.00
  57.00    5.7403E-01    0.0424    0.0008    0.1083   -0.0491    0.0059   -0.0323    0.0000    0.0000    0.0000  57.00
  58.00    5.8310E-01    0.0536    0.0270    0.1246   -0.0553    0.0062   -0.0401    0.0000    0.0000    0.0000  58.00
  59.00    5.9157E-01    0.0657    0.0536    0.1385   -0.0605    0.0065   -0.0469    0.0000    0.0000    0.0000  59.00
0Tot-sig   6.4725E+00
1DWUCK4-DISTORTED WAVES U.COLORADO- PC-VERSION  12/Jan /1995
 Elapsed time in seconds =   0.00
 Elapsed time in seconds =   0.00
0CONTROL INTEGERS
  1 2 3 4 5 6 7 8 9 A B C D E F G H I J K    RUN IDENTIFICATION                                             0/00/00   0.00.00
  9 0 0 0 0 0 0 0 0 0 0 0 0 0 0 0 0 0 0 0    END OF DATA for DWUCK4                                      
STOP  End of data
